../Src/MSYSTICK_program.c:22:13:MSYSTICK_stderrorInit	24	static
../Src/MSYSTICK_program.c:49:13:MSYSTICK_stderrorSetBusyWait	24	static
../Src/MSYSTICK_program.c:65:13:MSYSTICK_stderrorSetSingleInterval	24	static
../Src/MSYSTICK_program.c:90:13:MSYSTICK_stderrorSetPeriodiceInterval	24	static
../Src/MSYSTICK_program.c:117:6:MSYSTICK_voidStopTICK	4	static
../Src/MSYSTICK_program.c:126:13:MSYSTICK_voidElepsedTime	24	static
../Src/MSYSTICK_program.c:147:13:MSYSTICK_voidRemainingTime	24	static
../Src/MSYSTICK_program.c:168:6:MSYSTICK_EnableInterrupt	4	static
../Src/MSYSTICK_program.c:178:6:MSYSTICK_DisableInterrupt	4	static
../Src/MSYSTICK_program.c:188:6:MSYSTICK_Delay_Ms	16	static
../Src/MSYSTICK_program.c:197:6:MSYSTICK_Delay_us	16	static
../Src/MSYSTICK_program.c:207:6:SysTick_Handler	8	static
