../Src/MCAN_program.c:32:13:MCAN_stderrorInit	24	static
../Src/MCAN_program.c:115:13:MCAN_stderrorCanStart	16	static
../Src/MCAN_program.c:153:11:MCAN_u8EmptyMailboxNumber	16	static
../Src/MCAN_program.c:190:11:MCAN_u8ReadyMailBox	4	static
../Src/MCAN_program.c:199:13:MCAN_stderrorSend	24	static
../Src/MCAN_program.c:282:13:MCAN_stderrorIsSendMessagePending	24	static
../Src/MCAN_program.c:322:13:MCAN_stderrorFilterInit	24	static
../Src/MCAN_program.c:415:11:MCAN_u8FIFOMailboxNumber	24	static
../Src/MCAN_program.c:448:13:MCAN_stderrorReceive	24	static
../Src/MCAN_program.c:529:13:MCAN_stderrorEnableInterrupt	24	static
../Src/MCAN_program.c:559:13:MCAN_stderrorDiableInterrupt	24	static
../Src/MCAN_program.c:590:6:USB_HP_CAN1_TX_IRQHandler	16	static
../Src/MCAN_program.c:720:6:USB_LP_CAN1_RX0_IRQHandler	16	static
../Src/MCAN_program.c:773:13:MCAN_stderrorSetCallBackMailbox0	24	static
../Src/MCAN_program.c:792:13:MCAN_stderrorSetCallBackMailbox1	24	static
../Src/MCAN_program.c:811:13:MCAN_stderrorSetCallBackMailbox2	24	static
../Src/MCAN_program.c:830:13:MCAN_stderrorSetCallBackTXError	24	static
../Src/MCAN_program.c:849:13:MCAN_stderrorSetCallBackFIFO0	24	static
../Src/MCAN_program.c:868:13:MCAN_stderrorSetCallBackFIFO1	24	static
../Src/MCAN_program.c:887:13:MCAN_stderrorSetCallBackFIFOError	24	static
