../Src/MSYSTICK_program.c:22:13:MSYSTICK_stderrorInit	24	static
../Src/MSYSTICK_program.c:49:13:MSYSTICK_stderrorSetBusyWait	24	static
../Src/MSYSTICK_program.c:65:13:MSYSTICK_stderrorSetSingleInterval	24	static
../Src/MSYSTICK_program.c:90:13:MSYSTICK_stderrorSetPeriodiceInterval	24	static
../Src/MSYSTICK_program.c:117:6:MSYSTICK_voidStopTICK	4	static
../Src/MSYSTICK_program.c:126:5:MSYSTICK_voidElepsedTime	4	static
../Src/MSYSTICK_program.c:135:5:MSYSTICK_voidRemainingTime	4	static
../Src/MSYSTICK_program.c:144:6:MSYSTICK_EnableInterrupt	4	static
../Src/MSYSTICK_program.c:153:6:MSYSTICK_DisableInterrupt	4	static
../Src/MSYSTICK_program.c:163:6:MSYSTICK_Delay_Ms	16	static
../Src/MSYSTICK_program.c:172:6:MSYSTICK_Delay_us	16	static
../Src/MSYSTICK_program.c:182:6:SysTick_Handler	8	static
