Component: ARM Compiler 5.06 update 6 (build 750) Tool: armlink [4d35ed]

==============================================================================

Section Cross References

    hesp_program.o(i.ESP_TimeOutAlarm) refers to msystick_program.o(i.MSYSTICK_voidStopTICK) for MSYSTICK_voidStopTICK
    hesp_program.o(i.ESP_TimeOutAlarm) refers to hesp_program.o(.data) for L_u32TimeOutCounter
    hesp_program.o(i.ESP_errEchoDisable) refers to hesp_program.o(i.HESP_SEND_COMMAND) for HESP_SEND_COMMAND
    hesp_program.o(i.ESP_errEchoEnable) refers to hesp_program.o(i.HESP_SEND_COMMAND) for HESP_SEND_COMMAND
    hesp_program.o(i.HESP_CALLBACK_INIT) refers to muart_program.o(i.MUART_voidSetCallBack) for MUART_voidSetCallBack
    hesp_program.o(i.HESP_INIT) refers to msystick_program.o(i.MSYSTICK_stderrorInit) for MSYSTICK_stderrorInit
    hesp_program.o(i.HESP_INIT) refers to mrcc_program.o(i.RCC_EnablePeripheralClk) for RCC_EnablePeripheralClk
    hesp_program.o(i.HESP_INIT) refers to mgpio_program.o(i.MGPIO_stderrorPinModeSelect) for MGPIO_stderrorPinModeSelect
    hesp_program.o(i.HESP_INIT) refers to hesp_program.o(i.HESP_voidInterruptDisable) for HESP_voidInterruptDisable
    hesp_program.o(i.HESP_INIT) refers to hesp_program.o(i.HESP_RESET) for HESP_RESET
    hesp_program.o(i.HESP_INIT) refers to muart_program.o(i.MUART_voidInit) for MUART_voidInit
    hesp_program.o(i.HESP_RESET) refers to mgpio_program.o(i.MGPIO_stderrorSetPinValue) for MGPIO_stderrorSetPinValue
    hesp_program.o(i.HESP_RESET) refers to msystick_program.o(i.MSYSTICK_stderrorSetBusyWait) for MSYSTICK_stderrorSetBusyWait
    hesp_program.o(i.HESP_SEND_COMMAND) refers to muart_program.o(i.MUART_u16GetData) for MUART_u16GetData
    hesp_program.o(i.HESP_SEND_COMMAND) refers to muart_program.o(i.MUART_voidTransimit) for MUART_voidTransimit
    hesp_program.o(i.HESP_SEND_COMMAND) refers to msystick_program.o(i.MSYSTICK_stderrorSetPeriodiceInterval) for MSYSTICK_stderrorSetPeriodiceInterval
    hesp_program.o(i.HESP_SEND_COMMAND) refers to muart_program.o(i.MUART_u8RXNEFlag) for MUART_u8RXNEFlag
    hesp_program.o(i.HESP_SEND_COMMAND) refers to strncmp.o(.text) for strncmp
    hesp_program.o(i.HESP_SEND_COMMAND) refers to hesp_program.o(.data) for ISTimeOut
    hesp_program.o(i.HESP_SEND_COMMAND) refers to hesp_program.o(i.ESP_TimeOutAlarm) for ESP_TimeOutAlarm
    hesp_program.o(i.HESP_errCheckESP) refers to hesp_program.o(i.HESP_SEND_COMMAND) for HESP_SEND_COMMAND
    hesp_program.o(i.HESP_voidInterruptDisable) refers to mnvic_program.o(i.MNVIC_vDisableIRQ) for MNVIC_vDisableIRQ
    hesp_program.o(i.HESP_voidInterruptDisable) refers to muart_program.o(i.MUART_voidInterruptDisable) for MUART_voidInterruptDisable
    hesp_program.o(i.HESP_voidInterruptEnable) refers to mnvic_program.o(i.MNVIC_vEnableIRQ) for MNVIC_vEnableIRQ
    hesp_program.o(i.HESP_voidInterruptEnable) refers to muart_program.o(i.MUART_voidInterruptEnable) for MUART_voidInterruptEnable
    mrcc_program.o(i.MRCC_stderrorInit) refers to mrcc_program.o(.data) for MRCC_u8PllCk
    mrcc_program.o(i.MRCC_stderrorSetPllClockFreq) refers to mrcc_program.o(.data) for MRCC_u8PllCk
    msystick_program.o(i.MSYSTICK_Delay_Ms) refers to msystick_program.o(i.MSYSTICK_DisableInterrupt) for MSYSTICK_DisableInterrupt
    msystick_program.o(i.MSYSTICK_Delay_Ms) refers to msystick_program.o(i.MSYSTICK_stderrorSetBusyWait) for MSYSTICK_stderrorSetBusyWait
    msystick_program.o(i.MSYSTICK_Delay_us) refers to msystick_program.o(i.MSYSTICK_DisableInterrupt) for MSYSTICK_DisableInterrupt
    msystick_program.o(i.MSYSTICK_Delay_us) refers to msystick_program.o(i.MSYSTICK_stderrorSetBusyWait) for MSYSTICK_stderrorSetBusyWait
    msystick_program.o(i.MSYSTICK_stderrorSetPeriodiceInterval) refers to msystick_program.o(.data) for MSYSTICK_u8SelectISR
    msystick_program.o(i.MSYSTICK_stderrorSetSingleInterval) refers to msystick_program.o(.data) for MSYSTICK_u8SelectISR
    msystick_program.o(i.SysTick_Handler) refers to msystick_program.o(.data) for MSYSTICK_u8SelectISR
    muart_program.o(i.MUART_u16GetData) refers to muart_program.o(i.GetUsartPointer) for GetUsartPointer
    muart_program.o(i.MUART_u8RXNEFlag) refers to muart_program.o(i.GetUsartPointer) for GetUsartPointer
    muart_program.o(i.MUART_u8ReceivePolling) refers to muart_program.o(i.GetUsartPointer) for GetUsartPointer
    muart_program.o(i.MUART_u8ReceivePolling) refers to muart_program.o(i.MUART_u8RXNEFlag) for MUART_u8RXNEFlag
    muart_program.o(i.MUART_u8TCFlag) refers to muart_program.o(i.GetUsartPointer) for GetUsartPointer
    muart_program.o(i.MUART_voidInit) refers to muart_program.o(i.GetUsartPointer) for GetUsartPointer
    muart_program.o(i.MUART_voidInit) refers to dfltui.o(.text) for __aeabi_ui2d
    muart_program.o(i.MUART_voidInit) refers to dmul.o(.text) for __aeabi_dmul
    muart_program.o(i.MUART_voidInit) refers to ddiv.o(.text) for __aeabi_ddiv
    muart_program.o(i.MUART_voidInit) refers to dfixi.o(.text) for __aeabi_d2iz
    muart_program.o(i.MUART_voidInit) refers to dflti.o(.text) for __aeabi_i2d
    muart_program.o(i.MUART_voidInit) refers to dadd.o(.text) for __aeabi_drsub
    muart_program.o(i.MUART_voidInterruptDisable) refers to muart_program.o(i.GetUsartPointer) for GetUsartPointer
    muart_program.o(i.MUART_voidInterruptEnable) refers to muart_program.o(i.GetUsartPointer) for GetUsartPointer
    muart_program.o(i.MUART_voidSetCallBack) refers to muart_program.o(.bss) for MUART_CALLBACK
    muart_program.o(i.MUART_voidTransimit) refers to muart_program.o(i.GetUsartPointer) for GetUsartPointer
    muart_program.o(i.USART1_IRQHandler) refers to muart_program.o(.bss) for MUART_CALLBACK
    muart_program.o(i.USART2_IRQHandler) refers to muart_program.o(.bss) for MUART_CALLBACK
    swifi_program.o(i.CreateMsg) refers to malloc.o(i.malloc) for malloc
    swifi_program.o(i.DeleteMsg) refers to malloc.o(i.free) for free
    swifi_program.o(i.SWIFI_errConfigSoftAP) refers to hesp_program.o(i.HESP_errCheckESP) for HESP_errCheckESP
    swifi_program.o(i.SWIFI_errConfigSoftAP) refers to hesp_program.o(i.HESP_SEND_COMMAND) for HESP_SEND_COMMAND
    swifi_program.o(i.SWIFI_errConfigSoftAP) refers to swifi_program.o(.bss) for WIFI_Buffer
    swifi_program.o(i.SWIFI_errConnectSSID) refers to hesp_program.o(i.HESP_errCheckESP) for HESP_errCheckESP
    swifi_program.o(i.SWIFI_errConnectSSID) refers to hesp_program.o(i.HESP_SEND_COMMAND) for HESP_SEND_COMMAND
    swifi_program.o(i.SWIFI_errConnectSSID) refers to swifi_program.o(.bss) for WIFI_Buffer
    swifi_program.o(i.SWIFI_errConnectTCP) refers to hesp_program.o(i.HESP_errCheckESP) for HESP_errCheckESP
    swifi_program.o(i.SWIFI_errConnectTCP) refers to hesp_program.o(i.HESP_SEND_COMMAND) for HESP_SEND_COMMAND
    swifi_program.o(i.SWIFI_errConnectTCP) refers to swifi_program.o(.bss) for WIFI_Buffer
    swifi_program.o(i.SWIFI_errCreateTCPServer) refers to hesp_program.o(i.HESP_errCheckESP) for HESP_errCheckESP
    swifi_program.o(i.SWIFI_errCreateTCPServer) refers to hesp_program.o(i.HESP_SEND_COMMAND) for HESP_SEND_COMMAND
    swifi_program.o(i.SWIFI_errCreateTCPServer) refers to swifi_program.o(.bss) for WIFI_Buffer
    swifi_program.o(i.SWIFI_errDisconnectSSID) refers to hesp_program.o(i.HESP_errCheckESP) for HESP_errCheckESP
    swifi_program.o(i.SWIFI_errDisconnectSSID) refers to hesp_program.o(i.HESP_SEND_COMMAND) for HESP_SEND_COMMAND
    swifi_program.o(i.SWIFI_errDisconnectSSID) refers to swifi_program.o(.bss) for WIFI_Buffer
    swifi_program.o(i.SWIFI_errGetConnectedSSID) refers to hesp_program.o(i.HESP_errCheckESP) for HESP_errCheckESP
    swifi_program.o(i.SWIFI_errGetConnectedSSID) refers to hesp_program.o(i.HESP_SEND_COMMAND) for HESP_SEND_COMMAND
    swifi_program.o(i.SWIFI_errSendDataTCP) refers to hesp_program.o(i.HESP_errCheckESP) for HESP_errCheckESP
    swifi_program.o(i.SWIFI_errSendDataTCP) refers to hesp_program.o(i.HESP_SEND_COMMAND) for HESP_SEND_COMMAND
    swifi_program.o(i.SWIFI_errSendDataTCP) refers to swifi_program.o(.bss) for WIFI_Buffer
    swifi_program.o(i.SWIFI_errSetCaptureKeys) refers to swifi_program.o(.data) for UserDefinedKeys
    swifi_program.o(i.SWIFI_errStartCommunicationHandler) refers to hesp_program.o(i.HESP_CALLBACK_INIT) for HESP_CALLBACK_INIT
    swifi_program.o(i.SWIFI_errStartCommunicationHandler) refers to hesp_program.o(i.HESP_voidInterruptEnable) for HESP_voidInterruptEnable
    swifi_program.o(i.SWIFI_errStartCommunicationHandler) refers to swifi_program.o(i.SWIFI_voidKeysCapture) for SWIFI_voidKeysCapture
    swifi_program.o(i.SWIFI_errTurnOn) refers to hesp_program.o(i.HESP_errCheckESP) for HESP_errCheckESP
    swifi_program.o(i.SWIFI_errTurnOn) refers to hesp_program.o(i.HESP_SEND_COMMAND) for HESP_SEND_COMMAND
    swifi_program.o(i.SWIFI_errTurnOn) refers to swifi_program.o(.bss) for WIFI_Buffer
    swifi_program.o(i.SWIFI_voidCommunicationHandler) refers to strncmp.o(.text) for strncmp
    swifi_program.o(i.SWIFI_voidCommunicationHandler) refers to swifi_program.o(.data) for UserDefinedKeys
    swifi_program.o(i.SWIFI_voidIPDHandler) refers to hesp_program.o(i.HESP_CALLBACK_INIT) for HESP_CALLBACK_INIT
    swifi_program.o(i.SWIFI_voidIPDHandler) refers to swifi_program.o(i.SWIFI_voidMessageCapture) for SWIFI_voidMessageCapture
    swifi_program.o(i.SWIFI_voidKeysCapture) refers to muart_program.o(i.MUART_u16GetData) for MUART_u16GetData
    swifi_program.o(i.SWIFI_voidKeysCapture) refers to strncmp.o(.text) for strncmp
    swifi_program.o(i.SWIFI_voidKeysCapture) refers to swifi_program.o(.bss) for WIFI_Buffer
    swifi_program.o(i.SWIFI_voidKeysCapture) refers to swifi_program.o(.data) for L_u8Buffer_Count
    swifi_program.o(i.SWIFI_voidMessageCapture) refers to muart_program.o(i.MUART_u16GetData) for MUART_u16GetData
    swifi_program.o(i.SWIFI_voidMessageCapture) refers to hesp_program.o(i.HESP_CALLBACK_INIT) for HESP_CALLBACK_INIT
    swifi_program.o(i.SWIFI_voidMessageCapture) refers to swifi_program.o(i.SWIFI_voidCommunicationHandler) for SWIFI_voidCommunicationHandler
    swifi_program.o(i.SWIFI_voidMessageCapture) refers to swifi_program.o(i.CreateMsg) for CreateMsg
    swifi_program.o(i.SWIFI_voidMessageCapture) refers to swifi_program.o(.bss) for WIFI_Buffer
    swifi_program.o(i.SWIFI_voidMessageCapture) refers to swifi_program.o(.data) for L_u8Buffer_Count
    swifi_program.o(i.SWIFI_voidMessageCapture) refers to swifi_program.o(i.SWIFI_voidKeysCapture) for SWIFI_voidKeysCapture
    swifi_program.o(.data) refers to swifi_program.o(.conststring) for .conststring
    swifi_program.o(.data) refers to swifi_program.o(i.Connected) for Connected
    swifi_program.o(.data) refers to swifi_program.o(i.SWIFI_voidIPDHandler) for SWIFI_voidIPDHandler
    mnvic_program.o(i.MNVIC_vSetPriorityConfig) refers to mnvic_program.o(.data) for PriorityConfig
    mnvic_program.o(i.MNVIC_vSetPriorityIRQ) refers to mnvic_program.o(.data) for PriorityConfig
    main.o(i.app_init) refers to mrcc_program.o(i.RCC_EnablePeripheralClk) for RCC_EnablePeripheralClk
    main.o(i.app_init) refers to mgpio_program.o(i.MGPIO_stderrorPinModeSelect) for MGPIO_stderrorPinModeSelect
    main.o(i.app_init) refers to hesp_program.o(i.HESP_INIT) for HESP_INIT
    main.o(i.main) refers to main.o(i.app_init) for app_init
    main.o(i.main) refers to swifi_program.o(i.SWIFI_errSetCaptureKeys) for SWIFI_errSetCaptureKeys
    main.o(i.main) refers to swifi_program.o(i.SWIFI_errTurnOn) for SWIFI_errTurnOn
    main.o(i.main) refers to swifi_program.o(i.SWIFI_errConfigSoftAP) for SWIFI_errConfigSoftAP
    main.o(i.main) refers to swifi_program.o(i.SWIFI_errConnectSSID) for SWIFI_errConnectSSID
    main.o(i.main) refers to swifi_program.o(i.SWIFI_errGetConnectedSSID) for SWIFI_errGetConnectedSSID
    main.o(i.main) refers to swifi_program.o(i.SWIFI_errCreateTCPServer) for SWIFI_errCreateTCPServer
    main.o(i.main) refers to swifi_program.o(i.SWIFI_errStartCommunicationHandler) for SWIFI_errStartCommunicationHandler
    main.o(i.main) refers to main.o(.data) for mytestkeys
    main.o(i.main) refers to main.o(.bss) for Response_Buffer
    main.o(.data) refers to main.o(i.test) for test
    main.o(.data) refers to main.o(.conststring) for .conststring
    startup_stm32f10x_ld.o(RESET) refers to startup_stm32f10x_ld.o(STACK) for __initial_sp
    startup_stm32f10x_ld.o(RESET) refers to startup_stm32f10x_ld.o(.text) for Reset_Handler
    startup_stm32f10x_ld.o(RESET) refers to msystick_program.o(i.SysTick_Handler) for SysTick_Handler
    startup_stm32f10x_ld.o(RESET) refers to muart_program.o(i.USART1_IRQHandler) for USART1_IRQHandler
    startup_stm32f10x_ld.o(RESET) refers to muart_program.o(i.USART2_IRQHandler) for USART2_IRQHandler
    startup_stm32f10x_ld.o(.text) refers to system_stm32f10x.o(i.SystemInit) for SystemInit
    startup_stm32f10x_ld.o(.text) refers to entry.o(.ARM.Collect$$$$00000000) for __main
    system_stm32f10x.o(i.SetSysClock) refers to system_stm32f10x.o(i.SetSysClockTo72) for SetSysClockTo72
    system_stm32f10x.o(i.SystemCoreClockUpdate) refers to system_stm32f10x.o(.data) for SystemCoreClock
    system_stm32f10x.o(i.SystemInit) refers to system_stm32f10x.o(i.SetSysClock) for SetSysClock
    entry.o(.ARM.Collect$$$$00000000) refers (Special) to entry10a.o(.ARM.Collect$$$$0000000D) for __rt_final_cpp
    entry.o(.ARM.Collect$$$$00000000) refers (Special) to entry11a.o(.ARM.Collect$$$$0000000F) for __rt_final_exit
    entry.o(.ARM.Collect$$$$00000000) refers (Special) to entry7b.o(.ARM.Collect$$$$00000008) for _main_clock
    entry.o(.ARM.Collect$$$$00000000) refers (Special) to entry8b.o(.ARM.Collect$$$$0000000A) for _main_cpp_init
    entry.o(.ARM.Collect$$$$00000000) refers (Special) to entry9a.o(.ARM.Collect$$$$0000000B) for _main_init
    entry.o(.ARM.Collect$$$$00000000) refers (Special) to entry5.o(.ARM.Collect$$$$00000004) for _main_scatterload
    entry.o(.ARM.Collect$$$$00000000) refers (Special) to entry2.o(.ARM.Collect$$$$00000001) for _main_stk
    malloc.o(i.free) refers to mvars.o(.data) for __microlib_freelist
    malloc.o(i.malloc) refers to mvars.o(.data) for __microlib_freelist_initialised
    malloc.o(i.malloc) refers to mvars.o(.data) for __microlib_freelist
    malloc.o(i.malloc) refers to startup_stm32f10x_ld.o(HEAP) for __heap_base
    mallocr.o(i.__free$realloc) refers to mvars.o(.data) for __microlib_freelist
    mallocr.o(i.__malloc$realloc) refers to mallocr.o(i.internal_alloc) for internal_alloc
    mallocr.o(i.__malloc$realloc) refers to mvars.o(.data) for __microlib_freelist_initialised
    mallocr.o(i.__malloc$realloc) refers to startup_stm32f10x_ld.o(HEAP) for __heap_base
    mallocr.o(i.__malloc$realloc) refers to mvars.o(.data) for __microlib_freelist
    mallocr.o(i.internal_alloc) refers to memcpya.o(.text) for __aeabi_memcpy
    mallocr.o(i.internal_alloc) refers to mvars.o(.data) for __microlib_freelist
    mallocr.o(i.realloc) refers to mallocr.o(i.__free$realloc) for __free$realloc
    mallocr.o(i.realloc) refers to mallocr.o(i.internal_alloc) for internal_alloc
    mallocr.o(i.realloc) refers to mallocr.o(i.__malloc$realloc) for __malloc$realloc
    mallocr.o(i.realloc) refers to mvars.o(.data) for __microlib_freelist
    malloca.o(i.__aligned_malloc) refers to mvars.o(.data) for __microlib_freelist_initialised
    malloca.o(i.__aligned_malloc) refers to mvars.o(.data) for __microlib_freelist
    malloca.o(i.__aligned_malloc) refers to startup_stm32f10x_ld.o(HEAP) for __heap_base
    malloca.o(i.__free$memalign) refers to mvars.o(.data) for __microlib_freelist
    malloca.o(i.__malloc$memalign) refers to malloca.o(i.__aligned_malloc) for __aligned_malloc
    mallocra.o(i.__aligned_malloc$realloc) refers to mallocra.o(i.internal_alloc) for internal_alloc
    mallocra.o(i.__aligned_malloc$realloc) refers to mvars.o(.data) for __microlib_freelist_initialised
    mallocra.o(i.__aligned_malloc$realloc) refers to startup_stm32f10x_ld.o(HEAP) for __heap_base
    mallocra.o(i.__aligned_malloc$realloc) refers to mvars.o(.data) for __microlib_freelist
    mallocra.o(i.__free$realloc$memalign) refers to mvars.o(.data) for __microlib_freelist
    mallocra.o(i.__malloc$realloc$memalign) refers to mallocra.o(i.__aligned_malloc$realloc) for __aligned_malloc$realloc
    mallocra.o(i.__realloc$memalign) refers to mallocra.o(i.__free$realloc$memalign) for __free$realloc$memalign
    mallocra.o(i.__realloc$memalign) refers to mallocra.o(i.internal_alloc) for internal_alloc
    mallocra.o(i.__realloc$memalign) refers to mallocra.o(i.__malloc$realloc$memalign) for __malloc$realloc$memalign
    mallocra.o(i.__realloc$memalign) refers to mvars.o(.data) for __microlib_freelist
    mallocra.o(i.internal_alloc) refers to memcpya.o(.text) for __aeabi_memcpy
    mallocra.o(i.internal_alloc) refers to mvars.o(.data) for __microlib_freelist
    dadd.o(.text) refers (Special) to iusefp.o(.text) for __I$use$fp
    dadd.o(.text) refers to llshl.o(.text) for __aeabi_llsl
    dadd.o(.text) refers to llsshr.o(.text) for __aeabi_lasr
    dadd.o(.text) refers to depilogue.o(.text) for _double_epilogue
    dmul.o(.text) refers (Special) to iusefp.o(.text) for __I$use$fp
    dmul.o(.text) refers to depilogue.o(.text) for _double_epilogue
    ddiv.o(.text) refers (Special) to iusefp.o(.text) for __I$use$fp
    ddiv.o(.text) refers to depilogue.o(.text) for _double_round
    dflti.o(.text) refers (Special) to iusefp.o(.text) for __I$use$fp
    dflti.o(.text) refers to depilogue.o(.text) for _double_epilogue
    dfltui.o(.text) refers (Special) to iusefp.o(.text) for __I$use$fp
    dfltui.o(.text) refers to depilogue.o(.text) for _double_epilogue
    dfixi.o(.text) refers (Special) to iusefp.o(.text) for __I$use$fp
    dfixi.o(.text) refers to llushr.o(.text) for __aeabi_llsr
    entry2.o(.ARM.Collect$$$$00000001) refers to entry2.o(.ARM.Collect$$$$00002712) for __lit__00000000
    entry2.o(.ARM.Collect$$$$00002712) refers to startup_stm32f10x_ld.o(STACK) for __initial_sp
    entry2.o(__vectab_stack_and_reset_area) refers to startup_stm32f10x_ld.o(STACK) for __initial_sp
    entry2.o(__vectab_stack_and_reset_area) refers to entry.o(.ARM.Collect$$$$00000000) for __main
    entry5.o(.ARM.Collect$$$$00000004) refers to init.o(.text) for __scatterload
    entry9a.o(.ARM.Collect$$$$0000000B) refers to main.o(i.main) for main
    entry9b.o(.ARM.Collect$$$$0000000C) refers to main.o(i.main) for main
    depilogue.o(.text) refers to llshl.o(.text) for __aeabi_llsl
    depilogue.o(.text) refers to llushr.o(.text) for __aeabi_llsr
    init.o(.text) refers to entry5.o(.ARM.Collect$$$$00000004) for __main_after_scatterload


==============================================================================

Removing Unused input sections from the image.

    Removing hesp_program.o(i.ESP_errEchoDisable), (24 bytes).
    Removing hesp_program.o(i.ESP_errEchoEnable), (24 bytes).
    Removing mgpio_program.o(i.MGPIO_stderrorGetPinValue), (128 bytes).
    Removing mgpio_program.o(i.MGPIO_stderrorSetPinPull_Up_Down), (200 bytes).
    Removing mgpio_program.o(i.MGPIO_stderrorSetPinValueBSSR), (268 bytes).
    Removing mrcc_program.o(i.MRCC_stderrorInit), (556 bytes).
    Removing mrcc_program.o(i.MRCC_stderrorSetPllClockFreq), (108 bytes).
    Removing mrcc_program.o(i.RCC_DisablePeripheralClk), (84 bytes).
    Removing mrcc_program.o(.data), (1 bytes).
    Removing msystick_program.o(i.MSYSTICK_Delay_Ms), (22 bytes).
    Removing msystick_program.o(i.MSYSTICK_Delay_us), (16 bytes).
    Removing msystick_program.o(i.MSYSTICK_DisableInterrupt), (18 bytes).
    Removing msystick_program.o(i.MSYSTICK_EnableInterrupt), (18 bytes).
    Removing msystick_program.o(i.MSYSTICK_stderrorSetSingleInterval), (52 bytes).
    Removing msystick_program.o(i.MSYSTICK_voidElepsedTime), (28 bytes).
    Removing msystick_program.o(i.MSYSTICK_voidRemainingTime), (20 bytes).
    Removing muart_program.o(i.MUART_u8ReceivePolling), (36 bytes).
    Removing muart_program.o(i.MUART_u8TCFlag), (26 bytes).
    Removing swifi_program.o(i.DeleteMsg), (20 bytes).
    Removing swifi_program.o(i.SWIFI_errConnectTCP), (148 bytes).
    Removing swifi_program.o(i.SWIFI_errDisconnectSSID), (52 bytes).
    Removing swifi_program.o(i.SWIFI_errSendDataTCP), (140 bytes).
    Removing mnvic_program.o(i.MNVIC_u8GetPendingIRQ), (48 bytes).
    Removing mnvic_program.o(i.MNVIC_vClearPendingIRQ), (60 bytes).
    Removing mnvic_program.o(i.MNVIC_vSetPendingIRQ), (60 bytes).
    Removing mnvic_program.o(i.MNVIC_vSetPriorityConfig), (28 bytes).
    Removing mnvic_program.o(i.MNVIC_vSetPriorityIRQ), (152 bytes).
    Removing mnvic_program.o(.data), (1 bytes).
    Removing system_stm32f10x.o(.rev16_text), (4 bytes).
    Removing system_stm32f10x.o(.revsh_text), (4 bytes).
    Removing system_stm32f10x.o(.rrx_text), (6 bytes).
    Removing system_stm32f10x.o(i.SystemCoreClockUpdate), (164 bytes).
    Removing system_stm32f10x.o(.data), (20 bytes).

33 unused section(s) (total 2536 bytes) removed from the image.

==============================================================================

Image Symbol Table

    Local Symbols

    Symbol Name                              Value     Ov Type        Size  Object(Section)

    ../clib/microlib/init/entry.s            0x00000000   Number         0  entry10b.o ABSOLUTE
    ../clib/microlib/init/entry.s            0x00000000   Number         0  entry8b.o ABSOLUTE
    ../clib/microlib/init/entry.s            0x00000000   Number         0  entry5.o ABSOLUTE
    ../clib/microlib/init/entry.s            0x00000000   Number         0  entry8a.o ABSOLUTE
    ../clib/microlib/init/entry.s            0x00000000   Number         0  entry2.o ABSOLUTE
    ../clib/microlib/init/entry.s            0x00000000   Number         0  entry.o ABSOLUTE
    ../clib/microlib/init/entry.s            0x00000000   Number         0  entry7b.o ABSOLUTE
    ../clib/microlib/init/entry.s            0x00000000   Number         0  entry7a.o ABSOLUTE
    ../clib/microlib/init/entry.s            0x00000000   Number         0  entry11b.o ABSOLUTE
    ../clib/microlib/init/entry.s            0x00000000   Number         0  entry11a.o ABSOLUTE
    ../clib/microlib/init/entry.s            0x00000000   Number         0  entry10a.o ABSOLUTE
    ../clib/microlib/init/entry.s            0x00000000   Number         0  entry9b.o ABSOLUTE
    ../clib/microlib/init/entry.s            0x00000000   Number         0  entry9a.o ABSOLUTE
    ../clib/microlib/longlong.c              0x00000000   Number         0  llshl.o ABSOLUTE
    ../clib/microlib/longlong.c              0x00000000   Number         0  llsshr.o ABSOLUTE
    ../clib/microlib/longlong.c              0x00000000   Number         0  llushr.o ABSOLUTE
    ../clib/microlib/malloc/malloc.c         0x00000000   Number         0  malloc.o ABSOLUTE
    ../clib/microlib/malloc/malloc.c         0x00000000   Number         0  mallocr.o ABSOLUTE
    ../clib/microlib/malloc/malloc.c         0x00000000   Number         0  malloca.o ABSOLUTE
    ../clib/microlib/malloc/malloc.c         0x00000000   Number         0  mallocra.o ABSOLUTE
    ../clib/microlib/malloc/mvars.c          0x00000000   Number         0  mvars.o ABSOLUTE
    ../clib/microlib/string/memcpy.c         0x00000000   Number         0  memcpyb.o ABSOLUTE
    ../clib/microlib/string/memcpy.c         0x00000000   Number         0  memcpya.o ABSOLUTE
    ../clib/microlib/string/strncmp.c        0x00000000   Number         0  strncmp.o ABSOLUTE
    ../clib/microlib/stubs.s                 0x00000000   Number         0  iusefp.o ABSOLUTE
    ../fplib/microlib/fpadd.c                0x00000000   Number         0  dadd.o ABSOLUTE
    ../fplib/microlib/fpdiv.c                0x00000000   Number         0  ddiv.o ABSOLUTE
    ../fplib/microlib/fpepilogue.c           0x00000000   Number         0  depilogue.o ABSOLUTE
    ../fplib/microlib/fpfix.c                0x00000000   Number         0  dfixi.o ABSOLUTE
    ../fplib/microlib/fpflt.c                0x00000000   Number         0  dflti.o ABSOLUTE
    ../fplib/microlib/fpflt.c                0x00000000   Number         0  dfltui.o ABSOLUTE
    ../fplib/microlib/fpmul.c                0x00000000   Number         0  dmul.o ABSOLUTE
    RTE\Device\STM32F103C6\startup_stm32f10x_ld.s 0x00000000   Number         0  startup_stm32f10x_ld.o ABSOLUTE
    RTE\Device\STM32F103C6\system_stm32f10x.c 0x00000000   Number         0  system_stm32f10x.o ABSOLUTE
    RTE\\Device\\STM32F103C6\\system_stm32f10x.c 0x00000000   Number         0  system_stm32f10x.o ABSOLUTE
    dc.s                                     0x00000000   Number         0  dc.o ABSOLUTE
    handlers.s                               0x00000000   Number         0  handlers.o ABSOLUTE
    init.s                                   0x00000000   Number         0  init.o ABSOLUTE
    main.c                                   0x00000000   Number         0  main.o ABSOLUTE
    src\HESP_program.c                       0x00000000   Number         0  hesp_program.o ABSOLUTE
    src\MGPIO_program.c                      0x00000000   Number         0  mgpio_program.o ABSOLUTE
    src\MNVIC_program.c                      0x00000000   Number         0  mnvic_program.o ABSOLUTE
    src\MRCC_program.c                       0x00000000   Number         0  mrcc_program.o ABSOLUTE
    src\MSYSTICK_program.c                   0x00000000   Number         0  msystick_program.o ABSOLUTE
    src\MUART_program.c                      0x00000000   Number         0  muart_program.o ABSOLUTE
    src\SWIFI_program.c                      0x00000000   Number         0  swifi_program.o ABSOLUTE
    RESET                                    0x08000000   Section      236  startup_stm32f10x_ld.o(RESET)
    .ARM.Collect$$$$00000000                 0x080000ec   Section        0  entry.o(.ARM.Collect$$$$00000000)
    .ARM.Collect$$$$00000001                 0x080000ec   Section        4  entry2.o(.ARM.Collect$$$$00000001)
    .ARM.Collect$$$$00000004                 0x080000f0   Section        4  entry5.o(.ARM.Collect$$$$00000004)
    .ARM.Collect$$$$00000008                 0x080000f4   Section        0  entry7b.o(.ARM.Collect$$$$00000008)
    .ARM.Collect$$$$0000000A                 0x080000f4   Section        0  entry8b.o(.ARM.Collect$$$$0000000A)
    .ARM.Collect$$$$0000000B                 0x080000f4   Section        8  entry9a.o(.ARM.Collect$$$$0000000B)
    .ARM.Collect$$$$0000000D                 0x080000fc   Section        0  entry10a.o(.ARM.Collect$$$$0000000D)
    .ARM.Collect$$$$0000000F                 0x080000fc   Section        0  entry11a.o(.ARM.Collect$$$$0000000F)
    .ARM.Collect$$$$00002712                 0x080000fc   Section        4  entry2.o(.ARM.Collect$$$$00002712)
    __lit__00000000                          0x080000fc   Data           4  entry2.o(.ARM.Collect$$$$00002712)
    .text                                    0x08000100   Section       36  startup_stm32f10x_ld.o(.text)
    .text                                    0x08000124   Section        0  strncmp.o(.text)
    .text                                    0x08000142   Section        0  dadd.o(.text)
    .text                                    0x08000290   Section        0  dmul.o(.text)
    .text                                    0x08000374   Section        0  ddiv.o(.text)
    .text                                    0x08000452   Section        0  dflti.o(.text)
    .text                                    0x08000474   Section        0  dfltui.o(.text)
    .text                                    0x0800048e   Section        0  dfixi.o(.text)
    .text                                    0x080004cc   Section        0  llshl.o(.text)
    .text                                    0x080004ea   Section        0  llushr.o(.text)
    .text                                    0x0800050a   Section        0  llsshr.o(.text)
    .text                                    0x0800052e   Section        0  iusefp.o(.text)
    .text                                    0x0800052e   Section        0  depilogue.o(.text)
    .text                                    0x080005e8   Section       36  init.o(.text)
    i.Connected                              0x0800060c   Section        0  swifi_program.o(i.Connected)
    i.CreateMsg                              0x0800060e   Section        0  swifi_program.o(i.CreateMsg)
    i.ESP_TimeOutAlarm                       0x08000630   Section        0  hesp_program.o(i.ESP_TimeOutAlarm)
    ESP_TimeOutAlarm                         0x08000631   Thumb Code    38  hesp_program.o(i.ESP_TimeOutAlarm)
    i.GetUsartPointer                        0x08000660   Section        0  muart_program.o(i.GetUsartPointer)
    i.HESP_CALLBACK_INIT                     0x08000694   Section        0  hesp_program.o(i.HESP_CALLBACK_INIT)
    i.HESP_INIT                              0x080006a4   Section        0  hesp_program.o(i.HESP_INIT)
    i.HESP_RESET                             0x080006f8   Section        0  hesp_program.o(i.HESP_RESET)
    i.HESP_SEND_COMMAND                      0x08000724   Section        0  hesp_program.o(i.HESP_SEND_COMMAND)
    i.HESP_errCheckESP                       0x080008e0   Section        0  hesp_program.o(i.HESP_errCheckESP)
    i.HESP_voidInterruptDisable              0x080008f8   Section        0  hesp_program.o(i.HESP_voidInterruptDisable)
    i.HESP_voidInterruptEnable               0x0800090a   Section        0  hesp_program.o(i.HESP_voidInterruptEnable)
    i.MGPIO_stderrorPinModeSelect            0x0800091c   Section        0  mgpio_program.o(i.MGPIO_stderrorPinModeSelect)
    i.MGPIO_stderrorSetPinValue              0x08000b6c   Section        0  mgpio_program.o(i.MGPIO_stderrorSetPinValue)
    i.MNVIC_vDisableIRQ                      0x08000c34   Section        0  mnvic_program.o(i.MNVIC_vDisableIRQ)
    i.MNVIC_vEnableIRQ                       0x08000c70   Section        0  mnvic_program.o(i.MNVIC_vEnableIRQ)
    i.MSYSTICK_stderrorInit                  0x08000cae   Section        0  msystick_program.o(i.MSYSTICK_stderrorInit)
    i.MSYSTICK_stderrorSetBusyWait           0x08000cda   Section        0  msystick_program.o(i.MSYSTICK_stderrorSetBusyWait)
    i.MSYSTICK_stderrorSetPeriodiceInterval  0x08000d08   Section        0  msystick_program.o(i.MSYSTICK_stderrorSetPeriodiceInterval)
    i.MSYSTICK_voidStopTICK                  0x08000d44   Section        0  msystick_program.o(i.MSYSTICK_voidStopTICK)
    i.MUART_u16GetData                       0x08000d56   Section        0  muart_program.o(i.MUART_u16GetData)
    i.MUART_u8RXNEFlag                       0x08000d6e   Section        0  muart_program.o(i.MUART_u8RXNEFlag)
    i.MUART_voidInit                         0x08000d88   Section        0  muart_program.o(i.MUART_voidInit)
    i.MUART_voidInterruptDisable             0x08000e5c   Section        0  muart_program.o(i.MUART_voidInterruptDisable)
    i.MUART_voidInterruptEnable              0x08000e78   Section        0  muart_program.o(i.MUART_voidInterruptEnable)
    i.MUART_voidSetCallBack                  0x08000e9c   Section        0  muart_program.o(i.MUART_voidSetCallBack)
    i.MUART_voidTransimit                    0x08000eac   Section        0  muart_program.o(i.MUART_voidTransimit)
    i.RCC_EnablePeripheralClk                0x08000ecc   Section        0  mrcc_program.o(i.RCC_EnablePeripheralClk)
    i.SWIFI_errConfigSoftAP                  0x08000f20   Section        0  swifi_program.o(i.SWIFI_errConfigSoftAP)
    i.SWIFI_errConnectSSID                   0x08000fd8   Section        0  swifi_program.o(i.SWIFI_errConnectSSID)
    i.SWIFI_errCreateTCPServer               0x08001060   Section        0  swifi_program.o(i.SWIFI_errCreateTCPServer)
    i.SWIFI_errGetConnectedSSID              0x080010d0   Section        0  swifi_program.o(i.SWIFI_errGetConnectedSSID)
    i.SWIFI_errSetCaptureKeys                0x08001108   Section        0  swifi_program.o(i.SWIFI_errSetCaptureKeys)
    i.SWIFI_errStartCommunicationHandler     0x08001124   Section        0  swifi_program.o(i.SWIFI_errStartCommunicationHandler)
    i.SWIFI_errTurnOn                        0x08001138   Section        0  swifi_program.o(i.SWIFI_errTurnOn)
    i.SWIFI_voidCommunicationHandler         0x080011c0   Section        0  swifi_program.o(i.SWIFI_voidCommunicationHandler)
    SWIFI_voidCommunicationHandler           0x080011c1   Thumb Code   102  swifi_program.o(i.SWIFI_voidCommunicationHandler)
    i.SWIFI_voidIPDHandler                   0x08001230   Section        0  swifi_program.o(i.SWIFI_voidIPDHandler)
    SWIFI_voidIPDHandler                     0x08001231   Thumb Code    10  swifi_program.o(i.SWIFI_voidIPDHandler)
    i.SWIFI_voidKeysCapture                  0x08001240   Section        0  swifi_program.o(i.SWIFI_voidKeysCapture)
    SWIFI_voidKeysCapture                    0x08001241   Thumb Code   146  swifi_program.o(i.SWIFI_voidKeysCapture)
    i.SWIFI_voidMessageCapture               0x080012e0   Section        0  swifi_program.o(i.SWIFI_voidMessageCapture)
    SWIFI_voidMessageCapture                 0x080012e1   Thumb Code   226  swifi_program.o(i.SWIFI_voidMessageCapture)
    i.SetSysClock                            0x080013e4   Section        0  system_stm32f10x.o(i.SetSysClock)
    SetSysClock                              0x080013e5   Thumb Code     8  system_stm32f10x.o(i.SetSysClock)
    i.SetSysClockTo72                        0x080013ec   Section        0  system_stm32f10x.o(i.SetSysClockTo72)
    SetSysClockTo72                          0x080013ed   Thumb Code   214  system_stm32f10x.o(i.SetSysClockTo72)
    i.SysTick_Handler                        0x080014cc   Section        0  msystick_program.o(i.SysTick_Handler)
    i.SystemInit                             0x08001508   Section        0  system_stm32f10x.o(i.SystemInit)
    i.USART1_IRQHandler                      0x08001568   Section        0  muart_program.o(i.USART1_IRQHandler)
    i.USART2_IRQHandler                      0x0800157c   Section        0  muart_program.o(i.USART2_IRQHandler)
    i.__scatterload_copy                     0x08001590   Section       14  handlers.o(i.__scatterload_copy)
    i.__scatterload_null                     0x0800159e   Section        2  handlers.o(i.__scatterload_null)
    i.__scatterload_zeroinit                 0x080015a0   Section       14  handlers.o(i.__scatterload_zeroinit)
    i.app_init                               0x080015ae   Section        0  main.o(i.app_init)
    i.main                                   0x080015c8   Section        0  main.o(i.main)
    i.malloc                                 0x08001664   Section        0  malloc.o(i.malloc)
    i.test                                   0x080016d0   Section        0  main.o(i.test)
    .conststring                             0x080016d4   Section       49  swifi_program.o(.conststring)
    .conststring                             0x08001708   Section        5  main.o(.conststring)
    .data                                    0x20000000   Section        8  hesp_program.o(.data)
    .data                                    0x20000008   Section        5  msystick_program.o(.data)
    MSYSTICK_pvoidfUserFunctionSysTick       0x20000008   Data           4  msystick_program.o(.data)
    MSYSTICK_u8SelectISR                     0x2000000c   Data           1  msystick_program.o(.data)
    .data                                    0x20000010   Section       77  swifi_program.o(.data)
    L_u8Buffer_Count                         0x20000051   Data           1  swifi_program.o(.data)
    L_u8Buffer_Count                         0x20000052   Data           1  swifi_program.o(.data)
    L_u8IsRecLength                          0x20000053   Data           1  swifi_program.o(.data)
    L_u8IsRecData                            0x20000054   Data           1  swifi_program.o(.data)
    L_u8Data_size                            0x20000055   Data           1  swifi_program.o(.data)
    MSG                                      0x20000058   Data           4  swifi_program.o(.data)
    L_u8MSG_Counter                          0x2000005c   Data           1  swifi_program.o(.data)
    .data                                    0x20000060   Section       16  main.o(.data)
    .data                                    0x20000070   Section        4  mvars.o(.data)
    .data                                    0x20000074   Section        4  mvars.o(.data)
    .bss                                     0x20000078   Section       12  muart_program.o(.bss)
    .bss                                     0x20000084   Section       50  swifi_program.o(.bss)
    .bss                                     0x200000b6   Section       50  main.o(.bss)
    HEAP                                     0x200000e8   Section      512  startup_stm32f10x_ld.o(HEAP)
    STACK                                    0x200002e8   Section     1024  startup_stm32f10x_ld.o(STACK)

    Global Symbols

    Symbol Name                              Value     Ov Type        Size  Object(Section)

    BuildAttributes$$THM_ISAv4$P$D$K$B$S$PE$A:L22UL41UL21$X:L11$S22US41US21$IEEE1$IW$USESV6$~STKCKD$USESV7$~SHL$OSPACE$ROPI$EBA8$MICROLIB$REQ8$PRES8$EABIv2 0x00000000   Number         0  anon$$obj.o ABSOLUTE
    __ARM_use_no_argv                        0x00000000   Number         0  main.o ABSOLUTE
    __cpp_initialize__aeabi_                  - Undefined Weak Reference
    __cxa_finalize                            - Undefined Weak Reference
    __decompress                              - Undefined Weak Reference
    _clock_init                               - Undefined Weak Reference
    _microlib_exit                            - Undefined Weak Reference
    __Vectors_Size                           0x000000ec   Number         0  startup_stm32f10x_ld.o ABSOLUTE
    __Vectors                                0x08000000   Data           4  startup_stm32f10x_ld.o(RESET)
    __Vectors_End                            0x080000ec   Data           0  startup_stm32f10x_ld.o(RESET)
    __main                                   0x080000ed   Thumb Code     0  entry.o(.ARM.Collect$$$$00000000)
    _main_stk                                0x080000ed   Thumb Code     0  entry2.o(.ARM.Collect$$$$00000001)
    _main_scatterload                        0x080000f1   Thumb Code     0  entry5.o(.ARM.Collect$$$$00000004)
    __main_after_scatterload                 0x080000f5   Thumb Code     0  entry5.o(.ARM.Collect$$$$00000004)
    _main_clock                              0x080000f5   Thumb Code     0  entry7b.o(.ARM.Collect$$$$00000008)
    _main_cpp_init                           0x080000f5   Thumb Code     0  entry8b.o(.ARM.Collect$$$$0000000A)
    _main_init                               0x080000f5   Thumb Code     0  entry9a.o(.ARM.Collect$$$$0000000B)
    __rt_final_cpp                           0x080000fd   Thumb Code     0  entry10a.o(.ARM.Collect$$$$0000000D)
    __rt_final_exit                          0x080000fd   Thumb Code     0  entry11a.o(.ARM.Collect$$$$0000000F)
    Reset_Handler                            0x08000101   Thumb Code     8  startup_stm32f10x_ld.o(.text)
    NMI_Handler                              0x08000109   Thumb Code     2  startup_stm32f10x_ld.o(.text)
    HardFault_Handler                        0x0800010b   Thumb Code     2  startup_stm32f10x_ld.o(.text)
    MemManage_Handler                        0x0800010d   Thumb Code     2  startup_stm32f10x_ld.o(.text)
    BusFault_Handler                         0x0800010f   Thumb Code     2  startup_stm32f10x_ld.o(.text)
    UsageFault_Handler                       0x08000111   Thumb Code     2  startup_stm32f10x_ld.o(.text)
    SVC_Handler                              0x08000113   Thumb Code     2  startup_stm32f10x_ld.o(.text)
    DebugMon_Handler                         0x08000115   Thumb Code     2  startup_stm32f10x_ld.o(.text)
    PendSV_Handler                           0x08000117   Thumb Code     2  startup_stm32f10x_ld.o(.text)
    ADC1_2_IRQHandler                        0x0800011b   Thumb Code     0  startup_stm32f10x_ld.o(.text)
    CAN1_RX1_IRQHandler                      0x0800011b   Thumb Code     0  startup_stm32f10x_ld.o(.text)
    CAN1_SCE_IRQHandler                      0x0800011b   Thumb Code     0  startup_stm32f10x_ld.o(.text)
    DMA1_Channel1_IRQHandler                 0x0800011b   Thumb Code     0  startup_stm32f10x_ld.o(.text)
    DMA1_Channel2_IRQHandler                 0x0800011b   Thumb Code     0  startup_stm32f10x_ld.o(.text)
    DMA1_Channel3_IRQHandler                 0x0800011b   Thumb Code     0  startup_stm32f10x_ld.o(.text)
    DMA1_Channel4_IRQHandler                 0x0800011b   Thumb Code     0  startup_stm32f10x_ld.o(.text)
    DMA1_Channel5_IRQHandler                 0x0800011b   Thumb Code     0  startup_stm32f10x_ld.o(.text)
    DMA1_Channel6_IRQHandler                 0x0800011b   Thumb Code     0  startup_stm32f10x_ld.o(.text)
    DMA1_Channel7_IRQHandler                 0x0800011b   Thumb Code     0  startup_stm32f10x_ld.o(.text)
    EXTI0_IRQHandler                         0x0800011b   Thumb Code     0  startup_stm32f10x_ld.o(.text)
    EXTI15_10_IRQHandler                     0x0800011b   Thumb Code     0  startup_stm32f10x_ld.o(.text)
    EXTI1_IRQHandler                         0x0800011b   Thumb Code     0  startup_stm32f10x_ld.o(.text)
    EXTI2_IRQHandler                         0x0800011b   Thumb Code     0  startup_stm32f10x_ld.o(.text)
    EXTI3_IRQHandler                         0x0800011b   Thumb Code     0  startup_stm32f10x_ld.o(.text)
    EXTI4_IRQHandler                         0x0800011b   Thumb Code     0  startup_stm32f10x_ld.o(.text)
    EXTI9_5_IRQHandler                       0x0800011b   Thumb Code     0  startup_stm32f10x_ld.o(.text)
    FLASH_IRQHandler                         0x0800011b   Thumb Code     0  startup_stm32f10x_ld.o(.text)
    I2C1_ER_IRQHandler                       0x0800011b   Thumb Code     0  startup_stm32f10x_ld.o(.text)
    I2C1_EV_IRQHandler                       0x0800011b   Thumb Code     0  startup_stm32f10x_ld.o(.text)
    PVD_IRQHandler                           0x0800011b   Thumb Code     0  startup_stm32f10x_ld.o(.text)
    RCC_IRQHandler                           0x0800011b   Thumb Code     0  startup_stm32f10x_ld.o(.text)
    RTCAlarm_IRQHandler                      0x0800011b   Thumb Code     0  startup_stm32f10x_ld.o(.text)
    RTC_IRQHandler                           0x0800011b   Thumb Code     0  startup_stm32f10x_ld.o(.text)
    SPI1_IRQHandler                          0x0800011b   Thumb Code     0  startup_stm32f10x_ld.o(.text)
    TAMPER_IRQHandler                        0x0800011b   Thumb Code     0  startup_stm32f10x_ld.o(.text)
    TIM1_BRK_IRQHandler                      0x0800011b   Thumb Code     0  startup_stm32f10x_ld.o(.text)
    TIM1_CC_IRQHandler                       0x0800011b   Thumb Code     0  startup_stm32f10x_ld.o(.text)
    TIM1_TRG_COM_IRQHandler                  0x0800011b   Thumb Code     0  startup_stm32f10x_ld.o(.text)
    TIM1_UP_IRQHandler                       0x0800011b   Thumb Code     0  startup_stm32f10x_ld.o(.text)
    TIM2_IRQHandler                          0x0800011b   Thumb Code     0  startup_stm32f10x_ld.o(.text)
    TIM3_IRQHandler                          0x0800011b   Thumb Code     0  startup_stm32f10x_ld.o(.text)
    USBWakeUp_IRQHandler                     0x0800011b   Thumb Code     0  startup_stm32f10x_ld.o(.text)
    USB_HP_CAN1_TX_IRQHandler                0x0800011b   Thumb Code     0  startup_stm32f10x_ld.o(.text)
    USB_LP_CAN1_RX0_IRQHandler               0x0800011b   Thumb Code     0  startup_stm32f10x_ld.o(.text)
    WWDG_IRQHandler                          0x0800011b   Thumb Code     0  startup_stm32f10x_ld.o(.text)
    strncmp                                  0x08000125   Thumb Code    30  strncmp.o(.text)
    __aeabi_dadd                             0x08000143   Thumb Code   322  dadd.o(.text)
    __aeabi_dsub                             0x08000285   Thumb Code     6  dadd.o(.text)
    __aeabi_drsub                            0x0800028b   Thumb Code     6  dadd.o(.text)
    __aeabi_dmul                             0x08000291   Thumb Code   228  dmul.o(.text)
    __aeabi_ddiv                             0x08000375   Thumb Code   222  ddiv.o(.text)
    __aeabi_i2d                              0x08000453   Thumb Code    34  dflti.o(.text)
    __aeabi_ui2d                             0x08000475   Thumb Code    26  dfltui.o(.text)
    __aeabi_d2iz                             0x0800048f   Thumb Code    62  dfixi.o(.text)
    __aeabi_llsl                             0x080004cd   Thumb Code    30  llshl.o(.text)
    _ll_shift_l                              0x080004cd   Thumb Code     0  llshl.o(.text)
    __aeabi_llsr                             0x080004eb   Thumb Code    32  llushr.o(.text)
    _ll_ushift_r                             0x080004eb   Thumb Code     0  llushr.o(.text)
    __aeabi_lasr                             0x0800050b   Thumb Code    36  llsshr.o(.text)
    _ll_sshift_r                             0x0800050b   Thumb Code     0  llsshr.o(.text)
    __I$use$fp                               0x0800052f   Thumb Code     0  iusefp.o(.text)
    _double_round                            0x0800052f   Thumb Code    30  depilogue.o(.text)
    _double_epilogue                         0x0800054d   Thumb Code   156  depilogue.o(.text)
    __scatterload                            0x080005e9   Thumb Code    28  init.o(.text)
    __scatterload_rt2                        0x080005e9   Thumb Code     0  init.o(.text)
    Connected                                0x0800060d   Thumb Code     2  swifi_program.o(i.Connected)
    CreateMsg                                0x0800060f   Thumb Code    32  swifi_program.o(i.CreateMsg)
    GetUsartPointer                          0x08000661   Thumb Code    38  muart_program.o(i.GetUsartPointer)
    HESP_CALLBACK_INIT                       0x08000695   Thumb Code    16  hesp_program.o(i.HESP_CALLBACK_INIT)
    HESP_INIT                                0x080006a5   Thumb Code    82  hesp_program.o(i.HESP_INIT)
    HESP_RESET                               0x080006f9   Thumb Code    36  hesp_program.o(i.HESP_RESET)
    HESP_SEND_COMMAND                        0x08000725   Thumb Code   386  hesp_program.o(i.HESP_SEND_COMMAND)
    HESP_errCheckESP                         0x080008e1   Thumb Code    14  hesp_program.o(i.HESP_errCheckESP)
    HESP_voidInterruptDisable                0x080008f9   Thumb Code    18  hesp_program.o(i.HESP_voidInterruptDisable)
    HESP_voidInterruptEnable                 0x0800090b   Thumb Code    18  hesp_program.o(i.HESP_voidInterruptEnable)
    MGPIO_stderrorPinModeSelect              0x0800091d   Thumb Code   586  mgpio_program.o(i.MGPIO_stderrorPinModeSelect)
    MGPIO_stderrorSetPinValue                0x08000b6d   Thumb Code   194  mgpio_program.o(i.MGPIO_stderrorSetPinValue)
    MNVIC_vDisableIRQ                        0x08000c35   Thumb Code    54  mnvic_program.o(i.MNVIC_vDisableIRQ)
    MNVIC_vEnableIRQ                         0x08000c71   Thumb Code    62  mnvic_program.o(i.MNVIC_vEnableIRQ)
    MSYSTICK_stderrorInit                    0x08000caf   Thumb Code    44  msystick_program.o(i.MSYSTICK_stderrorInit)
    MSYSTICK_stderrorSetBusyWait             0x08000cdb   Thumb Code    46  msystick_program.o(i.MSYSTICK_stderrorSetBusyWait)
    MSYSTICK_stderrorSetPeriodiceInterval    0x08000d09   Thumb Code    50  msystick_program.o(i.MSYSTICK_stderrorSetPeriodiceInterval)
    MSYSTICK_voidStopTICK                    0x08000d45   Thumb Code    18  msystick_program.o(i.MSYSTICK_voidStopTICK)
    MUART_u16GetData                         0x08000d57   Thumb Code    24  muart_program.o(i.MUART_u16GetData)
    MUART_u8RXNEFlag                         0x08000d6f   Thumb Code    26  muart_program.o(i.MUART_u8RXNEFlag)
    MUART_voidInit                           0x08000d89   Thumb Code   202  muart_program.o(i.MUART_voidInit)
    MUART_voidInterruptDisable               0x08000e5d   Thumb Code    28  muart_program.o(i.MUART_voidInterruptDisable)
    MUART_voidInterruptEnable                0x08000e79   Thumb Code    36  muart_program.o(i.MUART_voidInterruptEnable)
    MUART_voidSetCallBack                    0x08000e9d   Thumb Code    12  muart_program.o(i.MUART_voidSetCallBack)
    MUART_voidTransimit                      0x08000ead   Thumb Code    32  muart_program.o(i.MUART_voidTransimit)
    RCC_EnablePeripheralClk                  0x08000ecd   Thumb Code    80  mrcc_program.o(i.RCC_EnablePeripheralClk)
    SWIFI_errConfigSoftAP                    0x08000f21   Thumb Code   150  swifi_program.o(i.SWIFI_errConfigSoftAP)
    SWIFI_errConnectSSID                     0x08000fd9   Thumb Code   108  swifi_program.o(i.SWIFI_errConnectSSID)
    SWIFI_errCreateTCPServer                 0x08001061   Thumb Code    70  swifi_program.o(i.SWIFI_errCreateTCPServer)
    SWIFI_errGetConnectedSSID                0x080010d1   Thumb Code    44  swifi_program.o(i.SWIFI_errGetConnectedSSID)
    SWIFI_errSetCaptureKeys                  0x08001109   Thumb Code    20  swifi_program.o(i.SWIFI_errSetCaptureKeys)
    SWIFI_errStartCommunicationHandler       0x08001125   Thumb Code    14  swifi_program.o(i.SWIFI_errStartCommunicationHandler)
    SWIFI_errTurnOn                          0x08001139   Thumb Code    84  swifi_program.o(i.SWIFI_errTurnOn)
    SysTick_Handler                          0x080014cd   Thumb Code    52  msystick_program.o(i.SysTick_Handler)
    SystemInit                               0x08001509   Thumb Code    78  system_stm32f10x.o(i.SystemInit)
    USART1_IRQHandler                        0x08001569   Thumb Code    16  muart_program.o(i.USART1_IRQHandler)
    USART2_IRQHandler                        0x0800157d   Thumb Code    16  muart_program.o(i.USART2_IRQHandler)
    __scatterload_copy                       0x08001591   Thumb Code    14  handlers.o(i.__scatterload_copy)
    __scatterload_null                       0x0800159f   Thumb Code     2  handlers.o(i.__scatterload_null)
    __scatterload_zeroinit                   0x080015a1   Thumb Code    14  handlers.o(i.__scatterload_zeroinit)
    app_init                                 0x080015af   Thumb Code    26  main.o(i.app_init)
    main                                     0x080015c9   Thumb Code    78  main.o(i.main)
    malloc                                   0x08001665   Thumb Code    92  malloc.o(i.malloc)
    test                                     0x080016d1   Thumb Code     2  main.o(i.test)
    Region$$Table$$Base                      0x08001710   Number         0  anon$$obj.o(Region$$Table)
    Region$$Table$$Limit                     0x08001730   Number         0  anon$$obj.o(Region$$Table)
    ISTimeOut                                0x20000000   Data           1  hesp_program.o(.data)
    L_u32TimeOutCounter                      0x20000004   Data           4  hesp_program.o(.data)
    SystemCalls                              0x20000010   Data          60  swifi_program.o(.data)
    UserDefinedKeys                          0x2000004c   Data           4  swifi_program.o(.data)
    UserDefinedKeysNumber                    0x20000050   Data           1  swifi_program.o(.data)
    DATA                                     0x20000060   Data           1  main.o(.data)
    mytestkeys                               0x20000064   Data          12  main.o(.data)
    __microlib_freelist                      0x20000070   Data           4  mvars.o(.data)
    __microlib_freelist_initialised          0x20000074   Data           4  mvars.o(.data)
    MUART_CALLBACK                           0x20000078   Data          12  muart_program.o(.bss)
    WIFI_Buffer                              0x20000084   Data          50  swifi_program.o(.bss)
    Response_Buffer                          0x200000b6   Data          50  main.o(.bss)
    __heap_base                              0x200000e8   Data           0  startup_stm32f10x_ld.o(HEAP)
    __heap_limit                             0x200002e8   Data           0  startup_stm32f10x_ld.o(HEAP)
    __initial_sp                             0x200006e8   Data           0  startup_stm32f10x_ld.o(STACK)



==============================================================================

Memory Map of the image

  Image Entry point : 0x080000ed

  Load Region LR_IROM1 (Base: 0x08000000, Size: 0x000017a8, Max: 0x00008000, ABSOLUTE)

    Execution Region ER_IROM1 (Exec base: 0x08000000, Load base: 0x08000000, Size: 0x00001730, Max: 0x00008000, ABSOLUTE)

    Exec Addr    Load Addr    Size         Type   Attr      Idx    E Section Name        Object

    0x08000000   0x08000000   0x000000ec   Data   RO          559    RESET               startup_stm32f10x_ld.o
    0x080000ec   0x080000ec   0x00000000   Code   RO          633  * .ARM.Collect$$$$00000000  mc_w.l(entry.o)
    0x080000ec   0x080000ec   0x00000004   Code   RO          678    .ARM.Collect$$$$00000001  mc_w.l(entry2.o)
    0x080000f0   0x080000f0   0x00000004   Code   RO          681    .ARM.Collect$$$$00000004  mc_w.l(entry5.o)
    0x080000f4   0x080000f4   0x00000000   Code   RO          683    .ARM.Collect$$$$00000008  mc_w.l(entry7b.o)
    0x080000f4   0x080000f4   0x00000000   Code   RO          685    .ARM.Collect$$$$0000000A  mc_w.l(entry8b.o)
    0x080000f4   0x080000f4   0x00000008   Code   RO          686    .ARM.Collect$$$$0000000B  mc_w.l(entry9a.o)
    0x080000fc   0x080000fc   0x00000000   Code   RO          688    .ARM.Collect$$$$0000000D  mc_w.l(entry10a.o)
    0x080000fc   0x080000fc   0x00000000   Code   RO          690    .ARM.Collect$$$$0000000F  mc_w.l(entry11a.o)
    0x080000fc   0x080000fc   0x00000004   Code   RO          679    .ARM.Collect$$$$00002712  mc_w.l(entry2.o)
    0x08000100   0x08000100   0x00000024   Code   RO          560    .text               startup_stm32f10x_ld.o
    0x08000124   0x08000124   0x0000001e   Code   RO          636    .text               mc_w.l(strncmp.o)
    0x08000142   0x08000142   0x0000014e   Code   RO          666    .text               mf_w.l(dadd.o)
    0x08000290   0x08000290   0x000000e4   Code   RO          668    .text               mf_w.l(dmul.o)
    0x08000374   0x08000374   0x000000de   Code   RO          670    .text               mf_w.l(ddiv.o)
    0x08000452   0x08000452   0x00000022   Code   RO          672    .text               mf_w.l(dflti.o)
    0x08000474   0x08000474   0x0000001a   Code   RO          674    .text               mf_w.l(dfltui.o)
    0x0800048e   0x0800048e   0x0000003e   Code   RO          676    .text               mf_w.l(dfixi.o)
    0x080004cc   0x080004cc   0x0000001e   Code   RO          692    .text               mc_w.l(llshl.o)
    0x080004ea   0x080004ea   0x00000020   Code   RO          694    .text               mc_w.l(llushr.o)
    0x0800050a   0x0800050a   0x00000024   Code   RO          696    .text               mc_w.l(llsshr.o)
    0x0800052e   0x0800052e   0x00000000   Code   RO          704    .text               mc_w.l(iusefp.o)
    0x0800052e   0x0800052e   0x000000ba   Code   RO          705    .text               mf_w.l(depilogue.o)
    0x080005e8   0x080005e8   0x00000024   Code   RO          707    .text               mc_w.l(init.o)
    0x0800060c   0x0800060c   0x00000002   Code   RO          354    i.Connected         swifi_program.o
    0x0800060e   0x0800060e   0x00000020   Code   RO          355    i.CreateMsg         swifi_program.o
    0x0800062e   0x0800062e   0x00000002   PAD
    0x08000630   0x08000630   0x00000030   Code   RO            1    i.ESP_TimeOutAlarm  hesp_program.o
    0x08000660   0x08000660   0x00000034   Code   RO          270    i.GetUsartPointer   muart_program.o
    0x08000694   0x08000694   0x00000010   Code   RO            4    i.HESP_CALLBACK_INIT  hesp_program.o
    0x080006a4   0x080006a4   0x00000052   Code   RO            5    i.HESP_INIT         hesp_program.o
    0x080006f6   0x080006f6   0x00000002   PAD
    0x080006f8   0x080006f8   0x0000002c   Code   RO            6    i.HESP_RESET        hesp_program.o
    0x08000724   0x08000724   0x000001bc   Code   RO            7    i.HESP_SEND_COMMAND  hesp_program.o
    0x080008e0   0x080008e0   0x00000018   Code   RO            8    i.HESP_errCheckESP  hesp_program.o
    0x080008f8   0x080008f8   0x00000012   Code   RO            9    i.HESP_voidInterruptDisable  hesp_program.o
    0x0800090a   0x0800090a   0x00000012   Code   RO           10    i.HESP_voidInterruptEnable  hesp_program.o
    0x0800091c   0x0800091c   0x00000250   Code   RO          108    i.MGPIO_stderrorPinModeSelect  mgpio_program.o
    0x08000b6c   0x08000b6c   0x000000c8   Code   RO          110    i.MGPIO_stderrorSetPinValue  mgpio_program.o
    0x08000c34   0x08000c34   0x0000003c   Code   RO          477    i.MNVIC_vDisableIRQ  mnvic_program.o
    0x08000c70   0x08000c70   0x0000003e   Code   RO          478    i.MNVIC_vEnableIRQ  mnvic_program.o
    0x08000cae   0x08000cae   0x0000002c   Code   RO          188    i.MSYSTICK_stderrorInit  msystick_program.o
    0x08000cda   0x08000cda   0x0000002e   Code   RO          189    i.MSYSTICK_stderrorSetBusyWait  msystick_program.o
    0x08000d08   0x08000d08   0x0000003c   Code   RO          190    i.MSYSTICK_stderrorSetPeriodiceInterval  msystick_program.o
    0x08000d44   0x08000d44   0x00000012   Code   RO          194    i.MSYSTICK_voidStopTICK  msystick_program.o
    0x08000d56   0x08000d56   0x00000018   Code   RO          271    i.MUART_u16GetData  muart_program.o
    0x08000d6e   0x08000d6e   0x0000001a   Code   RO          272    i.MUART_u8RXNEFlag  muart_program.o
    0x08000d88   0x08000d88   0x000000d4   Code   RO          275    i.MUART_voidInit    muart_program.o
    0x08000e5c   0x08000e5c   0x0000001c   Code   RO          276    i.MUART_voidInterruptDisable  muart_program.o
    0x08000e78   0x08000e78   0x00000024   Code   RO          277    i.MUART_voidInterruptEnable  muart_program.o
    0x08000e9c   0x08000e9c   0x00000010   Code   RO          278    i.MUART_voidSetCallBack  muart_program.o
    0x08000eac   0x08000eac   0x00000020   Code   RO          279    i.MUART_voidTransimit  muart_program.o
    0x08000ecc   0x08000ecc   0x00000054   Code   RO          149    i.RCC_EnablePeripheralClk  mrcc_program.o
    0x08000f20   0x08000f20   0x000000b8   Code   RO          357    i.SWIFI_errConfigSoftAP  swifi_program.o
    0x08000fd8   0x08000fd8   0x00000088   Code   RO          358    i.SWIFI_errConnectSSID  swifi_program.o
    0x08001060   0x08001060   0x00000070   Code   RO          360    i.SWIFI_errCreateTCPServer  swifi_program.o
    0x080010d0   0x080010d0   0x00000038   Code   RO          362    i.SWIFI_errGetConnectedSSID  swifi_program.o
    0x08001108   0x08001108   0x0000001c   Code   RO          364    i.SWIFI_errSetCaptureKeys  swifi_program.o
    0x08001124   0x08001124   0x00000014   Code   RO          365    i.SWIFI_errStartCommunicationHandler  swifi_program.o
    0x08001138   0x08001138   0x00000088   Code   RO          366    i.SWIFI_errTurnOn   swifi_program.o
    0x080011c0   0x080011c0   0x00000070   Code   RO          367    i.SWIFI_voidCommunicationHandler  swifi_program.o
    0x08001230   0x08001230   0x00000010   Code   RO          368    i.SWIFI_voidIPDHandler  swifi_program.o
    0x08001240   0x08001240   0x000000a0   Code   RO          369    i.SWIFI_voidKeysCapture  swifi_program.o
    0x080012e0   0x080012e0   0x00000104   Code   RO          370    i.SWIFI_voidMessageCapture  swifi_program.o
    0x080013e4   0x080013e4   0x00000008   Code   RO          568    i.SetSysClock       system_stm32f10x.o
    0x080013ec   0x080013ec   0x000000e0   Code   RO          569    i.SetSysClockTo72   system_stm32f10x.o
    0x080014cc   0x080014cc   0x0000003c   Code   RO          195    i.SysTick_Handler   msystick_program.o
    0x08001508   0x08001508   0x00000060   Code   RO          571    i.SystemInit        system_stm32f10x.o
    0x08001568   0x08001568   0x00000014   Code   RO          280    i.USART1_IRQHandler  muart_program.o
    0x0800157c   0x0800157c   0x00000014   Code   RO          281    i.USART2_IRQHandler  muart_program.o
    0x08001590   0x08001590   0x0000000e   Code   RO          711    i.__scatterload_copy  mc_w.l(handlers.o)
    0x0800159e   0x0800159e   0x00000002   Code   RO          712    i.__scatterload_null  mc_w.l(handlers.o)
    0x080015a0   0x080015a0   0x0000000e   Code   RO          713    i.__scatterload_zeroinit  mc_w.l(handlers.o)
    0x080015ae   0x080015ae   0x0000001a   Code   RO          528    i.app_init          main.o
    0x080015c8   0x080015c8   0x0000009c   Code   RO          529    i.main              main.o
    0x08001664   0x08001664   0x0000006c   Code   RO          639    i.malloc            mc_w.l(malloc.o)
    0x080016d0   0x080016d0   0x00000002   Code   RO          530    i.test              main.o
    0x080016d2   0x080016d2   0x00000002   PAD
    0x080016d4   0x080016d4   0x00000031   Data   RO          372    .conststring        swifi_program.o
    0x08001705   0x08001705   0x00000003   PAD
    0x08001708   0x08001708   0x00000005   Data   RO          532    .conststring        main.o
    0x0800170d   0x0800170d   0x00000003   PAD
    0x08001710   0x08001710   0x00000020   Data   RO          709    Region$$Table       anon$$obj.o


    Execution Region RW_IRAM1 (Exec base: 0x20000000, Load base: 0x08001730, Size: 0x000006e8, Max: 0x00002800, ABSOLUTE)

    Exec Addr    Load Addr    Size         Type   Attr      Idx    E Section Name        Object

    0x20000000   0x08001730   0x00000008   Data   RW           11    .data               hesp_program.o
    0x20000008   0x08001738   0x00000005   Data   RW          196    .data               msystick_program.o
    0x2000000d   0x0800173d   0x00000003   PAD
    0x20000010   0x08001740   0x0000004d   Data   RW          373    .data               swifi_program.o
    0x2000005d   0x0800178d   0x00000003   PAD
    0x20000060   0x08001790   0x00000010   Data   RW          533    .data               main.o
    0x20000070   0x080017a0   0x00000004   Data   RW          702    .data               mc_w.l(mvars.o)
    0x20000074   0x080017a4   0x00000004   Data   RW          703    .data               mc_w.l(mvars.o)
    0x20000078        -       0x0000000c   Zero   RW          282    .bss                muart_program.o
    0x20000084        -       0x00000032   Zero   RW          371    .bss                swifi_program.o
    0x200000b6        -       0x00000032   Zero   RW          531    .bss                main.o
    0x200000e8        -       0x00000200   Zero   RW          558    HEAP                startup_stm32f10x_ld.o
    0x200002e8        -       0x00000400   Zero   RW          557    STACK               startup_stm32f10x_ld.o


==============================================================================

Image component sizes


      Code (inc. data)   RO Data    RW Data    ZI Data      Debug   Object Name

       694         86          0          8          0      10816   hesp_program.o
       184         78          5         16         50       2075   main.o
       792         24          0          0          0       1602   mgpio_program.o
       122          6          0          0          0        987   mnvic_program.o
        84          4          0          0          0        654   mrcc_program.o
       228         18          0          5          0       3429   msystick_program.o
       466         36          0          0         12       8333   muart_program.o
        36          8        236          0       1536        864   startup_stm32f10x_ld.o
      1254        246         49         77         50      10651   swifi_program.o
       328         28          0          0          0       5133   system_stm32f10x.o

    ----------------------------------------------------------------------
      4194        534        328        112       1648      44544   Object Totals
         0          0         32          0          0          0   (incl. Generated)
         6          0          6          6          0          0   (incl. Padding)

    ----------------------------------------------------------------------

      Code (inc. data)   RO Data    RW Data    ZI Data      Debug   Library Member Name

         0          0          0          0          0          0   entry.o
         0          0          0          0          0          0   entry10a.o
         0          0          0          0          0          0   entry11a.o
         8          4          0          0          0          0   entry2.o
         4          0          0          0          0          0   entry5.o
         0          0          0          0          0          0   entry7b.o
         0          0          0          0          0          0   entry8b.o
         8          4          0          0          0          0   entry9a.o
        30          0          0          0          0          0   handlers.o
        36          8          0          0          0         68   init.o
         0          0          0          0          0          0   iusefp.o
        30          0          0          0          0         68   llshl.o
        36          0          0          0          0         68   llsshr.o
        32          0          0          0          0         68   llushr.o
       108         16          0          0          0         84   malloc.o
         0          0          0          8          0          0   mvars.o
        30          0          0          0          0         80   strncmp.o
       334          0          0          0          0        148   dadd.o
       222          0          0          0          0        100   ddiv.o
       186          0          0          0          0        176   depilogue.o
        62          0          0          0          0         80   dfixi.o
        34          0          0          0          0         76   dflti.o
        26          0          0          0          0         76   dfltui.o
       228          0          0          0          0         96   dmul.o

    ----------------------------------------------------------------------
      1414         32          0          8          0       1188   Library Totals
         0          0          0          0          0          0   (incl. Padding)

    ----------------------------------------------------------------------

      Code (inc. data)   RO Data    RW Data    ZI Data      Debug   Library Name

       322         32          0          8          0        436   mc_w.l
      1092          0          0          0          0        752   mf_w.l

    ----------------------------------------------------------------------
      1414         32          0          8          0       1188   Library Totals

    ----------------------------------------------------------------------

==============================================================================


      Code (inc. data)   RO Data    RW Data    ZI Data      Debug   

      5608        566        328        120       1648      43076   Grand Totals
      5608        566        328        120       1648      43076   ELF Image Totals
      5608        566        328        120          0          0   ROM Totals

==============================================================================

    Total RO  Size (Code + RO Data)                 5936 (   5.80kB)
    Total RW  Size (RW Data + ZI Data)              1768 (   1.73kB)
    Total ROM Size (Code + RO Data + RW Data)       6056 (   5.91kB)

==============================================================================

