Component: ARM Compiler 5.06 update 6 (build 750) Tool: armlink [4d35ed]

==============================================================================

Section Cross References

    hesp_program.o(i.ESP_TimeOutAlarm) refers to msystick_program.o(i.MSYSTICK_voidStopTICK) for MSYSTICK_voidStopTICK
    hesp_program.o(i.ESP_TimeOutAlarm) refers to hesp_program.o(.data) for L_u32TimeOutCounter
    hesp_program.o(i.ESP_errEchoDisable) refers to hesp_program.o(i.HESP_SEND_COMMAND) for HESP_SEND_COMMAND
    hesp_program.o(i.ESP_errEchoEnable) refers to hesp_program.o(i.HESP_SEND_COMMAND) for HESP_SEND_COMMAND
    hesp_program.o(i.HESP_CALLBACK_INIT) refers to muart_program.o(i.MUART_voidSetCallBack) for MUART_voidSetCallBack
    hesp_program.o(i.HESP_INIT) refers to msystick_program.o(i.MSYSTICK_stderrorInit) for MSYSTICK_stderrorInit
    hesp_program.o(i.HESP_INIT) refers to mrcc_program.o(i.RCC_EnablePeripheralClk) for RCC_EnablePeripheralClk
    hesp_program.o(i.HESP_INIT) refers to mgpio_program.o(i.MGPIO_stderrorPinModeSelect) for MGPIO_stderrorPinModeSelect
    hesp_program.o(i.HESP_INIT) refers to hesp_program.o(i.HESP_voidInterruptDisable) for HESP_voidInterruptDisable
    hesp_program.o(i.HESP_INIT) refers to hesp_program.o(i.HESP_RESET) for HESP_RESET
    hesp_program.o(i.HESP_INIT) refers to muart_program.o(i.MUART_voidInit) for MUART_voidInit
    hesp_program.o(i.HESP_RESET) refers to mgpio_program.o(i.MGPIO_stderrorSetPinValue) for MGPIO_stderrorSetPinValue
    hesp_program.o(i.HESP_RESET) refers to msystick_program.o(i.MSYSTICK_stderrorSetBusyWait) for MSYSTICK_stderrorSetBusyWait
    hesp_program.o(i.HESP_SEND_COMMAND) refers to muart_program.o(i.MUART_u16GetData) for MUART_u16GetData
    hesp_program.o(i.HESP_SEND_COMMAND) refers to muart_program.o(i.MUART_voidTransimit) for MUART_voidTransimit
    hesp_program.o(i.HESP_SEND_COMMAND) refers to msystick_program.o(i.MSYSTICK_stderrorSetPeriodiceInterval) for MSYSTICK_stderrorSetPeriodiceInterval
    hesp_program.o(i.HESP_SEND_COMMAND) refers to muart_program.o(i.MUART_u8RXNEFlag) for MUART_u8RXNEFlag
    hesp_program.o(i.HESP_SEND_COMMAND) refers to strncmp.o(.text) for strncmp
    hesp_program.o(i.HESP_SEND_COMMAND) refers to hesp_program.o(.data) for ISTimeOut
    hesp_program.o(i.HESP_SEND_COMMAND) refers to hesp_program.o(i.ESP_TimeOutAlarm) for ESP_TimeOutAlarm
    hesp_program.o(i.HESP_errCheckESP) refers to hesp_program.o(i.HESP_SEND_COMMAND) for HESP_SEND_COMMAND
    hesp_program.o(i.HESP_voidInterruptDisable) refers to muart_program.o(i.MUART_voidInterruptDisable) for MUART_voidInterruptDisable
    hesp_program.o(i.HESP_voidInterruptEnable) refers to muart_program.o(i.MUART_voidInterruptEnable) for MUART_voidInterruptEnable
    mrcc_program.o(i.MRCC_stderrorInit) refers to mrcc_program.o(.data) for MRCC_u8PllCk
    mrcc_program.o(i.MRCC_stderrorSetPllClockFreq) refers to mrcc_program.o(.data) for MRCC_u8PllCk
    msystick_program.o(i.MSYSTICK_Delay_Ms) refers to msystick_program.o(i.MSYSTICK_DisableInterrupt) for MSYSTICK_DisableInterrupt
    msystick_program.o(i.MSYSTICK_Delay_Ms) refers to msystick_program.o(i.MSYSTICK_stderrorSetBusyWait) for MSYSTICK_stderrorSetBusyWait
    msystick_program.o(i.MSYSTICK_Delay_us) refers to msystick_program.o(i.MSYSTICK_DisableInterrupt) for MSYSTICK_DisableInterrupt
    msystick_program.o(i.MSYSTICK_Delay_us) refers to msystick_program.o(i.MSYSTICK_stderrorSetBusyWait) for MSYSTICK_stderrorSetBusyWait
    msystick_program.o(i.MSYSTICK_stderrorSetPeriodiceInterval) refers to msystick_program.o(.data) for MSYSTICK_u8SelectISR
    msystick_program.o(i.MSYSTICK_stderrorSetSingleInterval) refers to msystick_program.o(.data) for MSYSTICK_u8SelectISR
    msystick_program.o(i.SysTick_Handler) refers to msystick_program.o(.data) for MSYSTICK_u8SelectISR
    muart_program.o(i.MUART_u16GetData) refers to muart_program.o(i.GetUsartPointer) for GetUsartPointer
    muart_program.o(i.MUART_u8RXNEFlag) refers to muart_program.o(i.GetUsartPointer) for GetUsartPointer
    muart_program.o(i.MUART_u8ReceivePolling) refers to muart_program.o(i.GetUsartPointer) for GetUsartPointer
    muart_program.o(i.MUART_u8ReceivePolling) refers to muart_program.o(i.MUART_u8RXNEFlag) for MUART_u8RXNEFlag
    muart_program.o(i.MUART_u8TCFlag) refers to muart_program.o(i.GetUsartPointer) for GetUsartPointer
    muart_program.o(i.MUART_voidInit) refers to muart_program.o(i.GetUsartPointer) for GetUsartPointer
    muart_program.o(i.MUART_voidInit) refers to dflt_clz.o(x$fpl$dfltu) for __aeabi_ui2d
    muart_program.o(i.MUART_voidInit) refers to dmul.o(x$fpl$dmul) for __aeabi_dmul
    muart_program.o(i.MUART_voidInit) refers to ddiv.o(x$fpl$ddiv) for __aeabi_ddiv
    muart_program.o(i.MUART_voidInit) refers to dfix.o(x$fpl$dfix) for __aeabi_d2iz
    muart_program.o(i.MUART_voidInit) refers to dflt_clz.o(x$fpl$dflt) for __aeabi_i2d
    muart_program.o(i.MUART_voidInit) refers to daddsub_clz.o(x$fpl$drsb) for __aeabi_drsub
    muart_program.o(i.MUART_voidInterruptDisable) refers to muart_program.o(i.GetUsartPointer) for GetUsartPointer
    muart_program.o(i.MUART_voidInterruptEnable) refers to muart_program.o(i.GetUsartPointer) for GetUsartPointer
    muart_program.o(i.MUART_voidSetCallBack) refers to muart_program.o(.bss) for MUART_CALLBACK
    muart_program.o(i.MUART_voidTransimit) refers to muart_program.o(i.GetUsartPointer) for GetUsartPointer
    muart_program.o(i.USART1_IRQHandler) refers to muart_program.o(.bss) for MUART_CALLBACK
    muart_program.o(i.USART2_IRQHandler) refers to muart_program.o(.bss) for MUART_CALLBACK
    swifi_program.o(i.SWIFI_errConfigSoftAP) refers to hesp_program.o(i.HESP_errCheckESP) for HESP_errCheckESP
    swifi_program.o(i.SWIFI_errConfigSoftAP) refers to hesp_program.o(i.HESP_SEND_COMMAND) for HESP_SEND_COMMAND
    swifi_program.o(i.SWIFI_errConfigSoftAP) refers to swifi_program.o(.bss) for WIFI_Buffer
    swifi_program.o(i.SWIFI_errConnectSSID) refers to hesp_program.o(i.HESP_errCheckESP) for HESP_errCheckESP
    swifi_program.o(i.SWIFI_errConnectSSID) refers to hesp_program.o(i.HESP_SEND_COMMAND) for HESP_SEND_COMMAND
    swifi_program.o(i.SWIFI_errConnectSSID) refers to swifi_program.o(.bss) for WIFI_Buffer
    swifi_program.o(i.SWIFI_errConnectTCP) refers to hesp_program.o(i.HESP_errCheckESP) for HESP_errCheckESP
    swifi_program.o(i.SWIFI_errConnectTCP) refers to hesp_program.o(i.HESP_SEND_COMMAND) for HESP_SEND_COMMAND
    swifi_program.o(i.SWIFI_errConnectTCP) refers to swifi_program.o(.bss) for WIFI_Buffer
    swifi_program.o(i.SWIFI_errCreateTCPServer) refers to hesp_program.o(i.HESP_errCheckESP) for HESP_errCheckESP
    swifi_program.o(i.SWIFI_errCreateTCPServer) refers to hesp_program.o(i.HESP_SEND_COMMAND) for HESP_SEND_COMMAND
    swifi_program.o(i.SWIFI_errCreateTCPServer) refers to swifi_program.o(.bss) for WIFI_Buffer
    swifi_program.o(i.SWIFI_errDisconnectSSID) refers to hesp_program.o(i.HESP_errCheckESP) for HESP_errCheckESP
    swifi_program.o(i.SWIFI_errDisconnectSSID) refers to hesp_program.o(i.HESP_SEND_COMMAND) for HESP_SEND_COMMAND
    swifi_program.o(i.SWIFI_errDisconnectSSID) refers to swifi_program.o(.bss) for WIFI_Buffer
    swifi_program.o(i.SWIFI_errGetConnectedSSID) refers to hesp_program.o(i.HESP_errCheckESP) for HESP_errCheckESP
    swifi_program.o(i.SWIFI_errGetConnectedSSID) refers to hesp_program.o(i.HESP_SEND_COMMAND) for HESP_SEND_COMMAND
    swifi_program.o(i.SWIFI_errSendDataTCP) refers to hesp_program.o(i.HESP_errCheckESP) for HESP_errCheckESP
    swifi_program.o(i.SWIFI_errSendDataTCP) refers to hesp_program.o(i.HESP_SEND_COMMAND) for HESP_SEND_COMMAND
    swifi_program.o(i.SWIFI_errSendDataTCP) refers to swifi_program.o(.bss) for WIFI_Buffer
    swifi_program.o(i.SWIFI_errSetCaptureKeys) refers to swifi_program.o(.data) for UserDefinedKeys
    swifi_program.o(i.SWIFI_errStartCommunicationHandler) refers to hesp_program.o(i.HESP_CALLBACK_INIT) for HESP_CALLBACK_INIT
    swifi_program.o(i.SWIFI_errStartCommunicationHandler) refers to hesp_program.o(i.HESP_voidInterruptEnable) for HESP_voidInterruptEnable
    swifi_program.o(i.SWIFI_errStartCommunicationHandler) refers to swifi_program.o(i.SWIFI_voidCommunicationCapture) for SWIFI_voidCommunicationCapture
    swifi_program.o(i.SWIFI_errTurnOn) refers to hesp_program.o(i.HESP_errCheckESP) for HESP_errCheckESP
    swifi_program.o(i.SWIFI_errTurnOn) refers to hesp_program.o(i.HESP_SEND_COMMAND) for HESP_SEND_COMMAND
    swifi_program.o(i.SWIFI_errTurnOn) refers to swifi_program.o(.bss) for WIFI_Buffer
    swifi_program.o(i.SWIFI_voidCommunicationCapture) refers to muart_program.o(i.MUART_u16GetData) for MUART_u16GetData
    swifi_program.o(i.SWIFI_voidCommunicationCapture) refers to strncmp.o(.text) for strncmp
    swifi_program.o(i.SWIFI_voidCommunicationCapture) refers to swifi_program.o(.bss) for WIFI_Buffer
    swifi_program.o(i.SWIFI_voidCommunicationCapture) refers to swifi_program.o(.data) for L_u8Buffer_Count
    swifi_program.o(.data) refers to swifi_program.o(.conststring) for .conststring
    main.o(i.app_init) refers to mrcc_program.o(i.MRCC_stderrorInit) for MRCC_stderrorInit
    main.o(i.app_init) refers to mrcc_program.o(i.RCC_EnablePeripheralClk) for RCC_EnablePeripheralClk
    main.o(i.app_init) refers to mgpio_program.o(i.MGPIO_stderrorPinModeSelect) for MGPIO_stderrorPinModeSelect
    main.o(i.app_init) refers to hesp_program.o(i.HESP_INIT) for HESP_INIT
    main.o(i.main) refers to main.o(i.app_init) for app_init
    main.o(i.main) refers to mrcc_program.o(i.MRCC_stderrorInit) for MRCC_stderrorInit
    main.o(i.main) refers to swifi_program.o(i.SWIFI_errTurnOn) for SWIFI_errTurnOn
    main.o(i.main) refers to swifi_program.o(i.SWIFI_errConfigSoftAP) for SWIFI_errConfigSoftAP
    main.o(i.main) refers to swifi_program.o(i.SWIFI_errConnectSSID) for SWIFI_errConnectSSID
    main.o(i.main) refers to msystick_program.o(i.MSYSTICK_stderrorSetBusyWait) for MSYSTICK_stderrorSetBusyWait
    main.o(i.main) refers to swifi_program.o(i.SWIFI_errDisconnectSSID) for SWIFI_errDisconnectSSID
    main.o(i.main) refers to main.o(.data) for DATA
    startup_stm32f10x_ld.o(STACK) refers (Special) to heapauxi.o(.text) for __use_two_region_memory
    startup_stm32f10x_ld.o(HEAP) refers (Special) to heapauxi.o(.text) for __use_two_region_memory
    startup_stm32f10x_ld.o(RESET) refers (Special) to heapauxi.o(.text) for __use_two_region_memory
    startup_stm32f10x_ld.o(RESET) refers to startup_stm32f10x_ld.o(STACK) for __initial_sp
    startup_stm32f10x_ld.o(RESET) refers to startup_stm32f10x_ld.o(.text) for Reset_Handler
    startup_stm32f10x_ld.o(RESET) refers to msystick_program.o(i.SysTick_Handler) for SysTick_Handler
    startup_stm32f10x_ld.o(RESET) refers to muart_program.o(i.USART1_IRQHandler) for USART1_IRQHandler
    startup_stm32f10x_ld.o(RESET) refers to muart_program.o(i.USART2_IRQHandler) for USART2_IRQHandler
    startup_stm32f10x_ld.o(.text) refers (Special) to heapauxi.o(.text) for __use_two_region_memory
    startup_stm32f10x_ld.o(.text) refers to system_stm32f10x.o(i.SystemInit) for SystemInit
    startup_stm32f10x_ld.o(.text) refers to __main.o(!!!main) for __main
    startup_stm32f10x_ld.o(.text) refers to startup_stm32f10x_ld.o(HEAP) for Heap_Mem
    startup_stm32f10x_ld.o(.text) refers to startup_stm32f10x_ld.o(STACK) for Stack_Mem
    system_stm32f10x.o(i.SetSysClock) refers to system_stm32f10x.o(i.SetSysClockTo72) for SetSysClockTo72
    system_stm32f10x.o(i.SystemCoreClockUpdate) refers to system_stm32f10x.o(.data) for SystemCoreClock
    system_stm32f10x.o(i.SystemInit) refers to system_stm32f10x.o(i.SetSysClock) for SetSysClock
    __main.o(!!!main) refers to __rtentry.o(.ARM.Collect$$rtentry$$00000000) for __rt_entry
    daddsub_clz.o(x$fpl$dadd) refers (Special) to usenofp.o(x$fpl$usenofp) for __I$use$fp
    daddsub_clz.o(x$fpl$dadd) refers to daddsub_clz.o(x$fpl$dsub) for _dsub1
    daddsub_clz.o(x$fpl$dadd) refers to dretinf.o(x$fpl$dretinf) for __fpl_dretinf
    daddsub_clz.o(x$fpl$dadd) refers to dnaninf.o(x$fpl$dnaninf) for __fpl_dnaninf
    daddsub_clz.o(x$fpl$drsb) refers (Special) to usenofp.o(x$fpl$usenofp) for __I$use$fp
    daddsub_clz.o(x$fpl$drsb) refers to daddsub_clz.o(x$fpl$dadd) for _dadd1
    daddsub_clz.o(x$fpl$drsb) refers to daddsub_clz.o(x$fpl$dsub) for _dsub1
    daddsub_clz.o(x$fpl$dsub) refers (Special) to usenofp.o(x$fpl$usenofp) for __I$use$fp
    daddsub_clz.o(x$fpl$dsub) refers to daddsub_clz.o(x$fpl$dadd) for _dadd1
    daddsub_clz.o(x$fpl$dsub) refers to dnaninf.o(x$fpl$dnaninf) for __fpl_dnaninf
    ddiv.o(x$fpl$drdiv) refers (Special) to usenofp.o(x$fpl$usenofp) for __I$use$fp
    ddiv.o(x$fpl$drdiv) refers to ddiv.o(x$fpl$ddiv) for ddiv_entry
    ddiv.o(x$fpl$ddiv) refers (Special) to usenofp.o(x$fpl$usenofp) for __I$use$fp
    ddiv.o(x$fpl$ddiv) refers to dretinf.o(x$fpl$dretinf) for __fpl_dretinf
    ddiv.o(x$fpl$ddiv) refers to dnaninf.o(x$fpl$dnaninf) for __fpl_dnaninf
    dfix.o(x$fpl$dfix) refers (Special) to usenofp.o(x$fpl$usenofp) for __I$use$fp
    dfix.o(x$fpl$dfix) refers to dnaninf.o(x$fpl$dnaninf) for __fpl_dnaninf
    dfix.o(x$fpl$dfixr) refers (Special) to usenofp.o(x$fpl$usenofp) for __I$use$fp
    dfix.o(x$fpl$dfixr) refers to dnaninf.o(x$fpl$dnaninf) for __fpl_dnaninf
    dflt_clz.o(x$fpl$dfltu) refers (Special) to usenofp.o(x$fpl$usenofp) for __I$use$fp
    dflt_clz.o(x$fpl$dflt) refers (Special) to usenofp.o(x$fpl$usenofp) for __I$use$fp
    dflt_clz.o(x$fpl$dfltn) refers (Special) to usenofp.o(x$fpl$usenofp) for __I$use$fp
    dmul.o(x$fpl$dmul) refers (Special) to usenofp.o(x$fpl$usenofp) for __I$use$fp
    dmul.o(x$fpl$dmul) refers to dretinf.o(x$fpl$dretinf) for __fpl_dretinf
    dmul.o(x$fpl$dmul) refers to dnaninf.o(x$fpl$dnaninf) for __fpl_dnaninf
    __rtentry.o(.ARM.Collect$$rtentry$$00000000) refers (Special) to __rtentry2.o(.ARM.Collect$$rtentry$$0000000A) for __rt_entry_li
    __rtentry.o(.ARM.Collect$$rtentry$$00000000) refers (Special) to __rtentry2.o(.ARM.Collect$$rtentry$$0000000D) for __rt_entry_main
    __rtentry.o(.ARM.Collect$$rtentry$$00000000) refers (Special) to __rtentry2.o(.ARM.Collect$$rtentry$$0000000C) for __rt_entry_postli_1
    __rtentry.o(.ARM.Collect$$rtentry$$00000000) refers (Special) to __rtentry2.o(.ARM.Collect$$rtentry$$00000009) for __rt_entry_postsh_1
    __rtentry.o(.ARM.Collect$$rtentry$$00000000) refers (Special) to __rtentry2.o(.ARM.Collect$$rtentry$$00000002) for __rt_entry_presh_1
    __rtentry.o(.ARM.Collect$$rtentry$$00000000) refers (Special) to __rtentry4.o(.ARM.Collect$$rtentry$$00000004) for __rt_entry_sh
    dnaninf.o(x$fpl$dnaninf) refers (Special) to usenofp.o(x$fpl$usenofp) for __I$use$fp
    dretinf.o(x$fpl$dretinf) refers (Special) to usenofp.o(x$fpl$usenofp) for __I$use$fp
    __rtentry2.o(.ARM.Collect$$rtentry$$00000008) refers to boardinit2.o(.text) for _platform_post_stackheap_init
    __rtentry2.o(.ARM.Collect$$rtentry$$0000000A) refers to libinit.o(.ARM.Collect$$libinit$$00000000) for __rt_lib_init
    __rtentry2.o(.ARM.Collect$$rtentry$$0000000B) refers to boardinit3.o(.text) for _platform_post_lib_init
    __rtentry2.o(.ARM.Collect$$rtentry$$0000000D) refers to main.o(i.main) for main
    __rtentry2.o(.ARM.Collect$$rtentry$$0000000D) refers to exit.o(.text) for exit
    __rtentry2.o(.ARM.exidx) refers to __rtentry2.o(.ARM.Collect$$rtentry$$00000001) for .ARM.Collect$$rtentry$$00000001
    __rtentry2.o(.ARM.exidx) refers to __rtentry2.o(.ARM.Collect$$rtentry$$00000008) for .ARM.Collect$$rtentry$$00000008
    __rtentry2.o(.ARM.exidx) refers to __rtentry2.o(.ARM.Collect$$rtentry$$0000000A) for .ARM.Collect$$rtentry$$0000000A
    __rtentry2.o(.ARM.exidx) refers to __rtentry2.o(.ARM.Collect$$rtentry$$0000000B) for .ARM.Collect$$rtentry$$0000000B
    __rtentry2.o(.ARM.exidx) refers to __rtentry2.o(.ARM.Collect$$rtentry$$0000000D) for .ARM.Collect$$rtentry$$0000000D
    __rtentry4.o(.ARM.Collect$$rtentry$$00000004) refers to sys_stackheap_outer.o(.text) for __user_setup_stackheap
    __rtentry4.o(.ARM.exidx) refers to __rtentry4.o(.ARM.Collect$$rtentry$$00000004) for .ARM.Collect$$rtentry$$00000004
    sys_stackheap_outer.o(.text) refers to libspace.o(.text) for __user_perproc_libspace
    sys_stackheap_outer.o(.text) refers to startup_stm32f10x_ld.o(.text) for __user_initial_stackheap
    exit.o(.text) refers to rtexit.o(.ARM.Collect$$rtexit$$00000000) for __rt_exit
    libinit.o(.ARM.Collect$$libinit$$00000000) refers (Special) to libinit2.o(.ARM.Collect$$libinit$$0000002E) for __rt_lib_init_alloca_1
    libinit.o(.ARM.Collect$$libinit$$00000000) refers (Special) to libinit2.o(.ARM.Collect$$libinit$$0000002C) for __rt_lib_init_argv_1
    libinit.o(.ARM.Collect$$libinit$$00000000) refers (Special) to libinit2.o(.ARM.Collect$$libinit$$0000001B) for __rt_lib_init_atexit_1
    libinit.o(.ARM.Collect$$libinit$$00000000) refers (Special) to libinit2.o(.ARM.Collect$$libinit$$00000021) for __rt_lib_init_clock_1
    libinit.o(.ARM.Collect$$libinit$$00000000) refers (Special) to libinit2.o(.ARM.Collect$$libinit$$00000032) for __rt_lib_init_cpp_1
    libinit.o(.ARM.Collect$$libinit$$00000000) refers (Special) to libinit2.o(.ARM.Collect$$libinit$$00000030) for __rt_lib_init_exceptions_1
    libinit.o(.ARM.Collect$$libinit$$00000000) refers (Special) to libinit2.o(.ARM.Collect$$libinit$$00000002) for __rt_lib_init_fp_1
    libinit.o(.ARM.Collect$$libinit$$00000000) refers (Special) to libinit2.o(.ARM.Collect$$libinit$$0000001F) for __rt_lib_init_fp_trap_1
    libinit.o(.ARM.Collect$$libinit$$00000000) refers (Special) to libinit2.o(.ARM.Collect$$libinit$$00000023) for __rt_lib_init_getenv_1
    libinit.o(.ARM.Collect$$libinit$$00000000) refers (Special) to libinit2.o(.ARM.Collect$$libinit$$0000000A) for __rt_lib_init_heap_1
    libinit.o(.ARM.Collect$$libinit$$00000000) refers (Special) to libinit2.o(.ARM.Collect$$libinit$$00000011) for __rt_lib_init_lc_collate_1
    libinit.o(.ARM.Collect$$libinit$$00000000) refers (Special) to libinit2.o(.ARM.Collect$$libinit$$00000013) for __rt_lib_init_lc_ctype_1
    libinit.o(.ARM.Collect$$libinit$$00000000) refers (Special) to libinit2.o(.ARM.Collect$$libinit$$00000015) for __rt_lib_init_lc_monetary_1
    libinit.o(.ARM.Collect$$libinit$$00000000) refers (Special) to libinit2.o(.ARM.Collect$$libinit$$00000017) for __rt_lib_init_lc_numeric_1
    libinit.o(.ARM.Collect$$libinit$$00000000) refers (Special) to libinit2.o(.ARM.Collect$$libinit$$00000019) for __rt_lib_init_lc_time_1
    libinit.o(.ARM.Collect$$libinit$$00000000) refers (Special) to libinit2.o(.ARM.Collect$$libinit$$00000004) for __rt_lib_init_preinit_1
    libinit.o(.ARM.Collect$$libinit$$00000000) refers (Special) to libinit2.o(.ARM.Collect$$libinit$$0000000E) for __rt_lib_init_rand_1
    libinit.o(.ARM.Collect$$libinit$$00000000) refers (Special) to libinit2.o(.ARM.Collect$$libinit$$00000033) for __rt_lib_init_return
    libinit.o(.ARM.Collect$$libinit$$00000000) refers (Special) to libinit2.o(.ARM.Collect$$libinit$$0000001D) for __rt_lib_init_signal_1
    libinit.o(.ARM.Collect$$libinit$$00000000) refers (Special) to libinit2.o(.ARM.Collect$$libinit$$00000025) for __rt_lib_init_stdio_1
    libinit.o(.ARM.Collect$$libinit$$00000000) refers (Special) to libinit2.o(.ARM.Collect$$libinit$$0000000C) for __rt_lib_init_user_alloc_1
    libspace.o(.text) refers to libspace.o(.bss) for __libspace_start
    rtexit.o(.ARM.Collect$$rtexit$$00000000) refers (Special) to rtexit2.o(.ARM.Collect$$rtexit$$00000004) for __rt_exit_exit
    rtexit.o(.ARM.Collect$$rtexit$$00000000) refers (Special) to rtexit2.o(.ARM.Collect$$rtexit$$00000003) for __rt_exit_ls
    rtexit.o(.ARM.Collect$$rtexit$$00000000) refers (Special) to rtexit2.o(.ARM.Collect$$rtexit$$00000002) for __rt_exit_prels_1
    rtexit.o(.ARM.exidx) refers (Special) to rtexit2.o(.ARM.Collect$$rtexit$$00000004) for __rt_exit_exit
    rtexit.o(.ARM.exidx) refers (Special) to rtexit2.o(.ARM.Collect$$rtexit$$00000003) for __rt_exit_ls
    rtexit.o(.ARM.exidx) refers (Special) to rtexit2.o(.ARM.Collect$$rtexit$$00000002) for __rt_exit_prels_1
    rtexit.o(.ARM.exidx) refers to rtexit.o(.ARM.Collect$$rtexit$$00000000) for .ARM.Collect$$rtexit$$00000000
    libinit2.o(.ARM.Collect$$libinit$$00000010) refers to libinit2.o(.ARM.Collect$$libinit$$0000000F) for .ARM.Collect$$libinit$$0000000F
    libinit2.o(.ARM.Collect$$libinit$$00000012) refers to libinit2.o(.ARM.Collect$$libinit$$0000000F) for .ARM.Collect$$libinit$$0000000F
    libinit2.o(.ARM.Collect$$libinit$$00000014) refers to libinit2.o(.ARM.Collect$$libinit$$0000000F) for .ARM.Collect$$libinit$$0000000F
    libinit2.o(.ARM.Collect$$libinit$$00000016) refers to libinit2.o(.ARM.Collect$$libinit$$0000000F) for .ARM.Collect$$libinit$$0000000F
    libinit2.o(.ARM.Collect$$libinit$$00000018) refers to libinit2.o(.ARM.Collect$$libinit$$0000000F) for .ARM.Collect$$libinit$$0000000F
    libinit2.o(.ARM.Collect$$libinit$$00000026) refers to argv_veneer.o(.emb_text) for __ARM_argv_veneer
    libinit2.o(.ARM.Collect$$libinit$$00000027) refers to argv_veneer.o(.emb_text) for __ARM_argv_veneer
    rtexit2.o(.ARM.Collect$$rtexit$$00000003) refers to libshutdown.o(.ARM.Collect$$libshutdown$$00000000) for __rt_lib_shutdown
    rtexit2.o(.ARM.Collect$$rtexit$$00000004) refers to sys_exit.o(.text) for _sys_exit
    rtexit2.o(.ARM.exidx) refers to rtexit2.o(.ARM.Collect$$rtexit$$00000001) for .ARM.Collect$$rtexit$$00000001
    rtexit2.o(.ARM.exidx) refers to rtexit2.o(.ARM.Collect$$rtexit$$00000003) for .ARM.Collect$$rtexit$$00000003
    rtexit2.o(.ARM.exidx) refers to rtexit2.o(.ARM.Collect$$rtexit$$00000004) for .ARM.Collect$$rtexit$$00000004
    argv_veneer.o(.emb_text) refers to no_argv.o(.text) for __ARM_get_argv
    sys_exit.o(.text) refers (Special) to use_no_semi.o(.text) for __I$use$semihosting
    sys_exit.o(.text) refers (Special) to indicate_semi.o(.text) for __semihosting_library_function
    _get_argv_nomalloc.o(.text) refers (Special) to hrguard.o(.text) for __heap_region$guard
    _get_argv_nomalloc.o(.text) refers to defsig_rtmem_outer.o(.text) for __rt_SIGRTMEM
    _get_argv_nomalloc.o(.text) refers to sys_command.o(.text) for _sys_command_string
    libshutdown.o(.ARM.Collect$$libshutdown$$00000000) refers (Special) to libshutdown2.o(.ARM.Collect$$libshutdown$$00000002) for __rt_lib_shutdown_cpp_1
    libshutdown.o(.ARM.Collect$$libshutdown$$00000000) refers (Special) to libshutdown2.o(.ARM.Collect$$libshutdown$$00000007) for __rt_lib_shutdown_fp_trap_1
    libshutdown.o(.ARM.Collect$$libshutdown$$00000000) refers (Special) to libshutdown2.o(.ARM.Collect$$libshutdown$$0000000F) for __rt_lib_shutdown_heap_1
    libshutdown.o(.ARM.Collect$$libshutdown$$00000000) refers (Special) to libshutdown2.o(.ARM.Collect$$libshutdown$$00000010) for __rt_lib_shutdown_return
    libshutdown.o(.ARM.Collect$$libshutdown$$00000000) refers (Special) to libshutdown2.o(.ARM.Collect$$libshutdown$$0000000A) for __rt_lib_shutdown_signal_1
    libshutdown.o(.ARM.Collect$$libshutdown$$00000000) refers (Special) to libshutdown2.o(.ARM.Collect$$libshutdown$$00000004) for __rt_lib_shutdown_stdio_1
    libshutdown.o(.ARM.Collect$$libshutdown$$00000000) refers (Special) to libshutdown2.o(.ARM.Collect$$libshutdown$$0000000C) for __rt_lib_shutdown_user_alloc_1
    sys_command.o(.text) refers (Special) to use_no_semi.o(.text) for __I$use$semihosting
    sys_command.o(.text) refers (Special) to indicate_semi.o(.text) for __semihosting_library_function
    defsig_rtmem_outer.o(.text) refers to defsig_rtmem_inner.o(.text) for __rt_SIGRTMEM_inner
    defsig_rtmem_outer.o(.text) refers to defsig_exit.o(.text) for __sig_exit
    defsig_rtmem_formal.o(.text) refers to rt_raise.o(.text) for __rt_raise
    rt_raise.o(.text) refers to __raise.o(.text) for __raise
    rt_raise.o(.text) refers to sys_exit.o(.text) for _sys_exit
    defsig_exit.o(.text) refers to sys_exit.o(.text) for _sys_exit
    defsig_rtmem_inner.o(.text) refers to defsig_general.o(.text) for __default_signal_display
    __raise.o(.text) refers to defsig.o(CL$$defsig) for __default_signal_handler
    defsig_general.o(.text) refers to sys_wrch.o(.text) for _ttywrch
    sys_wrch.o(.text) refers (Special) to use_no_semi.o(.text) for __I$use$semihosting
    sys_wrch.o(.text) refers (Special) to indicate_semi.o(.text) for __semihosting_library_function
    defsig.o(CL$$defsig) refers to defsig_rtmem_inner.o(.text) for __rt_SIGRTMEM_inner
    defsig_abrt_inner.o(.text) refers to defsig_general.o(.text) for __default_signal_display
    defsig_fpe_inner.o(.text) refers to defsig_general.o(.text) for __default_signal_display
    defsig_rtred_inner.o(.text) refers to defsig_general.o(.text) for __default_signal_display
    defsig_stak_inner.o(.text) refers to defsig_general.o(.text) for __default_signal_display
    defsig_pvfn_inner.o(.text) refers to defsig_general.o(.text) for __default_signal_display
    defsig_cppl_inner.o(.text) refers to defsig_general.o(.text) for __default_signal_display
    defsig_segv_inner.o(.text) refers to defsig_general.o(.text) for __default_signal_display
    defsig_other.o(.text) refers to defsig_general.o(.text) for __default_signal_display


==============================================================================

Removing Unused input sections from the image.

    Removing hesp_program.o(i.ESP_errEchoDisable), (24 bytes).
    Removing hesp_program.o(i.ESP_errEchoEnable), (24 bytes).
    Removing hesp_program.o(i.HESP_CALLBACK_INIT), (16 bytes).
    Removing hesp_program.o(i.HESP_voidInterruptEnable), (12 bytes).
    Removing mgpio_program.o(i.MGPIO_stderrorGetPinValue), (128 bytes).
    Removing mgpio_program.o(i.MGPIO_stderrorSetPinPull_Up_Down), (200 bytes).
    Removing mgpio_program.o(i.MGPIO_stderrorSetPinValueBSSR), (268 bytes).
    Removing mrcc_program.o(i.MRCC_stderrorSetPllClockFreq), (100 bytes).
    Removing mrcc_program.o(i.RCC_DisablePeripheralClk), (84 bytes).
    Removing msystick_program.o(i.MSYSTICK_Delay_Ms), (22 bytes).
    Removing msystick_program.o(i.MSYSTICK_Delay_us), (16 bytes).
    Removing msystick_program.o(i.MSYSTICK_DisableInterrupt), (18 bytes).
    Removing msystick_program.o(i.MSYSTICK_EnableInterrupt), (18 bytes).
    Removing msystick_program.o(i.MSYSTICK_stderrorSetSingleInterval), (52 bytes).
    Removing msystick_program.o(i.MSYSTICK_voidElepsedTime), (28 bytes).
    Removing msystick_program.o(i.MSYSTICK_voidRemainingTime), (20 bytes).
    Removing muart_program.o(i.MUART_u8ReceivePolling), (36 bytes).
    Removing muart_program.o(i.MUART_u8TCFlag), (26 bytes).
    Removing muart_program.o(i.MUART_voidInterruptEnable), (36 bytes).
    Removing muart_program.o(i.MUART_voidSetCallBack), (16 bytes).
    Removing swifi_program.o(i.SWIFI_errConnectTCP), (148 bytes).
    Removing swifi_program.o(i.SWIFI_errCreateTCPServer), (108 bytes).
    Removing swifi_program.o(i.SWIFI_errGetConnectedSSID), (56 bytes).
    Removing swifi_program.o(i.SWIFI_errSendDataTCP), (140 bytes).
    Removing swifi_program.o(i.SWIFI_errSetCaptureKeys), (24 bytes).
    Removing swifi_program.o(i.SWIFI_errStartCommunicationHandler), (20 bytes).
    Removing swifi_program.o(i.SWIFI_voidCommunicationCapture), (288 bytes).
    Removing swifi_program.o(.conststring), (53 bytes).
    Removing swifi_program.o(.data), (66 bytes).
    Removing main.o(.bss), (50 bytes).
    Removing system_stm32f10x.o(.rev16_text), (4 bytes).
    Removing system_stm32f10x.o(.revsh_text), (4 bytes).
    Removing system_stm32f10x.o(.rrx_text), (6 bytes).
    Removing system_stm32f10x.o(i.SystemCoreClockUpdate), (164 bytes).
    Removing system_stm32f10x.o(.data), (20 bytes).

35 unused section(s) (total 2295 bytes) removed from the image.

==============================================================================

Image Symbol Table

    Local Symbols

    Symbol Name                              Value     Ov Type        Size  Object(Section)

    ../clib/angel/boardlib.s                 0x00000000   Number         0  boardshut.o ABSOLUTE
    ../clib/angel/boardlib.s                 0x00000000   Number         0  boardinit3.o ABSOLUTE
    ../clib/angel/boardlib.s                 0x00000000   Number         0  boardinit2.o ABSOLUTE
    ../clib/angel/boardlib.s                 0x00000000   Number         0  boardinit1.o ABSOLUTE
    ../clib/angel/handlers.s                 0x00000000   Number         0  __scatter_zi.o ABSOLUTE
    ../clib/angel/handlers.s                 0x00000000   Number         0  __scatter_copy.o ABSOLUTE
    ../clib/angel/kernel.s                   0x00000000   Number         0  rtexit2.o ABSOLUTE
    ../clib/angel/kernel.s                   0x00000000   Number         0  rtexit.o ABSOLUTE
    ../clib/angel/kernel.s                   0x00000000   Number         0  __rtentry.o ABSOLUTE
    ../clib/angel/kernel.s                   0x00000000   Number         0  __rtentry4.o ABSOLUTE
    ../clib/angel/kernel.s                   0x00000000   Number         0  __rtentry2.o ABSOLUTE
    ../clib/angel/rt.s                       0x00000000   Number         0  rt_raise.o ABSOLUTE
    ../clib/angel/scatter.s                  0x00000000   Number         0  __scatter.o ABSOLUTE
    ../clib/angel/startup.s                  0x00000000   Number         0  __main.o ABSOLUTE
    ../clib/angel/sys.s                      0x00000000   Number         0  libspace.o ABSOLUTE
    ../clib/angel/sys.s                      0x00000000   Number         0  use_no_semi.o ABSOLUTE
    ../clib/angel/sys.s                      0x00000000   Number         0  sys_stackheap_outer.o ABSOLUTE
    ../clib/angel/sys.s                      0x00000000   Number         0  indicate_semi.o ABSOLUTE
    ../clib/angel/sysapp.c                   0x00000000   Number         0  sys_exit.o ABSOLUTE
    ../clib/angel/sysapp.c                   0x00000000   Number         0  sys_command.o ABSOLUTE
    ../clib/angel/sysapp.c                   0x00000000   Number         0  sys_wrch.o ABSOLUTE
    ../clib/armsys.c                         0x00000000   Number         0  argv_veneer.o ABSOLUTE
    ../clib/armsys.c                         0x00000000   Number         0  _get_argv_nomalloc.o ABSOLUTE
    ../clib/armsys.c                         0x00000000   Number         0  no_argv.o ABSOLUTE
    ../clib/armsys.c                         0x00000000   Number         0  argv_veneer.o ABSOLUTE
    ../clib/heapalloc.c                      0x00000000   Number         0  hrguard.o ABSOLUTE
    ../clib/heapaux.c                        0x00000000   Number         0  heapauxi.o ABSOLUTE
    ../clib/libinit.s                        0x00000000   Number         0  libinit2.o ABSOLUTE
    ../clib/libinit.s                        0x00000000   Number         0  libinit.o ABSOLUTE
    ../clib/libinit.s                        0x00000000   Number         0  libshutdown.o ABSOLUTE
    ../clib/libinit.s                        0x00000000   Number         0  libshutdown2.o ABSOLUTE
    ../clib/signal.c                         0x00000000   Number         0  defsig_rtmem_outer.o ABSOLUTE
    ../clib/signal.c                         0x00000000   Number         0  defsig_other.o ABSOLUTE
    ../clib/signal.c                         0x00000000   Number         0  defsig_segv_inner.o ABSOLUTE
    ../clib/signal.c                         0x00000000   Number         0  defsig_cppl_inner.o ABSOLUTE
    ../clib/signal.c                         0x00000000   Number         0  defsig_pvfn_inner.o ABSOLUTE
    ../clib/signal.c                         0x00000000   Number         0  __raise.o ABSOLUTE
    ../clib/signal.c                         0x00000000   Number         0  defsig_stak_inner.o ABSOLUTE
    ../clib/signal.c                         0x00000000   Number         0  defsig_rtred_inner.o ABSOLUTE
    ../clib/signal.c                         0x00000000   Number         0  defsig_fpe_inner.o ABSOLUTE
    ../clib/signal.c                         0x00000000   Number         0  defsig_abrt_inner.o ABSOLUTE
    ../clib/signal.c                         0x00000000   Number         0  defsig_general.o ABSOLUTE
    ../clib/signal.c                         0x00000000   Number         0  defsig_rtmem_inner.o ABSOLUTE
    ../clib/signal.c                         0x00000000   Number         0  defsig_exit.o ABSOLUTE
    ../clib/signal.c                         0x00000000   Number         0  defsig_rtmem_formal.o ABSOLUTE
    ../clib/signal.s                         0x00000000   Number         0  defsig.o ABSOLUTE
    ../clib/stdlib.c                         0x00000000   Number         0  exit.o ABSOLUTE
    ../clib/string.c                         0x00000000   Number         0  strncmp.o ABSOLUTE
    ../fplib/daddsub.s                       0x00000000   Number         0  daddsub_clz.o ABSOLUTE
    ../fplib/ddiv.s                          0x00000000   Number         0  ddiv.o ABSOLUTE
    ../fplib/dfix.s                          0x00000000   Number         0  dfix.o ABSOLUTE
    ../fplib/dflt.s                          0x00000000   Number         0  dflt_clz.o ABSOLUTE
    ../fplib/dmul.s                          0x00000000   Number         0  dmul.o ABSOLUTE
    ../fplib/dnaninf.s                       0x00000000   Number         0  dnaninf.o ABSOLUTE
    ../fplib/dretinf.s                       0x00000000   Number         0  dretinf.o ABSOLUTE
    ../fplib/fpinit.s                        0x00000000   Number         0  fpinit.o ABSOLUTE
    ../fplib/usenofp.s                       0x00000000   Number         0  usenofp.o ABSOLUTE
    RTE\Device\STM32F103C6\startup_stm32f10x_ld.s 0x00000000   Number         0  startup_stm32f10x_ld.o ABSOLUTE
    RTE\Device\STM32F103C6\system_stm32f10x.c 0x00000000   Number         0  system_stm32f10x.o ABSOLUTE
    RTE\\Device\\STM32F103C6\\system_stm32f10x.c 0x00000000   Number         0  system_stm32f10x.o ABSOLUTE
    dc.s                                     0x00000000   Number         0  dc.o ABSOLUTE
    main.c                                   0x00000000   Number         0  main.o ABSOLUTE
    src\HESP_program.c                       0x00000000   Number         0  hesp_program.o ABSOLUTE
    src\MGPIO_program.c                      0x00000000   Number         0  mgpio_program.o ABSOLUTE
    src\MRCC_program.c                       0x00000000   Number         0  mrcc_program.o ABSOLUTE
    src\MSYSTICK_program.c                   0x00000000   Number         0  msystick_program.o ABSOLUTE
    src\MUART_program.c                      0x00000000   Number         0  muart_program.o ABSOLUTE
    src\SWIFI_program.c                      0x00000000   Number         0  swifi_program.o ABSOLUTE
    RESET                                    0x08000000   Section      236  startup_stm32f10x_ld.o(RESET)
    !!!main                                  0x080000ec   Section        8  __main.o(!!!main)
    !!!scatter                               0x080000f4   Section       52  __scatter.o(!!!scatter)
    !!handler_copy                           0x08000128   Section       26  __scatter_copy.o(!!handler_copy)
    !!handler_zi                             0x08000144   Section       28  __scatter_zi.o(!!handler_zi)
    .ARM.Collect$$libinit$$00000000          0x08000160   Section        2  libinit.o(.ARM.Collect$$libinit$$00000000)
    .ARM.Collect$$libinit$$00000002          0x08000162   Section        0  libinit2.o(.ARM.Collect$$libinit$$00000002)
    .ARM.Collect$$libinit$$00000004          0x08000162   Section        0  libinit2.o(.ARM.Collect$$libinit$$00000004)
    .ARM.Collect$$libinit$$0000000A          0x08000162   Section        0  libinit2.o(.ARM.Collect$$libinit$$0000000A)
    .ARM.Collect$$libinit$$0000000C          0x08000162   Section        0  libinit2.o(.ARM.Collect$$libinit$$0000000C)
    .ARM.Collect$$libinit$$0000000E          0x08000162   Section        0  libinit2.o(.ARM.Collect$$libinit$$0000000E)
    .ARM.Collect$$libinit$$00000011          0x08000162   Section        0  libinit2.o(.ARM.Collect$$libinit$$00000011)
    .ARM.Collect$$libinit$$00000013          0x08000162   Section        0  libinit2.o(.ARM.Collect$$libinit$$00000013)
    .ARM.Collect$$libinit$$00000015          0x08000162   Section        0  libinit2.o(.ARM.Collect$$libinit$$00000015)
    .ARM.Collect$$libinit$$00000017          0x08000162   Section        0  libinit2.o(.ARM.Collect$$libinit$$00000017)
    .ARM.Collect$$libinit$$00000019          0x08000162   Section        0  libinit2.o(.ARM.Collect$$libinit$$00000019)
    .ARM.Collect$$libinit$$0000001B          0x08000162   Section        0  libinit2.o(.ARM.Collect$$libinit$$0000001B)
    .ARM.Collect$$libinit$$0000001D          0x08000162   Section        0  libinit2.o(.ARM.Collect$$libinit$$0000001D)
    .ARM.Collect$$libinit$$0000001F          0x08000162   Section        0  libinit2.o(.ARM.Collect$$libinit$$0000001F)
    .ARM.Collect$$libinit$$00000021          0x08000162   Section        0  libinit2.o(.ARM.Collect$$libinit$$00000021)
    .ARM.Collect$$libinit$$00000023          0x08000162   Section        0  libinit2.o(.ARM.Collect$$libinit$$00000023)
    .ARM.Collect$$libinit$$00000025          0x08000162   Section        0  libinit2.o(.ARM.Collect$$libinit$$00000025)
    .ARM.Collect$$libinit$$0000002C          0x08000162   Section        0  libinit2.o(.ARM.Collect$$libinit$$0000002C)
    .ARM.Collect$$libinit$$0000002E          0x08000162   Section        0  libinit2.o(.ARM.Collect$$libinit$$0000002E)
    .ARM.Collect$$libinit$$00000030          0x08000162   Section        0  libinit2.o(.ARM.Collect$$libinit$$00000030)
    .ARM.Collect$$libinit$$00000032          0x08000162   Section        0  libinit2.o(.ARM.Collect$$libinit$$00000032)
    .ARM.Collect$$libinit$$00000033          0x08000162   Section        2  libinit2.o(.ARM.Collect$$libinit$$00000033)
    .ARM.Collect$$libshutdown$$00000000      0x08000164   Section        2  libshutdown.o(.ARM.Collect$$libshutdown$$00000000)
    .ARM.Collect$$libshutdown$$00000002      0x08000166   Section        0  libshutdown2.o(.ARM.Collect$$libshutdown$$00000002)
    .ARM.Collect$$libshutdown$$00000004      0x08000166   Section        0  libshutdown2.o(.ARM.Collect$$libshutdown$$00000004)
    .ARM.Collect$$libshutdown$$00000007      0x08000166   Section        0  libshutdown2.o(.ARM.Collect$$libshutdown$$00000007)
    .ARM.Collect$$libshutdown$$0000000A      0x08000166   Section        0  libshutdown2.o(.ARM.Collect$$libshutdown$$0000000A)
    .ARM.Collect$$libshutdown$$0000000C      0x08000166   Section        0  libshutdown2.o(.ARM.Collect$$libshutdown$$0000000C)
    .ARM.Collect$$libshutdown$$0000000F      0x08000166   Section        0  libshutdown2.o(.ARM.Collect$$libshutdown$$0000000F)
    .ARM.Collect$$libshutdown$$00000010      0x08000166   Section        2  libshutdown2.o(.ARM.Collect$$libshutdown$$00000010)
    .ARM.Collect$$rtentry$$00000000          0x08000168   Section        0  __rtentry.o(.ARM.Collect$$rtentry$$00000000)
    .ARM.Collect$$rtentry$$00000002          0x08000168   Section        0  __rtentry2.o(.ARM.Collect$$rtentry$$00000002)
    .ARM.Collect$$rtentry$$00000004          0x08000168   Section        6  __rtentry4.o(.ARM.Collect$$rtentry$$00000004)
    .ARM.Collect$$rtentry$$00000009          0x0800016e   Section        0  __rtentry2.o(.ARM.Collect$$rtentry$$00000009)
    .ARM.Collect$$rtentry$$0000000A          0x0800016e   Section        4  __rtentry2.o(.ARM.Collect$$rtentry$$0000000A)
    .ARM.Collect$$rtentry$$0000000C          0x08000172   Section        0  __rtentry2.o(.ARM.Collect$$rtentry$$0000000C)
    .ARM.Collect$$rtentry$$0000000D          0x08000172   Section        8  __rtentry2.o(.ARM.Collect$$rtentry$$0000000D)
    .ARM.Collect$$rtexit$$00000000           0x0800017a   Section        2  rtexit.o(.ARM.Collect$$rtexit$$00000000)
    .ARM.Collect$$rtexit$$00000002           0x0800017c   Section        0  rtexit2.o(.ARM.Collect$$rtexit$$00000002)
    .ARM.Collect$$rtexit$$00000003           0x0800017c   Section        4  rtexit2.o(.ARM.Collect$$rtexit$$00000003)
    .ARM.Collect$$rtexit$$00000004           0x08000180   Section        6  rtexit2.o(.ARM.Collect$$rtexit$$00000004)
    .text                                    0x08000188   Section       64  startup_stm32f10x_ld.o(.text)
    .text                                    0x080001c8   Section        0  strncmp.o(.text)
    .text                                    0x0800025e   Section        0  heapauxi.o(.text)
    .text                                    0x08000264   Section       74  sys_stackheap_outer.o(.text)
    .text                                    0x080002ae   Section        0  exit.o(.text)
    .text                                    0x080002c0   Section        8  libspace.o(.text)
    .text                                    0x080002c8   Section        0  sys_exit.o(.text)
    .text                                    0x080002d4   Section        2  use_no_semi.o(.text)
    .text                                    0x080002d6   Section        0  indicate_semi.o(.text)
    i.ESP_TimeOutAlarm                       0x080002d8   Section        0  hesp_program.o(i.ESP_TimeOutAlarm)
    ESP_TimeOutAlarm                         0x080002d9   Thumb Code    38  hesp_program.o(i.ESP_TimeOutAlarm)
    i.GetUsartPointer                        0x08000308   Section        0  muart_program.o(i.GetUsartPointer)
    i.HESP_INIT                              0x0800033c   Section        0  hesp_program.o(i.HESP_INIT)
    i.HESP_RESET                             0x08000390   Section        0  hesp_program.o(i.HESP_RESET)
    i.HESP_SEND_COMMAND                      0x080003bc   Section        0  hesp_program.o(i.HESP_SEND_COMMAND)
    i.HESP_errCheckESP                       0x08000574   Section        0  hesp_program.o(i.HESP_errCheckESP)
    i.HESP_voidInterruptDisable              0x08000590   Section        0  hesp_program.o(i.HESP_voidInterruptDisable)
    i.MGPIO_stderrorPinModeSelect            0x0800059c   Section        0  mgpio_program.o(i.MGPIO_stderrorPinModeSelect)
    i.MGPIO_stderrorSetPinValue              0x080007ec   Section        0  mgpio_program.o(i.MGPIO_stderrorSetPinValue)
    i.MRCC_stderrorInit                      0x080008b4   Section        0  mrcc_program.o(i.MRCC_stderrorInit)
    i.MSYSTICK_stderrorInit                  0x08000ae0   Section        0  msystick_program.o(i.MSYSTICK_stderrorInit)
    i.MSYSTICK_stderrorSetBusyWait           0x08000b0c   Section        0  msystick_program.o(i.MSYSTICK_stderrorSetBusyWait)
    i.MSYSTICK_stderrorSetPeriodiceInterval  0x08000b3c   Section        0  msystick_program.o(i.MSYSTICK_stderrorSetPeriodiceInterval)
    i.MSYSTICK_voidStopTICK                  0x08000b78   Section        0  msystick_program.o(i.MSYSTICK_voidStopTICK)
    i.MUART_u16GetData                       0x08000b8a   Section        0  muart_program.o(i.MUART_u16GetData)
    i.MUART_u8RXNEFlag                       0x08000ba2   Section        0  muart_program.o(i.MUART_u8RXNEFlag)
    i.MUART_voidInit                         0x08000bbc   Section        0  muart_program.o(i.MUART_voidInit)
    i.MUART_voidInterruptDisable             0x08000c90   Section        0  muart_program.o(i.MUART_voidInterruptDisable)
    i.MUART_voidTransimit                    0x08000cac   Section        0  muart_program.o(i.MUART_voidTransimit)
    i.RCC_EnablePeripheralClk                0x08000ccc   Section        0  mrcc_program.o(i.RCC_EnablePeripheralClk)
    i.SWIFI_errConfigSoftAP                  0x08000d20   Section        0  swifi_program.o(i.SWIFI_errConfigSoftAP)
    i.SWIFI_errConnectSSID                   0x08000dd8   Section        0  swifi_program.o(i.SWIFI_errConnectSSID)
    i.SWIFI_errDisconnectSSID                0x08000e60   Section        0  swifi_program.o(i.SWIFI_errDisconnectSSID)
    i.SWIFI_errTurnOn                        0x08000e94   Section        0  swifi_program.o(i.SWIFI_errTurnOn)
    i.SetSysClock                            0x08000f1c   Section        0  system_stm32f10x.o(i.SetSysClock)
    SetSysClock                              0x08000f1d   Thumb Code     8  system_stm32f10x.o(i.SetSysClock)
    i.SetSysClockTo72                        0x08000f24   Section        0  system_stm32f10x.o(i.SetSysClockTo72)
    SetSysClockTo72                          0x08000f25   Thumb Code   214  system_stm32f10x.o(i.SetSysClockTo72)
    i.SysTick_Handler                        0x08001004   Section        0  msystick_program.o(i.SysTick_Handler)
    i.SystemInit                             0x08001040   Section        0  system_stm32f10x.o(i.SystemInit)
    i.USART1_IRQHandler                      0x080010a0   Section        0  muart_program.o(i.USART1_IRQHandler)
    i.USART2_IRQHandler                      0x080010b4   Section        0  muart_program.o(i.USART2_IRQHandler)
    i.app_init                               0x080010c8   Section        0  main.o(i.app_init)
    i.main                                   0x080010f0   Section        0  main.o(i.main)
    x$fpl$dadd                               0x0800116c   Section      336  daddsub_clz.o(x$fpl$dadd)
    _dadd1                                   0x0800117d   Thumb Code     0  daddsub_clz.o(x$fpl$dadd)
    x$fpl$ddiv                               0x080012bc   Section      688  ddiv.o(x$fpl$ddiv)
    ddiv_entry                               0x080012c3   Thumb Code     0  ddiv.o(x$fpl$ddiv)
    x$fpl$dfix                               0x0800156c   Section       94  dfix.o(x$fpl$dfix)
    x$fpl$dflt                               0x080015ca   Section       46  dflt_clz.o(x$fpl$dflt)
    x$fpl$dfltu                              0x080015f8   Section       38  dflt_clz.o(x$fpl$dfltu)
    x$fpl$dmul                               0x08001620   Section      340  dmul.o(x$fpl$dmul)
    x$fpl$dnaninf                            0x08001774   Section      156  dnaninf.o(x$fpl$dnaninf)
    x$fpl$dretinf                            0x08001810   Section       12  dretinf.o(x$fpl$dretinf)
    x$fpl$drsb                               0x0800181c   Section       22  daddsub_clz.o(x$fpl$drsb)
    x$fpl$dsub                               0x08001834   Section      468  daddsub_clz.o(x$fpl$dsub)
    _dsub1                                   0x08001845   Thumb Code     0  daddsub_clz.o(x$fpl$dsub)
    x$fpl$usenofp                            0x08001a08   Section        0  usenofp.o(x$fpl$usenofp)
    .data                                    0x20000000   Section        8  hesp_program.o(.data)
    .data                                    0x20000008   Section        1  mrcc_program.o(.data)
    MRCC_u8PllCk                             0x20000008   Data           1  mrcc_program.o(.data)
    .data                                    0x2000000c   Section        5  msystick_program.o(.data)
    MSYSTICK_pvoidfUserFunctionSysTick       0x2000000c   Data           4  msystick_program.o(.data)
    MSYSTICK_u8SelectISR                     0x20000010   Data           1  msystick_program.o(.data)
    .data                                    0x20000011   Section        1  main.o(.data)
    .bss                                     0x20000014   Section       12  muart_program.o(.bss)
    .bss                                     0x20000020   Section       50  swifi_program.o(.bss)
    .bss                                     0x20000054   Section       96  libspace.o(.bss)
    HEAP                                     0x200000b8   Section      512  startup_stm32f10x_ld.o(HEAP)
    Heap_Mem                                 0x200000b8   Data         512  startup_stm32f10x_ld.o(HEAP)
    STACK                                    0x200002b8   Section     1024  startup_stm32f10x_ld.o(STACK)
    Stack_Mem                                0x200002b8   Data        1024  startup_stm32f10x_ld.o(STACK)
    __initial_sp                             0x200006b8   Data           0  startup_stm32f10x_ld.o(STACK)

    Global Symbols

    Symbol Name                              Value     Ov Type        Size  Object(Section)

    BuildAttributes$$THM_ISAv4$P$D$K$B$S$PE$A:L22UL41UL21$X:L11$S22US41US21$IEEE1$IW$USESV6$~STKCKD$USESV7$~SHL$OSPACE$ROPI$EBA8$UX$STANDARDLIB$REQ8$PRES8$EABIv2 0x00000000   Number         0  anon$$obj.o ABSOLUTE
    __ARM_use_no_argv                        0x00000000   Number         0  main.o ABSOLUTE
    __ARM_exceptions_init                     - Undefined Weak Reference
    __alloca_initialize                       - Undefined Weak Reference
    __arm_preinit_                            - Undefined Weak Reference
    __cpp_initialize__aeabi_                  - Undefined Weak Reference
    __cxa_finalize                            - Undefined Weak Reference
    __rt_locale                               - Undefined Weak Reference
    __sigvec_lookup                           - Undefined Weak Reference
    _atexit_init                              - Undefined Weak Reference
    _call_atexit_fns                          - Undefined Weak Reference
    _clock_init                               - Undefined Weak Reference
    _fp_trap_init                             - Undefined Weak Reference
    _fp_trap_shutdown                         - Undefined Weak Reference
    _get_lc_collate                           - Undefined Weak Reference
    _get_lc_ctype                             - Undefined Weak Reference
    _get_lc_monetary                          - Undefined Weak Reference
    _get_lc_numeric                           - Undefined Weak Reference
    _get_lc_time                              - Undefined Weak Reference
    _getenv_init                              - Undefined Weak Reference
    _handle_redirection                       - Undefined Weak Reference
    _init_alloc                               - Undefined Weak Reference
    _init_user_alloc                          - Undefined Weak Reference
    _initio                                   - Undefined Weak Reference
    _rand_init                                - Undefined Weak Reference
    _signal_finish                            - Undefined Weak Reference
    _signal_init                              - Undefined Weak Reference
    _terminate_alloc                          - Undefined Weak Reference
    _terminate_user_alloc                     - Undefined Weak Reference
    _terminateio                              - Undefined Weak Reference
    __Vectors_Size                           0x000000ec   Number         0  startup_stm32f10x_ld.o ABSOLUTE
    __Vectors                                0x08000000   Data           4  startup_stm32f10x_ld.o(RESET)
    __Vectors_End                            0x080000ec   Data           0  startup_stm32f10x_ld.o(RESET)
    __main                                   0x080000ed   Thumb Code     8  __main.o(!!!main)
    __scatterload                            0x080000f5   Thumb Code     0  __scatter.o(!!!scatter)
    __scatterload_rt2                        0x080000f5   Thumb Code    44  __scatter.o(!!!scatter)
    __scatterload_rt2_thumb_only             0x080000f5   Thumb Code     0  __scatter.o(!!!scatter)
    __scatterload_null                       0x08000103   Thumb Code     0  __scatter.o(!!!scatter)
    __scatterload_copy                       0x08000129   Thumb Code    26  __scatter_copy.o(!!handler_copy)
    __scatterload_zeroinit                   0x08000145   Thumb Code    28  __scatter_zi.o(!!handler_zi)
    __rt_lib_init                            0x08000161   Thumb Code     0  libinit.o(.ARM.Collect$$libinit$$00000000)
    __rt_lib_init_alloca_1                   0x08000163   Thumb Code     0  libinit2.o(.ARM.Collect$$libinit$$0000002E)
    __rt_lib_init_argv_1                     0x08000163   Thumb Code     0  libinit2.o(.ARM.Collect$$libinit$$0000002C)
    __rt_lib_init_atexit_1                   0x08000163   Thumb Code     0  libinit2.o(.ARM.Collect$$libinit$$0000001B)
    __rt_lib_init_clock_1                    0x08000163   Thumb Code     0  libinit2.o(.ARM.Collect$$libinit$$00000021)
    __rt_lib_init_cpp_1                      0x08000163   Thumb Code     0  libinit2.o(.ARM.Collect$$libinit$$00000032)
    __rt_lib_init_exceptions_1               0x08000163   Thumb Code     0  libinit2.o(.ARM.Collect$$libinit$$00000030)
    __rt_lib_init_fp_1                       0x08000163   Thumb Code     0  libinit2.o(.ARM.Collect$$libinit$$00000002)
    __rt_lib_init_fp_trap_1                  0x08000163   Thumb Code     0  libinit2.o(.ARM.Collect$$libinit$$0000001F)
    __rt_lib_init_getenv_1                   0x08000163   Thumb Code     0  libinit2.o(.ARM.Collect$$libinit$$00000023)
    __rt_lib_init_heap_1                     0x08000163   Thumb Code     0  libinit2.o(.ARM.Collect$$libinit$$0000000A)
    __rt_lib_init_lc_collate_1               0x08000163   Thumb Code     0  libinit2.o(.ARM.Collect$$libinit$$00000011)
    __rt_lib_init_lc_ctype_1                 0x08000163   Thumb Code     0  libinit2.o(.ARM.Collect$$libinit$$00000013)
    __rt_lib_init_lc_monetary_1              0x08000163   Thumb Code     0  libinit2.o(.ARM.Collect$$libinit$$00000015)
    __rt_lib_init_lc_numeric_1               0x08000163   Thumb Code     0  libinit2.o(.ARM.Collect$$libinit$$00000017)
    __rt_lib_init_lc_time_1                  0x08000163   Thumb Code     0  libinit2.o(.ARM.Collect$$libinit$$00000019)
    __rt_lib_init_preinit_1                  0x08000163   Thumb Code     0  libinit2.o(.ARM.Collect$$libinit$$00000004)
    __rt_lib_init_rand_1                     0x08000163   Thumb Code     0  libinit2.o(.ARM.Collect$$libinit$$0000000E)
    __rt_lib_init_return                     0x08000163   Thumb Code     0  libinit2.o(.ARM.Collect$$libinit$$00000033)
    __rt_lib_init_signal_1                   0x08000163   Thumb Code     0  libinit2.o(.ARM.Collect$$libinit$$0000001D)
    __rt_lib_init_stdio_1                    0x08000163   Thumb Code     0  libinit2.o(.ARM.Collect$$libinit$$00000025)
    __rt_lib_init_user_alloc_1               0x08000163   Thumb Code     0  libinit2.o(.ARM.Collect$$libinit$$0000000C)
    __rt_lib_shutdown                        0x08000165   Thumb Code     0  libshutdown.o(.ARM.Collect$$libshutdown$$00000000)
    __rt_lib_shutdown_cpp_1                  0x08000167   Thumb Code     0  libshutdown2.o(.ARM.Collect$$libshutdown$$00000002)
    __rt_lib_shutdown_fp_trap_1              0x08000167   Thumb Code     0  libshutdown2.o(.ARM.Collect$$libshutdown$$00000007)
    __rt_lib_shutdown_heap_1                 0x08000167   Thumb Code     0  libshutdown2.o(.ARM.Collect$$libshutdown$$0000000F)
    __rt_lib_shutdown_return                 0x08000167   Thumb Code     0  libshutdown2.o(.ARM.Collect$$libshutdown$$00000010)
    __rt_lib_shutdown_signal_1               0x08000167   Thumb Code     0  libshutdown2.o(.ARM.Collect$$libshutdown$$0000000A)
    __rt_lib_shutdown_stdio_1                0x08000167   Thumb Code     0  libshutdown2.o(.ARM.Collect$$libshutdown$$00000004)
    __rt_lib_shutdown_user_alloc_1           0x08000167   Thumb Code     0  libshutdown2.o(.ARM.Collect$$libshutdown$$0000000C)
    __rt_entry                               0x08000169   Thumb Code     0  __rtentry.o(.ARM.Collect$$rtentry$$00000000)
    __rt_entry_presh_1                       0x08000169   Thumb Code     0  __rtentry2.o(.ARM.Collect$$rtentry$$00000002)
    __rt_entry_sh                            0x08000169   Thumb Code     0  __rtentry4.o(.ARM.Collect$$rtentry$$00000004)
    __rt_entry_li                            0x0800016f   Thumb Code     0  __rtentry2.o(.ARM.Collect$$rtentry$$0000000A)
    __rt_entry_postsh_1                      0x0800016f   Thumb Code     0  __rtentry2.o(.ARM.Collect$$rtentry$$00000009)
    __rt_entry_main                          0x08000173   Thumb Code     0  __rtentry2.o(.ARM.Collect$$rtentry$$0000000D)
    __rt_entry_postli_1                      0x08000173   Thumb Code     0  __rtentry2.o(.ARM.Collect$$rtentry$$0000000C)
    __rt_exit                                0x0800017b   Thumb Code     0  rtexit.o(.ARM.Collect$$rtexit$$00000000)
    __rt_exit_ls                             0x0800017d   Thumb Code     0  rtexit2.o(.ARM.Collect$$rtexit$$00000003)
    __rt_exit_prels_1                        0x0800017d   Thumb Code     0  rtexit2.o(.ARM.Collect$$rtexit$$00000002)
    __rt_exit_exit                           0x08000181   Thumb Code     0  rtexit2.o(.ARM.Collect$$rtexit$$00000004)
    Reset_Handler                            0x08000189   Thumb Code     8  startup_stm32f10x_ld.o(.text)
    NMI_Handler                              0x08000191   Thumb Code     2  startup_stm32f10x_ld.o(.text)
    HardFault_Handler                        0x08000193   Thumb Code     2  startup_stm32f10x_ld.o(.text)
    MemManage_Handler                        0x08000195   Thumb Code     2  startup_stm32f10x_ld.o(.text)
    BusFault_Handler                         0x08000197   Thumb Code     2  startup_stm32f10x_ld.o(.text)
    UsageFault_Handler                       0x08000199   Thumb Code     2  startup_stm32f10x_ld.o(.text)
    SVC_Handler                              0x0800019b   Thumb Code     2  startup_stm32f10x_ld.o(.text)
    DebugMon_Handler                         0x0800019d   Thumb Code     2  startup_stm32f10x_ld.o(.text)
    PendSV_Handler                           0x0800019f   Thumb Code     2  startup_stm32f10x_ld.o(.text)
    ADC1_2_IRQHandler                        0x080001a3   Thumb Code     0  startup_stm32f10x_ld.o(.text)
    CAN1_RX1_IRQHandler                      0x080001a3   Thumb Code     0  startup_stm32f10x_ld.o(.text)
    CAN1_SCE_IRQHandler                      0x080001a3   Thumb Code     0  startup_stm32f10x_ld.o(.text)
    DMA1_Channel1_IRQHandler                 0x080001a3   Thumb Code     0  startup_stm32f10x_ld.o(.text)
    DMA1_Channel2_IRQHandler                 0x080001a3   Thumb Code     0  startup_stm32f10x_ld.o(.text)
    DMA1_Channel3_IRQHandler                 0x080001a3   Thumb Code     0  startup_stm32f10x_ld.o(.text)
    DMA1_Channel4_IRQHandler                 0x080001a3   Thumb Code     0  startup_stm32f10x_ld.o(.text)
    DMA1_Channel5_IRQHandler                 0x080001a3   Thumb Code     0  startup_stm32f10x_ld.o(.text)
    DMA1_Channel6_IRQHandler                 0x080001a3   Thumb Code     0  startup_stm32f10x_ld.o(.text)
    DMA1_Channel7_IRQHandler                 0x080001a3   Thumb Code     0  startup_stm32f10x_ld.o(.text)
    EXTI0_IRQHandler                         0x080001a3   Thumb Code     0  startup_stm32f10x_ld.o(.text)
    EXTI15_10_IRQHandler                     0x080001a3   Thumb Code     0  startup_stm32f10x_ld.o(.text)
    EXTI1_IRQHandler                         0x080001a3   Thumb Code     0  startup_stm32f10x_ld.o(.text)
    EXTI2_IRQHandler                         0x080001a3   Thumb Code     0  startup_stm32f10x_ld.o(.text)
    EXTI3_IRQHandler                         0x080001a3   Thumb Code     0  startup_stm32f10x_ld.o(.text)
    EXTI4_IRQHandler                         0x080001a3   Thumb Code     0  startup_stm32f10x_ld.o(.text)
    EXTI9_5_IRQHandler                       0x080001a3   Thumb Code     0  startup_stm32f10x_ld.o(.text)
    FLASH_IRQHandler                         0x080001a3   Thumb Code     0  startup_stm32f10x_ld.o(.text)
    I2C1_ER_IRQHandler                       0x080001a3   Thumb Code     0  startup_stm32f10x_ld.o(.text)
    I2C1_EV_IRQHandler                       0x080001a3   Thumb Code     0  startup_stm32f10x_ld.o(.text)
    PVD_IRQHandler                           0x080001a3   Thumb Code     0  startup_stm32f10x_ld.o(.text)
    RCC_IRQHandler                           0x080001a3   Thumb Code     0  startup_stm32f10x_ld.o(.text)
    RTCAlarm_IRQHandler                      0x080001a3   Thumb Code     0  startup_stm32f10x_ld.o(.text)
    RTC_IRQHandler                           0x080001a3   Thumb Code     0  startup_stm32f10x_ld.o(.text)
    SPI1_IRQHandler                          0x080001a3   Thumb Code     0  startup_stm32f10x_ld.o(.text)
    TAMPER_IRQHandler                        0x080001a3   Thumb Code     0  startup_stm32f10x_ld.o(.text)
    TIM1_BRK_IRQHandler                      0x080001a3   Thumb Code     0  startup_stm32f10x_ld.o(.text)
    TIM1_CC_IRQHandler                       0x080001a3   Thumb Code     0  startup_stm32f10x_ld.o(.text)
    TIM1_TRG_COM_IRQHandler                  0x080001a3   Thumb Code     0  startup_stm32f10x_ld.o(.text)
    TIM1_UP_IRQHandler                       0x080001a3   Thumb Code     0  startup_stm32f10x_ld.o(.text)
    TIM2_IRQHandler                          0x080001a3   Thumb Code     0  startup_stm32f10x_ld.o(.text)
    TIM3_IRQHandler                          0x080001a3   Thumb Code     0  startup_stm32f10x_ld.o(.text)
    USBWakeUp_IRQHandler                     0x080001a3   Thumb Code     0  startup_stm32f10x_ld.o(.text)
    USB_HP_CAN1_TX_IRQHandler                0x080001a3   Thumb Code     0  startup_stm32f10x_ld.o(.text)
    USB_LP_CAN1_RX0_IRQHandler               0x080001a3   Thumb Code     0  startup_stm32f10x_ld.o(.text)
    WWDG_IRQHandler                          0x080001a3   Thumb Code     0  startup_stm32f10x_ld.o(.text)
    __user_initial_stackheap                 0x080001a5   Thumb Code     0  startup_stm32f10x_ld.o(.text)
    strncmp                                  0x080001c9   Thumb Code   150  strncmp.o(.text)
    __use_two_region_memory                  0x0800025f   Thumb Code     2  heapauxi.o(.text)
    __rt_heap_escrow$2region                 0x08000261   Thumb Code     2  heapauxi.o(.text)
    __rt_heap_expand$2region                 0x08000263   Thumb Code     2  heapauxi.o(.text)
    __user_setup_stackheap                   0x08000265   Thumb Code    74  sys_stackheap_outer.o(.text)
    exit                                     0x080002af   Thumb Code    18  exit.o(.text)
    __user_libspace                          0x080002c1   Thumb Code     8  libspace.o(.text)
    __user_perproc_libspace                  0x080002c1   Thumb Code     0  libspace.o(.text)
    __user_perthread_libspace                0x080002c1   Thumb Code     0  libspace.o(.text)
    _sys_exit                                0x080002c9   Thumb Code     8  sys_exit.o(.text)
    __I$use$semihosting                      0x080002d5   Thumb Code     0  use_no_semi.o(.text)
    __use_no_semihosting_swi                 0x080002d5   Thumb Code     2  use_no_semi.o(.text)
    __semihosting_library_function           0x080002d7   Thumb Code     0  indicate_semi.o(.text)
    GetUsartPointer                          0x08000309   Thumb Code    38  muart_program.o(i.GetUsartPointer)
    HESP_INIT                                0x0800033d   Thumb Code    82  hesp_program.o(i.HESP_INIT)
    HESP_RESET                               0x08000391   Thumb Code    36  hesp_program.o(i.HESP_RESET)
    HESP_SEND_COMMAND                        0x080003bd   Thumb Code   388  hesp_program.o(i.HESP_SEND_COMMAND)
    HESP_errCheckESP                         0x08000575   Thumb Code    18  hesp_program.o(i.HESP_errCheckESP)
    HESP_voidInterruptDisable                0x08000591   Thumb Code    12  hesp_program.o(i.HESP_voidInterruptDisable)
    MGPIO_stderrorPinModeSelect              0x0800059d   Thumb Code   586  mgpio_program.o(i.MGPIO_stderrorPinModeSelect)
    MGPIO_stderrorSetPinValue                0x080007ed   Thumb Code   194  mgpio_program.o(i.MGPIO_stderrorSetPinValue)
    MRCC_stderrorInit                        0x080008b5   Thumb Code   548  mrcc_program.o(i.MRCC_stderrorInit)
    MSYSTICK_stderrorInit                    0x08000ae1   Thumb Code    44  msystick_program.o(i.MSYSTICK_stderrorInit)
    MSYSTICK_stderrorSetBusyWait             0x08000b0d   Thumb Code    46  msystick_program.o(i.MSYSTICK_stderrorSetBusyWait)
    MSYSTICK_stderrorSetPeriodiceInterval    0x08000b3d   Thumb Code    50  msystick_program.o(i.MSYSTICK_stderrorSetPeriodiceInterval)
    MSYSTICK_voidStopTICK                    0x08000b79   Thumb Code    18  msystick_program.o(i.MSYSTICK_voidStopTICK)
    MUART_u16GetData                         0x08000b8b   Thumb Code    24  muart_program.o(i.MUART_u16GetData)
    MUART_u8RXNEFlag                         0x08000ba3   Thumb Code    26  muart_program.o(i.MUART_u8RXNEFlag)
    MUART_voidInit                           0x08000bbd   Thumb Code   202  muart_program.o(i.MUART_voidInit)
    MUART_voidInterruptDisable               0x08000c91   Thumb Code    28  muart_program.o(i.MUART_voidInterruptDisable)
    MUART_voidTransimit                      0x08000cad   Thumb Code    32  muart_program.o(i.MUART_voidTransimit)
    RCC_EnablePeripheralClk                  0x08000ccd   Thumb Code    80  mrcc_program.o(i.RCC_EnablePeripheralClk)
    SWIFI_errConfigSoftAP                    0x08000d21   Thumb Code   150  swifi_program.o(i.SWIFI_errConfigSoftAP)
    SWIFI_errConnectSSID                     0x08000dd9   Thumb Code   108  swifi_program.o(i.SWIFI_errConnectSSID)
    SWIFI_errDisconnectSSID                  0x08000e61   Thumb Code    36  swifi_program.o(i.SWIFI_errDisconnectSSID)
    SWIFI_errTurnOn                          0x08000e95   Thumb Code    84  swifi_program.o(i.SWIFI_errTurnOn)
    SysTick_Handler                          0x08001005   Thumb Code    52  msystick_program.o(i.SysTick_Handler)
    SystemInit                               0x08001041   Thumb Code    78  system_stm32f10x.o(i.SystemInit)
    USART1_IRQHandler                        0x080010a1   Thumb Code    16  muart_program.o(i.USART1_IRQHandler)
    USART2_IRQHandler                        0x080010b5   Thumb Code    16  muart_program.o(i.USART2_IRQHandler)
    app_init                                 0x080010c9   Thumb Code    38  main.o(i.app_init)
    main                                     0x080010f1   Thumb Code    72  main.o(i.main)
    __aeabi_dadd                             0x0800116d   Thumb Code     0  daddsub_clz.o(x$fpl$dadd)
    _dadd                                    0x0800116d   Thumb Code   332  daddsub_clz.o(x$fpl$dadd)
    __aeabi_ddiv                             0x080012bd   Thumb Code     0  ddiv.o(x$fpl$ddiv)
    _ddiv                                    0x080012bd   Thumb Code   552  ddiv.o(x$fpl$ddiv)
    __aeabi_d2iz                             0x0800156d   Thumb Code     0  dfix.o(x$fpl$dfix)
    _dfix                                    0x0800156d   Thumb Code    94  dfix.o(x$fpl$dfix)
    __aeabi_i2d                              0x080015cb   Thumb Code     0  dflt_clz.o(x$fpl$dflt)
    _dflt                                    0x080015cb   Thumb Code    46  dflt_clz.o(x$fpl$dflt)
    __aeabi_ui2d                             0x080015f9   Thumb Code     0  dflt_clz.o(x$fpl$dfltu)
    _dfltu                                   0x080015f9   Thumb Code    38  dflt_clz.o(x$fpl$dfltu)
    __aeabi_dmul                             0x08001621   Thumb Code     0  dmul.o(x$fpl$dmul)
    _dmul                                    0x08001621   Thumb Code   332  dmul.o(x$fpl$dmul)
    __fpl_dnaninf                            0x08001775   Thumb Code   156  dnaninf.o(x$fpl$dnaninf)
    __fpl_dretinf                            0x08001811   Thumb Code    12  dretinf.o(x$fpl$dretinf)
    __aeabi_drsub                            0x0800181d   Thumb Code     0  daddsub_clz.o(x$fpl$drsb)
    _drsb                                    0x0800181d   Thumb Code    22  daddsub_clz.o(x$fpl$drsb)
    __aeabi_dsub                             0x08001835   Thumb Code     0  daddsub_clz.o(x$fpl$dsub)
    _dsub                                    0x08001835   Thumb Code   464  daddsub_clz.o(x$fpl$dsub)
    Region$$Table$$Base                      0x08001a08   Number         0  anon$$obj.o(Region$$Table)
    __I$use$fp                               0x08001a08   Number         0  usenofp.o(x$fpl$usenofp)
    Region$$Table$$Limit                     0x08001a28   Number         0  anon$$obj.o(Region$$Table)
    ISTimeOut                                0x20000000   Data           1  hesp_program.o(.data)
    L_u32TimeOutCounter                      0x20000004   Data           4  hesp_program.o(.data)
    DATA                                     0x20000011   Data           1  main.o(.data)
    MUART_CALLBACK                           0x20000014   Data          12  muart_program.o(.bss)
    WIFI_Buffer                              0x20000020   Data          50  swifi_program.o(.bss)
    __libspace_start                         0x20000054   Data          96  libspace.o(.bss)
    __temporary_stack_top$libspace           0x200000b4   Data           0  libspace.o(.bss)



==============================================================================

Memory Map of the image

  Image Entry point : 0x080000ed

  Load Region LR_IROM1 (Base: 0x08000000, Size: 0x00001a3c, Max: 0x00008000, ABSOLUTE)

    Execution Region ER_IROM1 (Exec base: 0x08000000, Load base: 0x08000000, Size: 0x00001a28, Max: 0x00008000, ABSOLUTE)

    Exec Addr    Load Addr    Size         Type   Attr      Idx    E Section Name        Object

    0x08000000   0x08000000   0x000000ec   Data   RO          463    RESET               startup_stm32f10x_ld.o
    0x080000ec   0x080000ec   0x00000008   Code   RO          543  * !!!main             c_w.l(__main.o)
    0x080000f4   0x080000f4   0x00000034   Code   RO          727    !!!scatter          c_w.l(__scatter.o)
    0x08000128   0x08000128   0x0000001a   Code   RO          729    !!handler_copy      c_w.l(__scatter_copy.o)
    0x08000142   0x08000142   0x00000002   PAD
    0x08000144   0x08000144   0x0000001c   Code   RO          731    !!handler_zi        c_w.l(__scatter_zi.o)
    0x08000160   0x08000160   0x00000002   Code   RO          597    .ARM.Collect$$libinit$$00000000  c_w.l(libinit.o)
    0x08000162   0x08000162   0x00000000   Code   RO          604    .ARM.Collect$$libinit$$00000002  c_w.l(libinit2.o)
    0x08000162   0x08000162   0x00000000   Code   RO          606    .ARM.Collect$$libinit$$00000004  c_w.l(libinit2.o)
    0x08000162   0x08000162   0x00000000   Code   RO          609    .ARM.Collect$$libinit$$0000000A  c_w.l(libinit2.o)
    0x08000162   0x08000162   0x00000000   Code   RO          611    .ARM.Collect$$libinit$$0000000C  c_w.l(libinit2.o)
    0x08000162   0x08000162   0x00000000   Code   RO          613    .ARM.Collect$$libinit$$0000000E  c_w.l(libinit2.o)
    0x08000162   0x08000162   0x00000000   Code   RO          616    .ARM.Collect$$libinit$$00000011  c_w.l(libinit2.o)
    0x08000162   0x08000162   0x00000000   Code   RO          618    .ARM.Collect$$libinit$$00000013  c_w.l(libinit2.o)
    0x08000162   0x08000162   0x00000000   Code   RO          620    .ARM.Collect$$libinit$$00000015  c_w.l(libinit2.o)
    0x08000162   0x08000162   0x00000000   Code   RO          622    .ARM.Collect$$libinit$$00000017  c_w.l(libinit2.o)
    0x08000162   0x08000162   0x00000000   Code   RO          624    .ARM.Collect$$libinit$$00000019  c_w.l(libinit2.o)
    0x08000162   0x08000162   0x00000000   Code   RO          626    .ARM.Collect$$libinit$$0000001B  c_w.l(libinit2.o)
    0x08000162   0x08000162   0x00000000   Code   RO          628    .ARM.Collect$$libinit$$0000001D  c_w.l(libinit2.o)
    0x08000162   0x08000162   0x00000000   Code   RO          630    .ARM.Collect$$libinit$$0000001F  c_w.l(libinit2.o)
    0x08000162   0x08000162   0x00000000   Code   RO          632    .ARM.Collect$$libinit$$00000021  c_w.l(libinit2.o)
    0x08000162   0x08000162   0x00000000   Code   RO          634    .ARM.Collect$$libinit$$00000023  c_w.l(libinit2.o)
    0x08000162   0x08000162   0x00000000   Code   RO          636    .ARM.Collect$$libinit$$00000025  c_w.l(libinit2.o)
    0x08000162   0x08000162   0x00000000   Code   RO          640    .ARM.Collect$$libinit$$0000002C  c_w.l(libinit2.o)
    0x08000162   0x08000162   0x00000000   Code   RO          642    .ARM.Collect$$libinit$$0000002E  c_w.l(libinit2.o)
    0x08000162   0x08000162   0x00000000   Code   RO          644    .ARM.Collect$$libinit$$00000030  c_w.l(libinit2.o)
    0x08000162   0x08000162   0x00000000   Code   RO          646    .ARM.Collect$$libinit$$00000032  c_w.l(libinit2.o)
    0x08000162   0x08000162   0x00000002   Code   RO          647    .ARM.Collect$$libinit$$00000033  c_w.l(libinit2.o)
    0x08000164   0x08000164   0x00000002   Code   RO          667    .ARM.Collect$$libshutdown$$00000000  c_w.l(libshutdown.o)
    0x08000166   0x08000166   0x00000000   Code   RO          680    .ARM.Collect$$libshutdown$$00000002  c_w.l(libshutdown2.o)
    0x08000166   0x08000166   0x00000000   Code   RO          682    .ARM.Collect$$libshutdown$$00000004  c_w.l(libshutdown2.o)
    0x08000166   0x08000166   0x00000000   Code   RO          685    .ARM.Collect$$libshutdown$$00000007  c_w.l(libshutdown2.o)
    0x08000166   0x08000166   0x00000000   Code   RO          688    .ARM.Collect$$libshutdown$$0000000A  c_w.l(libshutdown2.o)
    0x08000166   0x08000166   0x00000000   Code   RO          690    .ARM.Collect$$libshutdown$$0000000C  c_w.l(libshutdown2.o)
    0x08000166   0x08000166   0x00000000   Code   RO          693    .ARM.Collect$$libshutdown$$0000000F  c_w.l(libshutdown2.o)
    0x08000166   0x08000166   0x00000002   Code   RO          694    .ARM.Collect$$libshutdown$$00000010  c_w.l(libshutdown2.o)
    0x08000168   0x08000168   0x00000000   Code   RO          567    .ARM.Collect$$rtentry$$00000000  c_w.l(__rtentry.o)
    0x08000168   0x08000168   0x00000000   Code   RO          574    .ARM.Collect$$rtentry$$00000002  c_w.l(__rtentry2.o)
    0x08000168   0x08000168   0x00000006   Code   RO          586    .ARM.Collect$$rtentry$$00000004  c_w.l(__rtentry4.o)
    0x0800016e   0x0800016e   0x00000000   Code   RO          576    .ARM.Collect$$rtentry$$00000009  c_w.l(__rtentry2.o)
    0x0800016e   0x0800016e   0x00000004   Code   RO          577    .ARM.Collect$$rtentry$$0000000A  c_w.l(__rtentry2.o)
    0x08000172   0x08000172   0x00000000   Code   RO          579    .ARM.Collect$$rtentry$$0000000C  c_w.l(__rtentry2.o)
    0x08000172   0x08000172   0x00000008   Code   RO          580    .ARM.Collect$$rtentry$$0000000D  c_w.l(__rtentry2.o)
    0x0800017a   0x0800017a   0x00000002   Code   RO          601    .ARM.Collect$$rtexit$$00000000  c_w.l(rtexit.o)
    0x0800017c   0x0800017c   0x00000000   Code   RO          649    .ARM.Collect$$rtexit$$00000002  c_w.l(rtexit2.o)
    0x0800017c   0x0800017c   0x00000004   Code   RO          650    .ARM.Collect$$rtexit$$00000003  c_w.l(rtexit2.o)
    0x08000180   0x08000180   0x00000006   Code   RO          651    .ARM.Collect$$rtexit$$00000004  c_w.l(rtexit2.o)
    0x08000186   0x08000186   0x00000002   PAD
    0x08000188   0x08000188   0x00000040   Code   RO          464    .text               startup_stm32f10x_ld.o
    0x080001c8   0x080001c8   0x00000096   Code   RO          539    .text               c_w.l(strncmp.o)
    0x0800025e   0x0800025e   0x00000006   Code   RO          541    .text               c_w.l(heapauxi.o)
    0x08000264   0x08000264   0x0000004a   Code   RO          588    .text               c_w.l(sys_stackheap_outer.o)
    0x080002ae   0x080002ae   0x00000012   Code   RO          590    .text               c_w.l(exit.o)
    0x080002c0   0x080002c0   0x00000008   Code   RO          598    .text               c_w.l(libspace.o)
    0x080002c8   0x080002c8   0x0000000c   Code   RO          659    .text               c_w.l(sys_exit.o)
    0x080002d4   0x080002d4   0x00000002   Code   RO          670    .text               c_w.l(use_no_semi.o)
    0x080002d6   0x080002d6   0x00000000   Code   RO          672    .text               c_w.l(indicate_semi.o)
    0x080002d6   0x080002d6   0x00000002   PAD
    0x080002d8   0x080002d8   0x00000030   Code   RO            1    i.ESP_TimeOutAlarm  hesp_program.o
    0x08000308   0x08000308   0x00000034   Code   RO          267    i.GetUsartPointer   muart_program.o
    0x0800033c   0x0800033c   0x00000052   Code   RO            5    i.HESP_INIT         hesp_program.o
    0x0800038e   0x0800038e   0x00000002   PAD
    0x08000390   0x08000390   0x0000002c   Code   RO            6    i.HESP_RESET        hesp_program.o
    0x080003bc   0x080003bc   0x000001b8   Code   RO            7    i.HESP_SEND_COMMAND  hesp_program.o
    0x08000574   0x08000574   0x0000001c   Code   RO            8    i.HESP_errCheckESP  hesp_program.o
    0x08000590   0x08000590   0x0000000c   Code   RO            9    i.HESP_voidInterruptDisable  hesp_program.o
    0x0800059c   0x0800059c   0x00000250   Code   RO          105    i.MGPIO_stderrorPinModeSelect  mgpio_program.o
    0x080007ec   0x080007ec   0x000000c8   Code   RO          107    i.MGPIO_stderrorSetPinValue  mgpio_program.o
    0x080008b4   0x080008b4   0x0000022c   Code   RO          143    i.MRCC_stderrorInit  mrcc_program.o
    0x08000ae0   0x08000ae0   0x0000002c   Code   RO          185    i.MSYSTICK_stderrorInit  msystick_program.o
    0x08000b0c   0x08000b0c   0x0000002e   Code   RO          186    i.MSYSTICK_stderrorSetBusyWait  msystick_program.o
    0x08000b3a   0x08000b3a   0x00000002   PAD
    0x08000b3c   0x08000b3c   0x0000003c   Code   RO          187    i.MSYSTICK_stderrorSetPeriodiceInterval  msystick_program.o
    0x08000b78   0x08000b78   0x00000012   Code   RO          191    i.MSYSTICK_voidStopTICK  msystick_program.o
    0x08000b8a   0x08000b8a   0x00000018   Code   RO          268    i.MUART_u16GetData  muart_program.o
    0x08000ba2   0x08000ba2   0x0000001a   Code   RO          269    i.MUART_u8RXNEFlag  muart_program.o
    0x08000bbc   0x08000bbc   0x000000d4   Code   RO          272    i.MUART_voidInit    muart_program.o
    0x08000c90   0x08000c90   0x0000001c   Code   RO          273    i.MUART_voidInterruptDisable  muart_program.o
    0x08000cac   0x08000cac   0x00000020   Code   RO          276    i.MUART_voidTransimit  muart_program.o
    0x08000ccc   0x08000ccc   0x00000054   Code   RO          146    i.RCC_EnablePeripheralClk  mrcc_program.o
    0x08000d20   0x08000d20   0x000000b8   Code   RO          351    i.SWIFI_errConfigSoftAP  swifi_program.o
    0x08000dd8   0x08000dd8   0x00000088   Code   RO          352    i.SWIFI_errConnectSSID  swifi_program.o
    0x08000e60   0x08000e60   0x00000034   Code   RO          355    i.SWIFI_errDisconnectSSID  swifi_program.o
    0x08000e94   0x08000e94   0x00000088   Code   RO          360    i.SWIFI_errTurnOn   swifi_program.o
    0x08000f1c   0x08000f1c   0x00000008   Code   RO          472    i.SetSysClock       system_stm32f10x.o
    0x08000f24   0x08000f24   0x000000e0   Code   RO          473    i.SetSysClockTo72   system_stm32f10x.o
    0x08001004   0x08001004   0x0000003c   Code   RO          192    i.SysTick_Handler   msystick_program.o
    0x08001040   0x08001040   0x00000060   Code   RO          475    i.SystemInit        system_stm32f10x.o
    0x080010a0   0x080010a0   0x00000014   Code   RO          277    i.USART1_IRQHandler  muart_program.o
    0x080010b4   0x080010b4   0x00000014   Code   RO          278    i.USART2_IRQHandler  muart_program.o
    0x080010c8   0x080010c8   0x00000026   Code   RO          436    i.app_init          main.o
    0x080010ee   0x080010ee   0x00000002   PAD
    0x080010f0   0x080010f0   0x0000007c   Code   RO          437    i.main              main.o
    0x0800116c   0x0800116c   0x00000150   Code   RO          545    x$fpl$dadd          fz_ws.l(daddsub_clz.o)
    0x080012bc   0x080012bc   0x000002b0   Code   RO          552    x$fpl$ddiv          fz_ws.l(ddiv.o)
    0x0800156c   0x0800156c   0x0000005e   Code   RO          555    x$fpl$dfix          fz_ws.l(dfix.o)
    0x080015ca   0x080015ca   0x0000002e   Code   RO          560    x$fpl$dflt          fz_ws.l(dflt_clz.o)
    0x080015f8   0x080015f8   0x00000026   Code   RO          559    x$fpl$dfltu         fz_ws.l(dflt_clz.o)
    0x0800161e   0x0800161e   0x00000002   PAD
    0x08001620   0x08001620   0x00000154   Code   RO          565    x$fpl$dmul          fz_ws.l(dmul.o)
    0x08001774   0x08001774   0x0000009c   Code   RO          568    x$fpl$dnaninf       fz_ws.l(dnaninf.o)
    0x08001810   0x08001810   0x0000000c   Code   RO          570    x$fpl$dretinf       fz_ws.l(dretinf.o)
    0x0800181c   0x0800181c   0x00000016   Code   RO          546    x$fpl$drsb          fz_ws.l(daddsub_clz.o)
    0x08001832   0x08001832   0x00000002   PAD
    0x08001834   0x08001834   0x000001d4   Code   RO          547    x$fpl$dsub          fz_ws.l(daddsub_clz.o)
    0x08001a08   0x08001a08   0x00000000   Code   RO          572    x$fpl$usenofp       fz_ws.l(usenofp.o)
    0x08001a08   0x08001a08   0x00000020   Data   RO          725    Region$$Table       anon$$obj.o


    Execution Region RW_IRAM1 (Exec base: 0x20000000, Load base: 0x08001a28, Size: 0x000006b8, Max: 0x00002800, ABSOLUTE)

    Exec Addr    Load Addr    Size         Type   Attr      Idx    E Section Name        Object

    0x20000000   0x08001a28   0x00000008   Data   RW           11    .data               hesp_program.o
    0x20000008   0x08001a30   0x00000001   Data   RW          147    .data               mrcc_program.o
    0x20000009   0x08001a31   0x00000003   PAD
    0x2000000c   0x08001a34   0x00000005   Data   RW          193    .data               msystick_program.o
    0x20000011   0x08001a39   0x00000001   Data   RW          439    .data               main.o
    0x20000012   0x08001a3a   0x00000002   PAD
    0x20000014        -       0x0000000c   Zero   RW          279    .bss                muart_program.o
    0x20000020        -       0x00000032   Zero   RW          362    .bss                swifi_program.o
    0x20000052   0x08001a3a   0x00000002   PAD
    0x20000054        -       0x00000060   Zero   RW          599    .bss                c_w.l(libspace.o)
    0x200000b4   0x08001a3a   0x00000004   PAD
    0x200000b8        -       0x00000200   Zero   RW          462    HEAP                startup_stm32f10x_ld.o
    0x200002b8        -       0x00000400   Zero   RW          461    STACK               startup_stm32f10x_ld.o


==============================================================================

Image component sizes


      Code (inc. data)   RO Data    RW Data    ZI Data      Debug   Object Name

       654         80          0          8          0       9828   hesp_program.o
       162         52          0          1          0       1621   main.o
       792         24          0          0          0       1602   mgpio_program.o
       640         18          0          1          0       1874   mrcc_program.o
       228         18          0          5          0       3429   msystick_program.o
       414         32          0          0         12       7141   muart_program.o
        64         26        236          0       1536        868   startup_stm32f10x_ld.o
       508        130          0          0         50       4715   swifi_program.o
       328         28          0          0          0       5133   system_stm32f10x.o

    ----------------------------------------------------------------------
      3796        408        268         20       1600      36211   Object Totals
         0          0         32          0          0          0   (incl. Generated)
         6          0          0          5          2          0   (incl. Padding)

    ----------------------------------------------------------------------

      Code (inc. data)   RO Data    RW Data    ZI Data      Debug   Library Member Name

         8          0          0          0          0         68   __main.o
         0          0          0          0          0          0   __rtentry.o
        12          0          0          0          0          0   __rtentry2.o
         6          0          0          0          0          0   __rtentry4.o
        52          8          0          0          0          0   __scatter.o
        26          0          0          0          0          0   __scatter_copy.o
        28          0          0          0          0          0   __scatter_zi.o
        18          0          0          0          0         80   exit.o
         6          0          0          0          0        152   heapauxi.o
         0          0          0          0          0          0   indicate_semi.o
         2          0          0          0          0          0   libinit.o
         2          0          0          0          0          0   libinit2.o
         2          0          0          0          0          0   libshutdown.o
         2          0          0          0          0          0   libshutdown2.o
         8          4          0          0         96         68   libspace.o
         2          0          0          0          0          0   rtexit.o
        10          0          0          0          0          0   rtexit2.o
       150          0          0          0          0         80   strncmp.o
        12          4          0          0          0         68   sys_exit.o
        74          0          0          0          0         80   sys_stackheap_outer.o
         2          0          0          0          0         68   use_no_semi.o
       826         16          0          0          0        348   daddsub_clz.o
       688        140          0          0          0        208   ddiv.o
        94          4          0          0          0         92   dfix.o
        84          0          0          0          0        136   dflt_clz.o
       340         12          0          0          0        104   dmul.o
       156          4          0          0          0         92   dnaninf.o
        12          0          0          0          0         68   dretinf.o
         0          0          0          0          0          0   usenofp.o

    ----------------------------------------------------------------------
      2632        192          0          0        100       1712   Library Totals
        10          0          0          0          4          0   (incl. Padding)

    ----------------------------------------------------------------------

      Code (inc. data)   RO Data    RW Data    ZI Data      Debug   Library Name

       422         16          0          0         96        664   c_w.l
      2200        176          0          0          0       1048   fz_ws.l

    ----------------------------------------------------------------------
      2632        192          0          0        100       1712   Library Totals

    ----------------------------------------------------------------------

==============================================================================


      Code (inc. data)   RO Data    RW Data    ZI Data      Debug   

      6428        600        268         20       1700      35683   Grand Totals
      6428        600        268         20       1700      35683   ELF Image Totals
      6428        600        268         20          0          0   ROM Totals

==============================================================================

    Total RO  Size (Code + RO Data)                 6696 (   6.54kB)
    Total RW  Size (RW Data + ZI Data)              1720 (   1.68kB)
    Total ROM Size (Code + RO Data + RW Data)       6716 (   6.56kB)

==============================================================================

