Archive member included to satisfy reference by file (symbol)

C:/ST/STM32CubeIDE_1.13.2/STM32CubeIDE/plugins/com.st.stm32cube.ide.mcu.externaltools.gnu-tools-for-stm32.11.3.rel1.win32_1.1.1.202309131626/tools/bin/../lib/gcc/arm-none-eabi/11.3.1/../../../../arm-none-eabi/lib/thumb/v7-m/nofp\libc_nano.a(libc_a-exit.o)
                              C:/ST/STM32CubeIDE_1.13.2/STM32CubeIDE/plugins/com.st.stm32cube.ide.mcu.externaltools.gnu-tools-for-stm32.11.3.rel1.win32_1.1.1.202309131626/tools/bin/../lib/gcc/arm-none-eabi/11.3.1/../../../../arm-none-eabi/lib/thumb/v7-m/nofp/crt0.o (exit)
C:/ST/STM32CubeIDE_1.13.2/STM32CubeIDE/plugins/com.st.stm32cube.ide.mcu.externaltools.gnu-tools-for-stm32.11.3.rel1.win32_1.1.1.202309131626/tools/bin/../lib/gcc/arm-none-eabi/11.3.1/../../../../arm-none-eabi/lib/thumb/v7-m/nofp\libc_nano.a(libc_a-findfp.o)
                              C:/ST/STM32CubeIDE_1.13.2/STM32CubeIDE/plugins/com.st.stm32cube.ide.mcu.externaltools.gnu-tools-for-stm32.11.3.rel1.win32_1.1.1.202309131626/tools/bin/../lib/gcc/arm-none-eabi/11.3.1/../../../../arm-none-eabi/lib/thumb/v7-m/nofp\libc_nano.a(libc_a-exit.o) (__stdio_exit_handler)
C:/ST/STM32CubeIDE_1.13.2/STM32CubeIDE/plugins/com.st.stm32cube.ide.mcu.externaltools.gnu-tools-for-stm32.11.3.rel1.win32_1.1.1.202309131626/tools/bin/../lib/gcc/arm-none-eabi/11.3.1/../../../../arm-none-eabi/lib/thumb/v7-m/nofp\libc_nano.a(libc_a-fwalk.o)
                              C:/ST/STM32CubeIDE_1.13.2/STM32CubeIDE/plugins/com.st.stm32cube.ide.mcu.externaltools.gnu-tools-for-stm32.11.3.rel1.win32_1.1.1.202309131626/tools/bin/../lib/gcc/arm-none-eabi/11.3.1/../../../../arm-none-eabi/lib/thumb/v7-m/nofp\libc_nano.a(libc_a-findfp.o) (_fwalk_sglue)
C:/ST/STM32CubeIDE_1.13.2/STM32CubeIDE/plugins/com.st.stm32cube.ide.mcu.externaltools.gnu-tools-for-stm32.11.3.rel1.win32_1.1.1.202309131626/tools/bin/../lib/gcc/arm-none-eabi/11.3.1/../../../../arm-none-eabi/lib/thumb/v7-m/nofp\libc_nano.a(libc_a-stdio.o)
                              C:/ST/STM32CubeIDE_1.13.2/STM32CubeIDE/plugins/com.st.stm32cube.ide.mcu.externaltools.gnu-tools-for-stm32.11.3.rel1.win32_1.1.1.202309131626/tools/bin/../lib/gcc/arm-none-eabi/11.3.1/../../../../arm-none-eabi/lib/thumb/v7-m/nofp\libc_nano.a(libc_a-findfp.o) (__sread)
C:/ST/STM32CubeIDE_1.13.2/STM32CubeIDE/plugins/com.st.stm32cube.ide.mcu.externaltools.gnu-tools-for-stm32.11.3.rel1.win32_1.1.1.202309131626/tools/bin/../lib/gcc/arm-none-eabi/11.3.1/../../../../arm-none-eabi/lib/thumb/v7-m/nofp\libc_nano.a(libc_a-memset.o)
                              C:/ST/STM32CubeIDE_1.13.2/STM32CubeIDE/plugins/com.st.stm32cube.ide.mcu.externaltools.gnu-tools-for-stm32.11.3.rel1.win32_1.1.1.202309131626/tools/bin/../lib/gcc/arm-none-eabi/11.3.1/../../../../arm-none-eabi/lib/thumb/v7-m/nofp/crt0.o (memset)
C:/ST/STM32CubeIDE_1.13.2/STM32CubeIDE/plugins/com.st.stm32cube.ide.mcu.externaltools.gnu-tools-for-stm32.11.3.rel1.win32_1.1.1.202309131626/tools/bin/../lib/gcc/arm-none-eabi/11.3.1/../../../../arm-none-eabi/lib/thumb/v7-m/nofp\libc_nano.a(libc_a-closer.o)
                              C:/ST/STM32CubeIDE_1.13.2/STM32CubeIDE/plugins/com.st.stm32cube.ide.mcu.externaltools.gnu-tools-for-stm32.11.3.rel1.win32_1.1.1.202309131626/tools/bin/../lib/gcc/arm-none-eabi/11.3.1/../../../../arm-none-eabi/lib/thumb/v7-m/nofp\libc_nano.a(libc_a-stdio.o) (_close_r)
C:/ST/STM32CubeIDE_1.13.2/STM32CubeIDE/plugins/com.st.stm32cube.ide.mcu.externaltools.gnu-tools-for-stm32.11.3.rel1.win32_1.1.1.202309131626/tools/bin/../lib/gcc/arm-none-eabi/11.3.1/../../../../arm-none-eabi/lib/thumb/v7-m/nofp\libc_nano.a(libc_a-reent.o)
                              C:/ST/STM32CubeIDE_1.13.2/STM32CubeIDE/plugins/com.st.stm32cube.ide.mcu.externaltools.gnu-tools-for-stm32.11.3.rel1.win32_1.1.1.202309131626/tools/bin/../lib/gcc/arm-none-eabi/11.3.1/../../../../arm-none-eabi/lib/thumb/v7-m/nofp\libc_nano.a(libc_a-closer.o) (errno)
C:/ST/STM32CubeIDE_1.13.2/STM32CubeIDE/plugins/com.st.stm32cube.ide.mcu.externaltools.gnu-tools-for-stm32.11.3.rel1.win32_1.1.1.202309131626/tools/bin/../lib/gcc/arm-none-eabi/11.3.1/../../../../arm-none-eabi/lib/thumb/v7-m/nofp\libc_nano.a(libc_a-impure.o)
                              C:/ST/STM32CubeIDE_1.13.2/STM32CubeIDE/plugins/com.st.stm32cube.ide.mcu.externaltools.gnu-tools-for-stm32.11.3.rel1.win32_1.1.1.202309131626/tools/bin/../lib/gcc/arm-none-eabi/11.3.1/../../../../arm-none-eabi/lib/thumb/v7-m/nofp\libc_nano.a(libc_a-reent.o) (_impure_ptr)
C:/ST/STM32CubeIDE_1.13.2/STM32CubeIDE/plugins/com.st.stm32cube.ide.mcu.externaltools.gnu-tools-for-stm32.11.3.rel1.win32_1.1.1.202309131626/tools/bin/../lib/gcc/arm-none-eabi/11.3.1/../../../../arm-none-eabi/lib/thumb/v7-m/nofp\libc_nano.a(libc_a-lseekr.o)
[...]
Memory Configuration

Name             Origin             Length             Attributes
RAM              0x0000000020000000 0x0000000000005000 xrw
FLASH            0x0000000008000000 0x0000000000003400 xr
*default*        0x0000000000000000 0xffffffffffffffff

Linker script and memory map

LOAD C:/ST/STM32CubeIDE_1.13.2/STM32CubeIDE/plugins/com.st.stm32cube.ide.mcu.externaltools.gnu-tools-for-stm32.11.3.rel1.win32_1.1.1.202309131626/tools/bin/../lib/gcc/arm-none-eabi/11.3.1/thumb/v7-m/nofp/crti.o
LOAD C:/ST/STM32CubeIDE_1.13.2/STM32CubeIDE/plugins/com.st.stm32cube.ide.mcu.externaltools.gnu-tools-for-stm32.11.3.rel1.win32_1.1.1.202309131626/tools/bin/../lib/gcc/arm-none-eabi/11.3.1/thumb/v7-m/nofp/crtbegin.o
LOAD C:/ST/STM32CubeIDE_1.13.2/STM32CubeIDE/plugins/com.st.stm32cube.ide.mcu.externaltools.gnu-tools-for-stm32.11.3.rel1.win32_1.1.1.202309131626/tools/bin/../lib/gcc/arm-none-eabi/11.3.1/../../../../arm-none-eabi/lib/thumb/v7-m/nofp/crt0.o
LOAD ./Src/APARES.o
LOAD ./Src/MFLASH_program.o
LOAD ./Src/MGPIO_program.o
LOAD ./Src/MRCC_program.o
LOAD ./Src/MSYSTICK_program.o
LOAD ./Src/USART_program.o
LOAD ./Src/main.o
LOAD ./Src/syscalls.o
LOAD ./Src/sysmem.o
LOAD ./Startup/startup_stm32f103c8tx.o
START GROUP
LOAD C:/ST/STM32CubeIDE_1.13.2/STM32CubeIDE/plugins/com.st.stm32cube.ide.mcu.externaltools.gnu-tools-for-stm32.11.3.rel1.win32_1.1.1.202309131626/tools/bin/../lib/gcc/arm-none-eabi/11.3.1/../../../../arm-none-eabi/lib/thumb/v7-m/nofp\libc_nano.a
LOAD C:/ST/STM32CubeIDE_1.13.2/STM32CubeIDE/plugins/com.st.stm32cube.ide.mcu.externaltools.gnu-tools-for-stm32.11.3.rel1.win32_1.1.1.202309131626/tools/bin/../lib/gcc/arm-none-eabi/11.3.1/../../../../arm-none-eabi/lib/thumb/v7-m/nofp\libm.a
END GROUP
START GROUP
LOAD C:/ST/STM32CubeIDE_1.13.2/STM32CubeIDE/plugins/com.st.stm32cube.ide.mcu.externaltools.gnu-tools-for-stm32.11.3.rel1.win32_1.1.1.202309131626/tools/bin/../lib/gcc/arm-none-eabi/11.3.1/thumb/v7-m/nofp\libgcc.a
LOAD C:/ST/STM32CubeIDE_1.13.2/STM32CubeIDE/plugins/com.st.stm32cube.ide.mcu.externaltools.gnu-tools-for-stm32.11.3.rel1.win32_1.1.1.202309131626/tools/bin/../lib/gcc/arm-none-eabi/11.3.1/../../../../arm-none-eabi/lib/thumb/v7-m/nofp\libc_nano.a
END GROUP
START GROUP
LOAD C:/ST/STM32CubeIDE_1.13.2/STM32CubeIDE/plugins/com.st.stm32cube.ide.mcu.externaltools.gnu-tools-for-stm32.11.3.rel1.win32_1.1.1.202309131626/tools/bin/../lib/gcc/arm-none-eabi/11.3.1/thumb/v7-m/nofp\libgcc.a
LOAD C:/ST/STM32CubeIDE_1.13.2/STM32CubeIDE/plugins/com.st.stm32cube.ide.mcu.externaltools.gnu-tools-for-stm32.11.3.rel1.win32_1.1.1.202309131626/tools/bin/../lib/gcc/arm-none-eabi/11.3.1/../../../../arm-none-eabi/lib/thumb/v7-m/nofp\libc_nano.a
LOAD C:/ST/STM32CubeIDE_1.13.2/STM32CubeIDE/plugins/com.st.stm32cube.ide.mcu.externaltools.gnu-tools-for-stm32.11.3.rel1.win32_1.1.1.202309131626/tools/bin/../lib/gcc/arm-none-eabi/11.3.1/../../../../arm-none-eabi/lib/thumb/v7-m/nofp\libnosys.a
END GROUP
START GROUP
LOAD C:/ST/STM32CubeIDE_1.13.2/STM32CubeIDE/plugins/com.st.stm32cube.ide.mcu.externaltools.gnu-tools-for-stm32.11.3.rel1.win32_1.1.1.202309131626/tools/bin/../lib/gcc/arm-none-eabi/11.3.1/thumb/v7-m/nofp\libgcc.a
LOAD C:/ST/STM32CubeIDE_1.13.2/STM32CubeIDE/plugins/com.st.stm32cube.ide.mcu.externaltools.gnu-tools-for-stm32.11.3.rel1.win32_1.1.1.202309131626/tools/bin/../lib/gcc/arm-none-eabi/11.3.1/../../../../arm-none-eabi/lib/thumb/v7-m/nofp\libc_nano.a
LOAD C:/ST/STM32CubeIDE_1.13.2/STM32CubeIDE/plugins/com.st.stm32cube.ide.mcu.externaltools.gnu-tools-for-stm32.11.3.rel1.win32_1.1.1.202309131626/tools/bin/../lib/gcc/arm-none-eabi/11.3.1/../../../../arm-none-eabi/lib/thumb/v7-m/nofp\libnosys.a
END GROUP
LOAD C:/ST/STM32CubeIDE_1.13.2/STM32CubeIDE/plugins/com.st.stm32cube.ide.mcu.externaltools.gnu-tools-for-stm32.11.3.rel1.win32_1.1.1.202309131626/tools/bin/../lib/gcc/arm-none-eabi/11.3.1/thumb/v7-m/nofp/crtend.o
LOAD C:/ST/STM32CubeIDE_1.13.2/STM32CubeIDE/plugins/com.st.stm32cube.ide.mcu.externaltools.gnu-tools-for-stm32.11.3.rel1.win32_1.1.1.202309131626/tools/bin/../lib/gcc/arm-none-eabi/11.3.1/thumb/v7-m/nofp/crtn.o
                0x0000000020005000                _estack = (ORIGIN (RAM) + LENGTH (RAM))
                0x0000000000000200                _Min_Heap_Size = 0x200
                0x0000000000000400                _Min_Stack_Size = 0x400

.isr_vector     0x0000000008000000      0x130
                0x0000000008000000                . = ALIGN (0x4)
 *(.isr_vector)
 .isr_vector    0x0000000008000000      0x130 ./Startup/startup_stm32f103c8tx.o
                0x0000000008000000                g_pfnVectors
                0x0000000008000130                . = ALIGN (0x4)

.text           0x0000000008000130      0xf14
                0x0000000008000130                . = ALIGN (0x4)
 *(.text)
 .text          0x0000000008000130       0x40 C:/ST/STM32CubeIDE_1.13.2/STM32CubeIDE/plugins/com.st.stm32cube.ide.mcu.externaltools.gnu-tools-for-stm32.11.3.rel1.win32_1.1.1.202309131626/tools/bin/../lib/gcc/arm-none-eabi/11.3.1/thumb/v7-m/nofp/crtbegin.o
 *(.text*)
 .text.APARES_AsciToHex
                0x0000000008000170       0x30 ./Src/APARES.o
                0x0000000008000170                APARES_AsciToHex
 .text.APARES_voidData
                0x00000000080001a0      0x198 ./Src/APARES.o
                0x00000000080001a0                APARES_voidData
 .text.APARES_voidRecord
                0x0000000008000338       0x44 ./Src/APARES.o
                0x0000000008000338                APARES_voidRecord
 .text.APARES_u8EndRecordFlag
                0x000000000800037c       0x28 ./Src/APARES.o
                0x000000000800037c                APARES_u8EndRecordFlag
 .text.MFLASH_stderrorUnlock
                0x00000000080003a4       0x4c ./Src/MFLASH_program.o
 .text.MFLASH_stderrorlock
                0x00000000080003f0       0x1c ./Src/MFLASH_program.o
 .text.MFLASH_voidErasePage
                0x000000000800040c       0x94 ./Src/MFLASH_program.o
                0x000000000800040c                MFLASH_voidErasePage
 .text.MFLASH_voidWriteSection
                0x00000000080004a0       0xa8 ./Src/MFLASH_program.o
                0x00000000080004a0                MFLASH_voidWriteSection
 .text.MFLASH_voidReadPage
                0x0000000008000548       0x40 ./Src/MFLASH_program.o
                0x0000000008000548                MFLASH_voidReadPage
 .text.MFLASH_voidEraseApp1Section
                0x0000000008000588       0x2a ./Src/MFLASH_program.o
                0x0000000008000588                MFLASH_voidEraseApp1Section
 *fill*         0x00000000080005b2        0x2 
 .text.MGPIO_stderrorPinModeSelect
                0x00000000080005b4      0x294 ./Src/MGPIO_program.o
                0x00000000080005b4                MGPIO_stderrorPinModeSelect
 .text.MGPIO_stderrorSerialWireJTAGConfiguration
                0x0000000008000848       0x50 ./Src/MGPIO_program.o
                0x0000000008000848                MGPIO_stderrorSerialWireJTAGConfiguration
 .text.MRCC_stderrorInit
                0x0000000008000898      0x2b4 ./Src/MRCC_program.o
                0x0000000008000898                MRCC_stderrorInit
 .text.RCC_EnablePeripheralClk
                0x0000000008000b4c       0x90 ./Src/MRCC_program.o
                0x0000000008000b4c                RCC_EnablePeripheralClk
 .text.MSYSTICK_stderrorInit
                0x0000000008000bdc       0x4c ./Src/MSYSTICK_program.o
                0x0000000008000bdc                MSYSTICK_stderrorInit
 .text.MSYSTICK_stderrorSetSingleInterval
                0x0000000008000c28       0x58 ./Src/MSYSTICK_program.o
                0x0000000008000c28                MSYSTICK_stderrorSetSingleInterval
 .text.MSYSTICK_voidStopTICK
                0x0000000008000c80       0x1c ./Src/MSYSTICK_program.o
                0x0000000008000c80                MSYSTICK_voidStopTICK
 .text.SysTick_Handler
                0x0000000008000c9c       0x40 ./Src/MSYSTICK_program.o
                0x0000000008000c9c                SysTick_Handler
 .text.MUSART1_voidInit
                0x0000000008000cdc       0x44 ./Src/USART_program.o
                0x0000000008000cdc                MUSART1_voidInit
 .text.MUSART1_voidTransmit
                0x0000000008000d20       0x4c ./Src/USART_program.o
                0x0000000008000d20                MUSART1_voidTransmit
 .text.MUSART1_u8Receive
                0x0000000008000d6c       0x38 ./Src/USART_program.o
                0x0000000008000d6c                MUSART1_u8Receive
 .text.USART1_IRQHandler
                0x0000000008000da4       0x78 ./Src/USART_program.o
                0x0000000008000da4                USART1_IRQHandler
 .text.APP_BootSelector
                0x0000000008000e1c       0x74 ./Src/main.o
                0x0000000008000e1c                APP_BootSelector
 .text.main     0x0000000008000e90      0x100 ./Src/main.o
                0x0000000008000e90                main
 .text.Reset_Handler
                0x0000000008000f90       0x50 ./Startup/startup_stm32f103c8tx.o
                0x0000000008000f90                Reset_Handler
 .text.Default_Handler
                0x0000000008000fe0        0x2 ./Startup/startup_stm32f103c8tx.o
                0x0000000008000fe0                EXTI2_IRQHandler
                0x0000000008000fe0                TIM8_TRG_COM_IRQHandler
                0x0000000008000fe0                TIM8_CC_IRQHandler
                0x0000000008000fe0                DebugMon_Handler
                0x0000000008000fe0                TIM1_CC_IRQHandler
                0x0000000008000fe0                HardFault_Handler
                0x0000000008000fe0                TIM6_IRQHandler
                0x0000000008000fe0                PVD_IRQHandler
                0x0000000008000fe0                SDIO_IRQHandler
                0x0000000008000fe0                PendSV_Handler
                0x0000000008000fe0                NMI_Handler
                0x0000000008000fe0                EXTI3_IRQHandler
                0x0000000008000fe0                USB_HP_CAN_TX_IRQHandler
                0x0000000008000fe0                EXTI0_IRQHandler
                0x0000000008000fe0                I2C2_EV_IRQHandler
                0x0000000008000fe0                UsageFault_Handler
                0x0000000008000fe0                ADC1_2_IRQHandler
                0x0000000008000fe0                SPI1_IRQHandler
                0x0000000008000fe0                CAN_SCE_IRQHandler
                0x0000000008000fe0                TAMPER_IRQHandler
                0x0000000008000fe0                TIM8_UP_IRQHandler
                0x0000000008000fe0                DMA2_Channel2_IRQHandler
                0x0000000008000fe0                DMA1_Channel4_IRQHandler
                0x0000000008000fe0                USART3_IRQHandler
                0x0000000008000fe0                RTC_IRQHandler
                0x0000000008000fe0                DMA1_Channel7_IRQHandler
                0x0000000008000fe0                UART5_IRQHandler
                0x0000000008000fe0                ADC3_IRQHandler
                0x0000000008000fe0                TIM4_IRQHandler
                0x0000000008000fe0                CAN_RX1_IRQHandler
                0x0000000008000fe0                DMA2_Channel1_IRQHandler
                0x0000000008000fe0                I2C1_EV_IRQHandler
                0x0000000008000fe0                DMA1_Channel6_IRQHandler
                0x0000000008000fe0                UART4_IRQHandler
                0x0000000008000fe0                TIM3_IRQHandler
                0x0000000008000fe0                RCC_IRQHandler
                0x0000000008000fe0                TIM1_TRG_COM_IRQHandler
                0x0000000008000fe0                DMA1_Channel1_IRQHandler
                0x0000000008000fe0                Default_Handler
                0x0000000008000fe0                EXTI15_10_IRQHandler
                0x0000000008000fe0                TIM7_IRQHandler
                0x0000000008000fe0                TIM5_IRQHandler
                0x0000000008000fe0                EXTI9_5_IRQHandler
                0x0000000008000fe0                SPI2_IRQHandler
                0x0000000008000fe0                USB_LP_CAN_RX0_IRQHandler
                0x0000000008000fe0                MemManage_Handler
                0x0000000008000fe0                SVC_Handler
                0x0000000008000fe0                DMA1_Channel5_IRQHandler
                0x0000000008000fe0                EXTI4_IRQHandler
                0x0000000008000fe0                DMA1_Channel3_IRQHandler
                0x0000000008000fe0                FSMC_IRQHandler
                0x0000000008000fe0                TIM1_UP_IRQHandler
                0x0000000008000fe0                WWDG_IRQHandler
                0x0000000008000fe0                TIM2_IRQHandler
                0x0000000008000fe0                TIM1_BRK_IRQHandler
                0x0000000008000fe0                EXTI1_IRQHandler
                0x0000000008000fe0                RTCAlarm_IRQHandler
                0x0000000008000fe0                DMA2_Channel4_5_IRQHandler
                0x0000000008000fe0                USART2_IRQHandler
                0x0000000008000fe0                I2C2_ER_IRQHandler
                0x0000000008000fe0                DMA1_Channel2_IRQHandler
                0x0000000008000fe0                TIM8_BRK_IRQHandler
                0x0000000008000fe0                FLASH_IRQHandler
                0x0000000008000fe0                BusFault_Handler
                0x0000000008000fe0                SPI3_IRQHandler
                0x0000000008000fe0                I2C1_ER_IRQHandler
                0x0000000008000fe0                DMA2_Channel3_IRQHandler
 *fill*         0x0000000008000fe2        0x2 
 .text.__libc_init_array
                0x0000000008000fe4       0x48 C:/ST/STM32CubeIDE_1.13.2/STM32CubeIDE/plugins/com.st.stm32cube.ide.mcu.externaltools.gnu-tools-for-stm32.11.3.rel1.win32_1.1.1.202309131626/tools/bin/../lib/gcc/arm-none-eabi/11.3.1/../../../../arm-none-eabi/lib/thumb/v7-m/nofp\libc_nano.a(libc_a-init.o)
                0x0000000008000fe4                __libc_init_array
 *(.glue_7)
 .glue_7        0x000000000800102c        0x0 linker stubs
 *(.glue_7t)
 .glue_7t       0x000000000800102c        0x0 linker stubs
 *(.eh_frame)
 .eh_frame      0x000000000800102c        0x0 C:/ST/STM32CubeIDE_1.13.2/STM32CubeIDE/plugins/com.st.stm32cube.ide.mcu.externaltools.gnu-tools-for-stm32.11.3.rel1.win32_1.1.1.202309131626/tools/bin/../lib/gcc/arm-none-eabi/11.3.1/thumb/v7-m/nofp/crtbegin.o
 *(.init)
 .init          0x000000000800102c        0x4 C:/ST/STM32CubeIDE_1.13.2/STM32CubeIDE/plugins/com.st.stm32cube.ide.mcu.externaltools.gnu-tools-for-stm32.11.3.rel1.win32_1.1.1.202309131626/tools/bin/../lib/gcc/arm-none-eabi/11.3.1/thumb/v7-m/nofp/crti.o
                0x000000000800102c                _init
 .init          0x0000000008001030        0x8 C:/ST/STM32CubeIDE_1.13.2/STM32CubeIDE/plugins/com.st.stm32cube.ide.mcu.externaltools.gnu-tools-for-stm32.11.3.rel1.win32_1.1.1.202309131626/tools/bin/../lib/gcc/arm-none-eabi/11.3.1/thumb/v7-m/nofp/crtn.o
 *(.fini)
 .fini          0x0000000008001038        0x4 C:/ST/STM32CubeIDE_1.13.2/STM32CubeIDE/plugins/com.st.stm32cube.ide.mcu.externaltools.gnu-tools-for-stm32.11.3.rel1.win32_1.1.1.202309131626/tools/bin/../lib/gcc/arm-none-eabi/11.3.1/thumb/v7-m/nofp/crti.o
                0x0000000008001038                _fini
 .fini          0x000000000800103c        0x8 C:/ST/STM32CubeIDE_1.13.2/STM32CubeIDE/plugins/com.st.stm32cube.ide.mcu.externaltools.gnu-tools-for-stm32.11.3.rel1.win32_1.1.1.202309131626/tools/bin/../lib/gcc/arm-none-eabi/11.3.1/thumb/v7-m/nofp/crtn.o
                0x0000000008001044                . = ALIGN (0x4)
                0x0000000008001044                _etext = .

.vfp11_veneer   0x0000000008001044        0x0
 .vfp11_veneer  0x0000000008001044        0x0 linker stubs

.v4_bx          0x0000000008001044        0x0
 .v4_bx         0x0000000008001044        0x0 linker stubs

.iplt           0x0000000008001044        0x0
 .iplt          0x0000000008001044        0x0 C:/ST/STM32CubeIDE_1.13.2/STM32CubeIDE/plugins/com.st.stm32cube.ide.mcu.externaltools.gnu-tools-for-stm32.11.3.rel1.win32_1.1.1.202309131626/tools/bin/../lib/gcc/arm-none-eabi/11.3.1/thumb/v7-m/nofp/crtbegin.o

.rodata         0x0000000008001044        0x4
                0x0000000008001044                . = ALIGN (0x4)
 *(.rodata)
 .rodata        0x0000000008001044        0x3 ./Src/main.o
 *(.rodata*)
                0x0000000008001048                . = ALIGN (0x4)
 *fill*         0x0000000008001047        0x1 

.rel.dyn        0x0000000008001048        0x0
 .rel.iplt      0x0000000008001048        0x0 C:/ST/STM32CubeIDE_1.13.2/STM32CubeIDE/plugins/com.st.stm32cube.ide.mcu.externaltools.gnu-tools-for-stm32.11.3.rel1.win32_1.1.1.202309131626/tools/bin/../lib/gcc/arm-none-eabi/11.3.1/thumb/v7-m/nofp/crtbegin.o

.ARM.extab      0x0000000008001048        0x0
                0x0000000008001048                . = ALIGN (0x4)
 *(.ARM.extab* .gnu.linkonce.armextab.*)
                0x0000000008001048                . = ALIGN (0x4)

.ARM            0x0000000008001048        0x0
                0x0000000008001048                . = ALIGN (0x4)
                0x0000000008001048                __exidx_start = .
 *(.ARM.exidx*)
                0x0000000008001048                __exidx_end = .
                0x0000000008001048                . = ALIGN (0x4)

.preinit_array  0x0000000008001048        0x0
                0x0000000008001048                . = ALIGN (0x4)
                0x0000000008001048                PROVIDE (__preinit_array_start = .)
 *(.preinit_array*)
                0x0000000008001048                PROVIDE (__preinit_array_end = .)
                0x0000000008001048                . = ALIGN (0x4)

.init_array     0x0000000008001048        0x4
                0x0000000008001048                . = ALIGN (0x4)
                0x0000000008001048                PROVIDE (__init_array_start = .)
 *(SORT_BY_NAME(.init_array.*))
 *(.init_array*)
 .init_array    0x0000000008001048        0x4 C:/ST/STM32CubeIDE_1.13.2/STM32CubeIDE/plugins/com.st.stm32cube.ide.mcu.externaltools.gnu-tools-for-stm32.11.3.rel1.win32_1.1.1.202309131626/tools/bin/../lib/gcc/arm-none-eabi/11.3.1/thumb/v7-m/nofp/crtbegin.o
                0x000000000800104c                PROVIDE (__init_array_end = .)
                0x000000000800104c                . = ALIGN (0x4)

.fini_array     0x000000000800104c        0x4
                0x000000000800104c                . = ALIGN (0x4)
                [!provide]                        PROVIDE (__fini_array_start = .)
 *(SORT_BY_NAME(.fini_array.*))
 *(.fini_array*)
 .fini_array    0x000000000800104c        0x4 C:/ST/STM32CubeIDE_1.13.2/STM32CubeIDE/plugins/com.st.stm32cube.ide.mcu.externaltools.gnu-tools-for-stm32.11.3.rel1.win32_1.1.1.202309131626/tools/bin/../lib/gcc/arm-none-eabi/11.3.1/thumb/v7-m/nofp/crtbegin.o
                [!provide]                        PROVIDE (__fini_array_end = .)
                0x0000000008001050                . = ALIGN (0x4)
                0x0000000008001050                _sidata = LOADADDR (.data)

.data           0x0000000020000000        0x8 load address 0x0000000008001050
                0x0000000020000000                . = ALIGN (0x4)
                0x0000000020000000                _sdata = .
 *(.data)
 *(.data*)
 .data.APARES_u8Address
                0x0000000020000000        0x4 ./Src/APARES.o
                0x0000000020000000                APARES_u8Address
 .data.APP_u8BLWriteReq
                0x0000000020000004        0x1 ./Src/main.o
                0x0000000020000004                APP_u8BLWriteReq
 .data.APP_u8bootgate
                0x0000000020000005        0x1 ./Src/main.o
                0x0000000020000005                APP_u8bootgate
 *(.RamFunc)
 *(.RamFunc*)
                0x0000000020000008                . = ALIGN (0x4)
 *fill*         0x0000000020000006        0x2 
                0x0000000020000008                _edata = .

.igot.plt       0x0000000020000008        0x0 load address 0x0000000008001058
 .igot.plt      0x0000000020000008        0x0 C:/ST/STM32CubeIDE_1.13.2/STM32CubeIDE/plugins/com.st.stm32cube.ide.mcu.externaltools.gnu-tools-for-stm32.11.3.rel1.win32_1.1.1.202309131626/tools/bin/../lib/gcc/arm-none-eabi/11.3.1/thumb/v7-m/nofp/crtbegin.o
                0x0000000020000008                . = ALIGN (0x4)

.bss            0x0000000020000008      0x1cc load address 0x0000000008001058
                0x0000000020000008                _sbss = .
                0x0000000020000008                __bss_start__ = _sbss
 *(.bss)
 .bss           0x0000000020000008       0x1c C:/ST/STM32CubeIDE_1.13.2/STM32CubeIDE/plugins/com.st.stm32cube.ide.mcu.externaltools.gnu-tools-for-stm32.11.3.rel1.win32_1.1.1.202309131626/tools/bin/../lib/gcc/arm-none-eabi/11.3.1/thumb/v7-m/nofp/crtbegin.o
 *(.bss*)
 .bss.APARES_u8EndMSG
                0x0000000020000024        0x1 ./Src/APARES.o
                0x0000000020000024                APARES_u8EndMSG
 *fill*         0x0000000020000025        0x3 
 .bss.APARES_arru16Data
                0x0000000020000028       0xc8 ./Src/APARES.o
                0x0000000020000028                APARES_arru16Data
 .bss.MRCC_u8PllCk
                0x00000000200000f0        0x1 ./Src/MRCC_program.o
 *fill*         0x00000000200000f1        0x3 
 .bss.MSYSTICK_pvoidfUserFunctionSysTick
                0x00000000200000f4        0x4 ./Src/MSYSTICK_program.o
 .bss.MSYSTICK_u8SelectISR
                0x00000000200000f8        0x1 ./Src/MSYSTICK_program.o
 *fill*         0x00000000200000f9        0x3 
 .bss.MUSART1_pvoidfUserFunctionResive
                0x00000000200000fc        0x4 ./Src/USART_program.o
 .bss.MUSART1_u8RecBuffer
                0x0000000020000100       0x64 ./Src/USART_program.o
                0x0000000020000100                MUSART1_u8RecBuffer
 .bss.MUSART1_RecCounter
                0x0000000020000164        0x1 ./Src/USART_program.o
                0x0000000020000164                MUSART1_RecCounter
 *fill*         0x0000000020000165        0x3 
 .bss.APP_u8RecBuffer
                0x0000000020000168       0x64 ./Src/main.o
                0x0000000020000168                APP_u8RecBuffer
 .bss.APP_u8RecCounter
                0x00000000200001cc        0x1 ./Src/main.o
                0x00000000200001cc                APP_u8RecCounter
 *fill*         0x00000000200001cd        0x3 
 .bss.addr_to_call
                0x00000000200001d0        0x4 ./Src/main.o
                0x00000000200001d0                addr_to_call
 *(COMMON)
                0x00000000200001d4                . = ALIGN (0x4)
                0x00000000200001d4                _ebss = .
                0x00000000200001d4                __bss_end__ = _ebss

._user_heap_stack
                0x00000000200001d4      0x604 load address 0x0000000008001058
                0x00000000200001d8                . = ALIGN (0x8)
 *fill*         0x00000000200001d4        0x4 
                [!provide]                        PROVIDE (end = .)
                0x00000000200001d8                PROVIDE (_end = .)
                0x00000000200003d8                . = (. + _Min_Heap_Size)
 *fill*         0x00000000200001d8      0x200 
                0x00000000200007d8                . = (. + _Min_Stack_Size)
 *fill*         0x00000000200003d8      0x400 
                0x00000000200007d8                . = ALIGN (0x8)

/DISCARD/
 libc.a(*)
 libm.a(*)
 libgcc.a(*)

.ARM.attributes
                0x0000000000000000       0x29
 *(.ARM.attributes)
 .ARM.attributes
                0x0000000000000000       0x1d C:/ST/STM32CubeIDE_1.13.2/STM32CubeIDE/plugins/com.st.stm32cube.ide.mcu.externaltools.gnu-tools-for-stm32.11.3.rel1.win32_1.1.1.202309131626/tools/bin/../lib/gcc/arm-none-eabi/11.3.1/thumb/v7-m/nofp/crti.o
 .ARM.attributes
                0x000000000000001d       0x2d C:/ST/STM32CubeIDE_1.13.2/STM32CubeIDE/plugins/com.st.stm32cube.ide.mcu.externaltools.gnu-tools-for-stm32.11.3.rel1.win32_1.1.1.202309131626/tools/bin/../lib/gcc/arm-none-eabi/11.3.1/thumb/v7-m/nofp/crtbegin.o
 .ARM.attributes
                0x000000000000004a       0x2d ./Src/APARES.o
 .ARM.attributes
                0x0000000000000077       0x2d ./Src/MFLASH_program.o
 .ARM.attributes
                0x00000000000000a4       0x2d ./Src/MGPIO_program.o
 .ARM.attributes
                0x00000000000000d1       0x2d ./Src/MRCC_program.o
 .ARM.attributes
                0x00000000000000fe       0x2d ./Src/MSYSTICK_program.o
 .ARM.attributes
                0x000000000000012b       0x2d ./Src/USART_program.o
 .ARM.attributes
                0x0000000000000158       0x2d ./Src/main.o
 .ARM.attributes
                0x0000000000000185       0x21 ./Startup/startup_stm32f103c8tx.o
 .ARM.attributes
                0x00000000000001a6       0x2d C:/ST/STM32CubeIDE_1.13.2/STM32CubeIDE/plugins/com.st.stm32cube.ide.mcu.externaltools.gnu-tools-for-stm32.11.3.rel1.win32_1.1.1.202309131626/tools/bin/../lib/gcc/arm-none-eabi/11.3.1/../../../../arm-none-eabi/lib/thumb/v7-m/nofp\libc_nano.a(libc_a-init.o)
 .ARM.attributes
                0x00000000000001d3       0x1d C:/ST/STM32CubeIDE_1.13.2/STM32CubeIDE/plugins/com.st.stm32cube.ide.mcu.externaltools.gnu-tools-for-stm32.11.3.rel1.win32_1.1.1.202309131626/tools/bin/../lib/gcc/arm-none-eabi/11.3.1/thumb/v7-m/nofp/crtn.o
OUTPUT(BOOTLOADER_UART.elf elf32-littlearm)
LOAD linker stubs
LOAD C:/ST/STM32CubeIDE_1.13.2/STM32CubeIDE/plugins/com.st.stm32cube.ide.mcu.externaltools.gnu-tools-for-stm32.11.3.rel1.win32_1.1.1.202309131626/tools/bin/../lib/gcc/arm-none-eabi/11.3.1/../../../../arm-none-eabi/lib/thumb/v7-m/nofp\libc.a
LOAD C:/ST/STM32CubeIDE_1.13.2/STM32CubeIDE/plugins/com.st.stm32cube.ide.mcu.externaltools.gnu-tools-for-stm32.11.3.rel1.win32_1.1.1.202309131626/tools/bin/../lib/gcc/arm-none-eabi/11.3.1/../../../../arm-none-eabi/lib/thumb/v7-m/nofp\libm.a
LOAD C:/ST/STM32CubeIDE_1.13.2/STM32CubeIDE/plugins/com.st.stm32cube.ide.mcu.externaltools.gnu-tools-for-stm32.11.3.rel1.win32_1.1.1.202309131626/tools/bin/../lib/gcc/arm-none-eabi/11.3.1/thumb/v7-m/nofp\libgcc.a

.comment        0x0000000000000000       0x43
 .comment       0x0000000000000000       0x43 C:/ST/STM32CubeIDE_1.13.2/STM32CubeIDE/plugins/com.st.stm32cube.ide.mcu.externaltools.gnu-tools-for-stm32.11.3.rel1.win32_1.1.1.202309131626/tools/bin/../lib/gcc/arm-none-eabi/11.3.1/thumb/v7-m/nofp/crtbegin.o
                                         0x44 (size before relaxing)
 .comment       0x0000000000000043       0x44 ./Src/APARES.o
 .comment       0x0000000000000043       0x44 ./Src/MFLASH_program.o
 .comment       0x0000000000000043       0x44 ./Src/MGPIO_program.o
 .comment       0x0000000000000043       0x44 ./Src/MRCC_program.o
 .comment       0x0000000000000043       0x44 ./Src/MSYSTICK_program.o
 .comment       0x0000000000000043       0x44 ./Src/USART_program.o
 .comment       0x0000000000000043       0x44 ./Src/main.o

.debug_info     0x0000000000000000     0x1afa
 .debug_info    0x0000000000000000      0x2a7 ./Src/APARES.o
 .debug_info    0x00000000000002a7      0x302 ./Src/MFLASH_program.o
 .debug_info    0x00000000000005a9      0x454 ./Src/MGPIO_program.o
 .debug_info    0x00000000000009fd      0x4ac ./Src/MRCC_program.o
 .debug_info    0x0000000000000ea9      0x322 ./Src/MSYSTICK_program.o
 .debug_info    0x00000000000011cb      0x29b ./Src/USART_program.o
 .debug_info    0x0000000000001466      0x671 ./Src/main.o
 .debug_info    0x0000000000001ad7       0x23 ./Startup/startup_stm32f103c8tx.o

.debug_abbrev   0x0000000000000000      0x8c1
 .debug_abbrev  0x0000000000000000      0x14e ./Src/APARES.o
 .debug_abbrev  0x000000000000014e      0x16b ./Src/MFLASH_program.o
 .debug_abbrev  0x00000000000002b9      0x11a ./Src/MGPIO_program.o
 .debug_abbrev  0x00000000000003d3       0xcc ./Src/MRCC_program.o
 .debug_abbrev  0x000000000000049f      0x12f ./Src/MSYSTICK_program.o
 .debug_abbrev  0x00000000000005ce      0x18b ./Src/USART_program.o
 .debug_abbrev  0x0000000000000759      0x156 ./Src/main.o
 .debug_abbrev  0x00000000000008af       0x12 ./Startup/startup_stm32f103c8tx.o

.debug_aranges  0x0000000000000000      0x238
 .debug_aranges
                0x0000000000000000       0x38 ./Src/APARES.o
 .debug_aranges
                0x0000000000000038       0x68 ./Src/MFLASH_program.o
 .debug_aranges
                0x00000000000000a0       0x48 ./Src/MGPIO_program.o
 .debug_aranges
                0x00000000000000e8       0x38 ./Src/MRCC_program.o
 .debug_aranges
                0x0000000000000120       0x78 ./Src/MSYSTICK_program.o
 .debug_aranges
                0x0000000000000198       0x50 ./Src/USART_program.o
 .debug_aranges
                0x00000000000001e8       0x28 ./Src/main.o
 .debug_aranges
                0x0000000000000210       0x28 ./Startup/startup_stm32f103c8tx.o

.debug_rnglists
                0x0000000000000000      0x190
 .debug_rnglists
                0x0000000000000000       0x26 ./Src/APARES.o
 .debug_rnglists
                0x0000000000000026       0x4c ./Src/MFLASH_program.o
 .debug_rnglists
                0x0000000000000072       0x36 ./Src/MGPIO_program.o
 .debug_rnglists
                0x00000000000000a8       0x29 ./Src/MRCC_program.o
 .debug_rnglists
                0x00000000000000d1       0x55 ./Src/MSYSTICK_program.o
 .debug_rnglists
                0x0000000000000126       0x37 ./Src/USART_program.o
 .debug_rnglists
                0x000000000000015d       0x1a ./Src/main.o
 .debug_rnglists
                0x0000000000000177       0x19 ./Startup/startup_stm32f103c8tx.o

.debug_macro    0x0000000000000000      0xf0d
 .debug_macro   0x0000000000000000       0x24 ./Src/APARES.o
 .debug_macro   0x0000000000000024      0xaa2 ./Src/APARES.o
 .debug_macro   0x0000000000000ac6       0x10 ./Src/APARES.o
 .debug_macro   0x0000000000000ad6       0x37 ./Src/MFLASH_program.o
 .debug_macro   0x0000000000000b0d       0xa0 ./Src/MFLASH_program.o
 .debug_macro   0x0000000000000bad       0x37 ./Src/MGPIO_program.o
 .debug_macro   0x0000000000000be4      0x118 ./Src/MGPIO_program.o
 .debug_macro   0x0000000000000cfc       0x37 ./Src/MRCC_program.o
 .debug_macro   0x0000000000000d33       0xdc ./Src/MRCC_program.o
 .debug_macro   0x0000000000000e0f       0x37 ./Src/MSYSTICK_program.o
 .debug_macro   0x0000000000000e46       0x2e ./Src/MSYSTICK_program.o
 .debug_macro   0x0000000000000e74       0x37 ./Src/USART_program.o
 .debug_macro   0x0000000000000eab       0x10 ./Src/USART_program.o
 .debug_macro   0x0000000000000ebb       0x52 ./Src/main.o

.debug_line     0x0000000000000000     0x14d7
 .debug_line    0x0000000000000000      0x1f9 ./Src/APARES.o
 .debug_line    0x00000000000001f9      0x363 ./Src/MFLASH_program.o
 .debug_line    0x000000000000055c      0x5f1 ./Src/MGPIO_program.o
 .debug_line    0x0000000000000b4d      0x378 ./Src/MRCC_program.o
 .debug_line    0x0000000000000ec5      0x27e ./Src/MSYSTICK_program.o
 .debug_line    0x0000000000001143      0x1c5 ./Src/USART_program.o
 .debug_line    0x0000000000001308      0x154 ./Src/main.o
 .debug_line    0x000000000000145c       0x7b ./Startup/startup_stm32f103c8tx.o

.debug_str      0x0000000000000000     0x4c04
 .debug_str     0x0000000000000000     0x2f90 ./Src/APARES.o
                                       0x3014 (size before relaxing)
 .debug_str     0x0000000000002f90      0x375 ./Src/MFLASH_program.o
                                       0x3256 (size before relaxing)
 .debug_str     0x0000000000003305      0xac8 ./Src/MGPIO_program.o
                                       0x397a (size before relaxing)
 .debug_str     0x0000000000003dcd      0x89c ./Src/MRCC_program.o
                                       0x374e (size before relaxing)
 .debug_str     0x0000000000004669      0x302 ./Src/MSYSTICK_program.o
                                       0x31b4 (size before relaxing)
 .debug_str     0x000000000000496b      0x194 ./Src/USART_program.o
                                       0x3053 (size before relaxing)
 .debug_str     0x0000000000004aff       0xd6 ./Src/main.o
                                       0x3744 (size before relaxing)
 .debug_str     0x0000000000004bd5       0x2f ./Startup/startup_stm32f103c8tx.o
                                         0x72 (size before relaxing)

.debug_frame    0x0000000000000000      0x718
 .debug_frame   0x0000000000000000       0xa8 ./Src/APARES.o
 .debug_frame   0x00000000000000a8      0x174 ./Src/MFLASH_program.o
 .debug_frame   0x000000000000021c      0x100 ./Src/MGPIO_program.o
 .debug_frame   0x000000000000031c       0xb4 ./Src/MRCC_program.o
 .debug_frame   0x00000000000003d0      0x1c4 ./Src/MSYSTICK_program.o
 .debug_frame   0x0000000000000594      0x104 ./Src/USART_program.o
 .debug_frame   0x0000000000000698       0x54 ./Src/main.o
 .debug_frame   0x00000000000006ec       0x2c C:/ST/STM32CubeIDE_1.13.2/STM32CubeIDE/plugins/com.st.stm32cube.ide.mcu.externaltools.gnu-tools-for-stm32.11.3.rel1.win32_1.1.1.202309131626/tools/bin/../lib/gcc/arm-none-eabi/11.3.1/../../../../arm-none-eabi/lib/thumb/v7-m/nofp\libc_nano.a(libc_a-init.o)

.debug_line_str
                0x0000000000000000       0x66
 .debug_line_str
                0x0000000000000000       0x66 ./Startup/startup_stm32f103c8tx.o
                                         0x7e (size before relaxing)
