../Src/MCAN_program.c:32:13:MCAN_stderrorInit	24	static
../Src/MCAN_program.c:115:13:MCAN_stderrorCanStart	16	static
../Src/MCAN_program.c:155:11:MCAN_u8EmptyMailboxNumber	16	static
../Src/MCAN_program.c:192:11:MCAN_u8ReadyMailBox	4	static
../Src/MCAN_program.c:201:13:MCAN_stderrorSend	24	static
../Src/MCAN_program.c:284:13:MCAN_stderrorIsSendMessagePending	24	static
../Src/MCAN_program.c:324:13:MCAN_stderrorFilterInit	24	static
../Src/MCAN_program.c:417:11:MCAN_u8FIFOMailboxNumber	24	static
../Src/MCAN_program.c:450:13:MCAN_stderrorReceive	24	static
../Src/MCAN_program.c:531:13:MCAN_stderrorEnableInterrupt	24	static
../Src/MCAN_program.c:561:13:MCAN_stderrorDiableInterrupt	24	static
../Src/MCAN_program.c:592:6:USB_HP_CAN1_TX_IRQHandler	16	static
../Src/MCAN_program.c:722:6:MCAN_RX0_IRQHandler	16	static
../Src/MCAN_program.c:775:13:MCAN_stderrorSetCallBackMailbox0	24	static
../Src/MCAN_program.c:794:13:MCAN_stderrorSetCallBackMailbox1	24	static
../Src/MCAN_program.c:813:13:MCAN_stderrorSetCallBackMailbox2	24	static
../Src/MCAN_program.c:832:13:MCAN_stderrorSetCallBackTXError	24	static
../Src/MCAN_program.c:851:13:MCAN_stderrorSetCallBackFIFO0	24	static
../Src/MCAN_program.c:870:13:MCAN_stderrorSetCallBackFIFO1	24	static
../Src/MCAN_program.c:889:13:MCAN_stderrorSetCallBackFIFOError	24	static
