Archive member included to satisfy reference by file (symbol)

c:/st/stm32cubeide_1.11.2/stm32cubeide/plugins/com.st.stm32cube.ide.mcu.externaltools.gnu-tools-for-stm32.10.3-2021.10.win32_1.0.100.202210260954/tools/bin/../lib/gcc/arm-none-eabi/10.3.1/../../../../arm-none-eabi/lib/thumb/v7-m/nofp\libc_nano.a(lib_a-atoi.o)
                              ./Src/main.o (atoi)
c:/st/stm32cubeide_1.11.2/stm32cubeide/plugins/com.st.stm32cube.ide.mcu.externaltools.gnu-tools-for-stm32.10.3-2021.10.win32_1.0.100.202210260954/tools/bin/../lib/gcc/arm-none-eabi/10.3.1/../../../../arm-none-eabi/lib/thumb/v7-m/nofp\libc_nano.a(lib_a-errno.o)
                              ./Src/syscalls.o (__errno)
c:/st/stm32cubeide_1.11.2/stm32cubeide/plugins/com.st.stm32cube.ide.mcu.externaltools.gnu-tools-for-stm32.10.3-2021.10.win32_1.0.100.202210260954/tools/bin/../lib/gcc/arm-none-eabi/10.3.1/../../../../arm-none-eabi/lib/thumb/v7-m/nofp\libc_nano.a(lib_a-exit.o)
                              c:/st/stm32cubeide_1.11.2/stm32cubeide/plugins/com.st.stm32cube.ide.mcu.externaltools.gnu-tools-for-stm32.10.3-2021.10.win32_1.0.100.202210260954/tools/bin/../lib/gcc/arm-none-eabi/10.3.1/../../../../arm-none-eabi/lib/thumb/v7-m/nofp/crt0.o (exit)
c:/st/stm32cubeide_1.11.2/stm32cubeide/plugins/com.st.stm32cube.ide.mcu.externaltools.gnu-tools-for-stm32.10.3-2021.10.win32_1.0.100.202210260954/tools/bin/../lib/gcc/arm-none-eabi/10.3.1/../../../../arm-none-eabi/lib/thumb/v7-m/nofp\libc_nano.a(lib_a-impure.o)
                              c:/st/stm32cubeide_1.11.2/stm32cubeide/plugins/com.st.stm32cube.ide.mcu.externaltools.gnu-tools-for-stm32.10.3-2021.10.win32_1.0.100.202210260954/tools/bin/../lib/gcc/arm-none-eabi/10.3.1/../../../../arm-none-eabi/lib/thumb/v7-m/nofp\libc_nano.a(lib_a-exit.o) (_global_impure_ptr)
c:/st/stm32cubeide_1.11.2/stm32cubeide/plugins/com.st.stm32cube.ide.mcu.externaltools.gnu-tools-for-stm32.10.3-2021.10.win32_1.0.100.202210260954/tools/bin/../lib/gcc/arm-none-eabi/10.3.1/../../../../arm-none-eabi/lib/thumb/v7-m/nofp\libc_nano.a(lib_a-init.o)
                              c:/st/stm32cubeide_1.11.2/stm32cubeide/plugins/com.st.stm32cube.ide.mcu.externaltools.gnu-tools-for-stm32.10.3-2021.10.win32_1.0.100.202210260954/tools/bin/../lib/gcc/arm-none-eabi/10.3.1/../../../../arm-none-eabi/lib/thumb/v7-m/nofp/crt0.o (__libc_init_array)
c:/st/stm32cubeide_1.11.2/stm32cubeide/plugins/com.st.stm32cube.ide.mcu.externaltools.gnu-tools-for-stm32.10.3-2021.10.win32_1.0.100.202210260954/tools/bin/../lib/gcc/arm-none-eabi/10.3.1/../../../../arm-none-eabi/lib/thumb/v7-m/nofp\libc_nano.a(lib_a-itoa.o)
                              ./Src/SWIFI_program.o (itoa)
c:/st/stm32cubeide_1.11.2/stm32cubeide/plugins/com.st.stm32cube.ide.mcu.externaltools.gnu-tools-for-stm32.10.3-2021.10.win32_1.0.100.202210260954/tools/bin/../lib/gcc/arm-none-eabi/10.3.1/../../../../arm-none-eabi/lib/thumb/v7-m/nofp\libc_nano.a(lib_a-malloc.o)
                              ./Src/SWIFI_program.o (malloc)
c:/st/stm32cubeide_1.11.2/stm32cubeide/plugins/com.st.stm32cube.ide.mcu.externaltools.gnu-tools-for-stm32.10.3-2021.10.win32_1.0.100.202210260954/tools/bin/../lib/gcc/arm-none-eabi/10.3.1/../../../../arm-none-eabi/lib/thumb/v7-m/nofp\libc_nano.a(lib_a-memset.o)
                              c:/st/stm32cubeide_1.11.2/stm32cubeide/plugins/com.st.stm32cube.ide.mcu.externaltools.gnu-tools-for-stm32.10.3-2021.10.win32_1.0.100.202210260954/tools/bin/../lib/gcc/arm-none-eabi/10.3.1/../../../../arm-none-eabi/lib/thumb/v7-m/nofp/crt0.o (memset)
c:/st/stm32cubeide_1.11.2/stm32cubeide/plugins/com.st.stm32cube.ide.mcu.externaltools.gnu-tools-for-stm32.10.3-2021.10.win32_1.0.100.202210260954/tools/bin/../lib/gcc/arm-none-eabi/10.3.1/../../../../arm-none-eabi/lib/thumb/v7-m/nofp\libc_nano.a(lib_a-nano-freer.o)
                              c:/st/stm32cubeide_1.11.2/stm32cubeide/plugins/com.st.stm32cube.ide.mcu.externaltools.gnu-tools-for-stm32.10.3-2021.10.win32_1.0.100.202210260954/tools/bin/../lib/gcc/arm-none-eabi/10.3.1/../../../../arm-none-eabi/lib/thumb/v7-m/nofp\libc_nano.a(lib_a-malloc.o) (_free_r)
c:/st/stm32cubeide_1.11.2/stm32cubeide/plugins/com.st.stm32cube.ide.mcu.externaltools.gnu-tools-for-stm32.10.3-2021.10.win32_1.0.100.202210260954/tools/bin/../lib/gcc/arm-none-eabi/10.3.1/../../../../arm-none-eabi/lib/thumb/v7-m/nofp\libc_nano.a(lib_a-nano-mallocr.o)
                              c:/st/stm32cubeide_1.11.2/stm32cubeide/plugins/com.st.stm32cube.ide.mcu.externaltools.gnu-tools-for-stm32.10.3-2021.10.win32_1.0.100.202210260954/tools/bin/../lib/gcc/arm-none-eabi/10.3.1/../../../../arm-none-eabi/lib/thumb/v7-m/nofp\libc_nano.a(lib_a-malloc.o) (_malloc_r)
c:/st/stm32cubeide_1.11.2/stm32cubeide/plugins/com.st.stm32cube.ide.mcu.externaltools.gnu-tools-for-stm32.10.3-2021.10.win32_1.0.100.202210260954/tools/bin/../lib/gcc/arm-none-eabi/10.3.1/../../../../arm-none-eabi/lib/thumb/v7-m/nofp\libc_nano.a(lib_a-sbrkr.o)
[...]
Memory Configuration

Name             Origin             Length             Attributes
RAM              0x0000000020000000 0x0000000000005000 xrw
FLASH            0x0000000008000000 0x0000000000010000 xr
*default*        0x0000000000000000 0xffffffffffffffff

Linker script and memory map

LOAD c:/st/stm32cubeide_1.11.2/stm32cubeide/plugins/com.st.stm32cube.ide.mcu.externaltools.gnu-tools-for-stm32.10.3-2021.10.win32_1.0.100.202210260954/tools/bin/../lib/gcc/arm-none-eabi/10.3.1/thumb/v7-m/nofp/crti.o
LOAD c:/st/stm32cubeide_1.11.2/stm32cubeide/plugins/com.st.stm32cube.ide.mcu.externaltools.gnu-tools-for-stm32.10.3-2021.10.win32_1.0.100.202210260954/tools/bin/../lib/gcc/arm-none-eabi/10.3.1/thumb/v7-m/nofp/crtbegin.o
LOAD c:/st/stm32cubeide_1.11.2/stm32cubeide/plugins/com.st.stm32cube.ide.mcu.externaltools.gnu-tools-for-stm32.10.3-2021.10.win32_1.0.100.202210260954/tools/bin/../lib/gcc/arm-none-eabi/10.3.1/../../../../arm-none-eabi/lib/thumb/v7-m/nofp/crt0.o
LOAD ./Src/HESP_program.o
LOAD ./Src/MGPIO_program.o
LOAD ./Src/MNVIC_program.o
LOAD ./Src/MRCC_program.o
LOAD ./Src/MSYSTICK_program.o
LOAD ./Src/MUART_program.o
LOAD ./Src/SWIFI_program.o
LOAD ./Src/main.o
LOAD ./Src/syscalls.o
LOAD ./Src/sysmem.o
LOAD ./Startup/startup_stm32f103c8tx.o
START GROUP
LOAD c:/st/stm32cubeide_1.11.2/stm32cubeide/plugins/com.st.stm32cube.ide.mcu.externaltools.gnu-tools-for-stm32.10.3-2021.10.win32_1.0.100.202210260954/tools/bin/../lib/gcc/arm-none-eabi/10.3.1/../../../../arm-none-eabi/lib/thumb/v7-m/nofp\libc_nano.a
LOAD c:/st/stm32cubeide_1.11.2/stm32cubeide/plugins/com.st.stm32cube.ide.mcu.externaltools.gnu-tools-for-stm32.10.3-2021.10.win32_1.0.100.202210260954/tools/bin/../lib/gcc/arm-none-eabi/10.3.1/../../../../arm-none-eabi/lib/thumb/v7-m/nofp\libm.a
END GROUP
START GROUP
LOAD c:/st/stm32cubeide_1.11.2/stm32cubeide/plugins/com.st.stm32cube.ide.mcu.externaltools.gnu-tools-for-stm32.10.3-2021.10.win32_1.0.100.202210260954/tools/bin/../lib/gcc/arm-none-eabi/10.3.1/thumb/v7-m/nofp\libgcc.a
LOAD c:/st/stm32cubeide_1.11.2/stm32cubeide/plugins/com.st.stm32cube.ide.mcu.externaltools.gnu-tools-for-stm32.10.3-2021.10.win32_1.0.100.202210260954/tools/bin/../lib/gcc/arm-none-eabi/10.3.1/../../../../arm-none-eabi/lib/thumb/v7-m/nofp\libc_nano.a
END GROUP
START GROUP
LOAD c:/st/stm32cubeide_1.11.2/stm32cubeide/plugins/com.st.stm32cube.ide.mcu.externaltools.gnu-tools-for-stm32.10.3-2021.10.win32_1.0.100.202210260954/tools/bin/../lib/gcc/arm-none-eabi/10.3.1/thumb/v7-m/nofp\libgcc.a
LOAD c:/st/stm32cubeide_1.11.2/stm32cubeide/plugins/com.st.stm32cube.ide.mcu.externaltools.gnu-tools-for-stm32.10.3-2021.10.win32_1.0.100.202210260954/tools/bin/../lib/gcc/arm-none-eabi/10.3.1/../../../../arm-none-eabi/lib/thumb/v7-m/nofp\libc_nano.a
LOAD c:/st/stm32cubeide_1.11.2/stm32cubeide/plugins/com.st.stm32cube.ide.mcu.externaltools.gnu-tools-for-stm32.10.3-2021.10.win32_1.0.100.202210260954/tools/bin/../lib/gcc/arm-none-eabi/10.3.1/../../../../arm-none-eabi/lib/thumb/v7-m/nofp\libnosys.a
END GROUP
START GROUP
LOAD c:/st/stm32cubeide_1.11.2/stm32cubeide/plugins/com.st.stm32cube.ide.mcu.externaltools.gnu-tools-for-stm32.10.3-2021.10.win32_1.0.100.202210260954/tools/bin/../lib/gcc/arm-none-eabi/10.3.1/thumb/v7-m/nofp\libgcc.a
LOAD c:/st/stm32cubeide_1.11.2/stm32cubeide/plugins/com.st.stm32cube.ide.mcu.externaltools.gnu-tools-for-stm32.10.3-2021.10.win32_1.0.100.202210260954/tools/bin/../lib/gcc/arm-none-eabi/10.3.1/../../../../arm-none-eabi/lib/thumb/v7-m/nofp\libc_nano.a
LOAD c:/st/stm32cubeide_1.11.2/stm32cubeide/plugins/com.st.stm32cube.ide.mcu.externaltools.gnu-tools-for-stm32.10.3-2021.10.win32_1.0.100.202210260954/tools/bin/../lib/gcc/arm-none-eabi/10.3.1/../../../../arm-none-eabi/lib/thumb/v7-m/nofp\libnosys.a
END GROUP
LOAD c:/st/stm32cubeide_1.11.2/stm32cubeide/plugins/com.st.stm32cube.ide.mcu.externaltools.gnu-tools-for-stm32.10.3-2021.10.win32_1.0.100.202210260954/tools/bin/../lib/gcc/arm-none-eabi/10.3.1/thumb/v7-m/nofp/crtend.o
LOAD c:/st/stm32cubeide_1.11.2/stm32cubeide/plugins/com.st.stm32cube.ide.mcu.externaltools.gnu-tools-for-stm32.10.3-2021.10.win32_1.0.100.202210260954/tools/bin/../lib/gcc/arm-none-eabi/10.3.1/thumb/v7-m/nofp/crtn.o
                0x0000000020005000                _estack = (ORIGIN (RAM) + LENGTH (RAM))
                0x0000000000000800                _Min_Heap_Size = 0x800
                0x0000000000000400                _Min_Stack_Size = 0x400

.isr_vector     0x0000000008000000      0x130
                0x0000000008000000                . = ALIGN (0x4)
 *(.isr_vector)
 .isr_vector    0x0000000008000000      0x130 ./Startup/startup_stm32f103c8tx.o
                0x0000000008000000                g_pfnVectors
                0x0000000008000130                . = ALIGN (0x4)

.text           0x0000000008000130     0x32fc
                0x0000000008000130                . = ALIGN (0x4)
 *(.text)
 .text          0x0000000008000130       0x40 c:/st/stm32cubeide_1.11.2/stm32cubeide/plugins/com.st.stm32cube.ide.mcu.externaltools.gnu-tools-for-stm32.10.3-2021.10.win32_1.0.100.202210260954/tools/bin/../lib/gcc/arm-none-eabi/10.3.1/thumb/v7-m/nofp/crtbegin.o
 .text          0x0000000008000170       0x10 c:/st/stm32cubeide_1.11.2/stm32cubeide/plugins/com.st.stm32cube.ide.mcu.externaltools.gnu-tools-for-stm32.10.3-2021.10.win32_1.0.100.202210260954/tools/bin/../lib/gcc/arm-none-eabi/10.3.1/../../../../arm-none-eabi/lib/thumb/v7-m/nofp\libc_nano.a(lib_a-strlen.o)
                0x0000000008000170                strlen
 .text          0x0000000008000180      0x378 c:/st/stm32cubeide_1.11.2/stm32cubeide/plugins/com.st.stm32cube.ide.mcu.externaltools.gnu-tools-for-stm32.10.3-2021.10.win32_1.0.100.202210260954/tools/bin/../lib/gcc/arm-none-eabi/10.3.1/thumb/v7-m/nofp\libgcc.a(_arm_addsubdf3.o)
                0x0000000008000180                __aeabi_drsub
                0x0000000008000188                __aeabi_dsub
                0x0000000008000188                __subdf3
                0x000000000800018c                __aeabi_dadd
                0x000000000800018c                __adddf3
                0x0000000008000404                __floatunsidf
                0x0000000008000404                __aeabi_ui2d
                0x0000000008000424                __floatsidf
                0x0000000008000424                __aeabi_i2d
                0x0000000008000448                __aeabi_f2d
                0x0000000008000448                __extendsfdf2
                0x000000000800048c                __floatundidf
                0x000000000800048c                __aeabi_ul2d
                0x000000000800049c                __floatdidf
                0x000000000800049c                __aeabi_l2d
 .text          0x00000000080004f8      0x424 c:/st/stm32cubeide_1.11.2/stm32cubeide/plugins/com.st.stm32cube.ide.mcu.externaltools.gnu-tools-for-stm32.10.3-2021.10.win32_1.0.100.202210260954/tools/bin/../lib/gcc/arm-none-eabi/10.3.1/thumb/v7-m/nofp\libgcc.a(_arm_muldivdf3.o)
                0x00000000080004f8                __aeabi_dmul
                0x00000000080004f8                __muldf3
                0x000000000800074c                __divdf3
                0x000000000800074c                __aeabi_ddiv
 .text          0x000000000800091c       0x50 c:/st/stm32cubeide_1.11.2/stm32cubeide/plugins/com.st.stm32cube.ide.mcu.externaltools.gnu-tools-for-stm32.10.3-2021.10.win32_1.0.100.202210260954/tools/bin/../lib/gcc/arm-none-eabi/10.3.1/thumb/v7-m/nofp\libgcc.a(_arm_fixdfsi.o)
                0x000000000800091c                __aeabi_d2iz
                0x000000000800091c                __fixdfsi
 *(.text*)
 .text.HESP_INIT
                0x000000000800096c       0x5a ./Src/HESP_program.o
                0x000000000800096c                HESP_INIT
 *fill*         0x00000000080009c6        0x2 
 .text.HESP_RESET
                0x00000000080009c8       0x30 ./Src/HESP_program.o
                0x00000000080009c8                HESP_RESET
 .text.HESP_SEND_COMMAND
                0x00000000080009f8      0x140 ./Src/HESP_program.o
                0x00000000080009f8                HESP_SEND_COMMAND
 .text.HESP_CALLBACK_INIT
                0x0000000008000b38       0x1e ./Src/HESP_program.o
                0x0000000008000b38                HESP_CALLBACK_INIT
 .text.HESP_voidInterruptEnable
                0x0000000008000b56       0x16 ./Src/HESP_program.o
                0x0000000008000b56                HESP_voidInterruptEnable
 .text.HESP_voidInterruptDisable
                0x0000000008000b6c       0x10 ./Src/HESP_program.o
                0x0000000008000b6c                HESP_voidInterruptDisable
 .text.HESP_errCheckESP
                0x0000000008000b7c       0x1c ./Src/HESP_program.o
                0x0000000008000b7c                HESP_errCheckESP
 .text.ESP_TimeOutAlarm
                0x0000000008000b98       0x30 ./Src/HESP_program.o
 .text.MGPIO_stderrorPinModeSelect
                0x0000000008000bc8      0x294 ./Src/MGPIO_program.o
                0x0000000008000bc8                MGPIO_stderrorPinModeSelect
 .text.MGPIO_stderrorSetPinValue
                0x0000000008000e5c      0x158 ./Src/MGPIO_program.o
                0x0000000008000e5c                MGPIO_stderrorSetPinValue
 .text.MNVIC_vEnableIRQ
                0x0000000008000fb4       0x40 ./Src/MNVIC_program.o
                0x0000000008000fb4                MNVIC_vEnableIRQ
 .text.MRCC_stderrorInit
                0x0000000008000ff4      0x2c0 ./Src/MRCC_program.o
                0x0000000008000ff4                MRCC_stderrorInit
 .text.MRCC_stderrorSetPllClockFreq
                0x00000000080012b4       0xb8 ./Src/MRCC_program.o
                0x00000000080012b4                MRCC_stderrorSetPllClockFreq
 .text.RCC_EnablePeripheralClk
                0x000000000800136c       0x90 ./Src/MRCC_program.o
                0x000000000800136c                RCC_EnablePeripheralClk
 .text.MSYSTICK_stderrorInit
                0x00000000080013fc       0x50 ./Src/MSYSTICK_program.o
                0x00000000080013fc                MSYSTICK_stderrorInit
 .text.MSYSTICK_stderrorSetBusyWait
                0x000000000800144c       0x50 ./Src/MSYSTICK_program.o
                0x000000000800144c                MSYSTICK_stderrorSetBusyWait
 .text.MSYSTICK_stderrorSetPeriodiceInterval
                0x000000000800149c       0x60 ./Src/MSYSTICK_program.o
                0x000000000800149c                MSYSTICK_stderrorSetPeriodiceInterval
 .text.MSYSTICK_voidStopTICK
                0x00000000080014fc       0x1c ./Src/MSYSTICK_program.o
                0x00000000080014fc                MSYSTICK_voidStopTICK
 .text.SysTick_Handler
                0x0000000008001518       0x48 ./Src/MSYSTICK_program.o
                0x0000000008001518                SysTick_Handler
 .text.MUART_voidInit
                0x0000000008001560      0x114 ./Src/MUART_program.o
                0x0000000008001560                MUART_voidInit
 .text.MUART_voidTransimit
                0x0000000008001674       0x3e ./Src/MUART_program.o
                0x0000000008001674                MUART_voidTransimit
 .text.MUART_u8RXNEFlag
                0x00000000080016b2       0x34 ./Src/MUART_program.o
                0x00000000080016b2                MUART_u8RXNEFlag
 .text.MUART_u16GetData
                0x00000000080016e6       0x2c ./Src/MUART_program.o
                0x00000000080016e6                MUART_u16GetData
 *fill*         0x0000000008001712        0x2 
 .text.MUART_voidSetCallBack
                0x0000000008001714       0x2c ./Src/MUART_program.o
                0x0000000008001714                MUART_voidSetCallBack
 .text.MUART_voidInterruptEnable
                0x0000000008001740       0x46 ./Src/MUART_program.o
                0x0000000008001740                MUART_voidInterruptEnable
 .text.MUART_u8GetInterruptConfig
                0x0000000008001786       0x34 ./Src/MUART_program.o
                0x0000000008001786                MUART_u8GetInterruptConfig
 .text.MUART_voidInterruptDisable
                0x00000000080017ba       0x3c ./Src/MUART_program.o
                0x00000000080017ba                MUART_voidInterruptDisable
 *fill*         0x00000000080017f6        0x2 
 .text.GetUsartPointer
                0x00000000080017f8       0x54 ./Src/MUART_program.o
                0x00000000080017f8                GetUsartPointer
 .text.USART1_IRQHandler
                0x000000000800184c       0x1c ./Src/MUART_program.o
                0x000000000800184c                USART1_IRQHandler
 .text.USART2_IRQHandler
                0x0000000008001868       0x1c ./Src/MUART_program.o
                0x0000000008001868                USART2_IRQHandler
 .text.SWIFI_errTurnOn
                0x0000000008001884       0x78 ./Src/SWIFI_program.o
                0x0000000008001884                SWIFI_errTurnOn
 .text.SWIFI_errConnectSSID
                0x00000000080018fc       0x84 ./Src/SWIFI_program.o
                0x00000000080018fc                SWIFI_errConnectSSID
 .text.SWIFI_errCreateTCPServer
                0x0000000008001980       0x60 ./Src/SWIFI_program.o
                0x0000000008001980                SWIFI_errCreateTCPServer
 .text.SWIFI_errConnectTCP
                0x00000000080019e0       0x9c ./Src/SWIFI_program.o
                0x00000000080019e0                SWIFI_errConnectTCP
 .text.SWIFI_errDisconnectTCP
                0x0000000008001a7c       0x64 ./Src/SWIFI_program.o
                0x0000000008001a7c                SWIFI_errDisconnectTCP
 .text.SWIFI_errSendDataTCP
                0x0000000008001ae0       0xb0 ./Src/SWIFI_program.o
                0x0000000008001ae0                SWIFI_errSendDataTCP
 .text.SWIFI_errStartCommunicationHandler
                0x0000000008001b90       0x18 ./Src/SWIFI_program.o
                0x0000000008001b90                SWIFI_errStartCommunicationHandler
 .text.SWIFI_errSetCaptureKeys
                0x0000000008001ba8       0x3c ./Src/SWIFI_program.o
                0x0000000008001ba8                SWIFI_errSetCaptureKeys
 .text.SWIFI_voidSetConnectionFailHandler
                0x0000000008001be4       0x24 ./Src/SWIFI_program.o
                0x0000000008001be4                SWIFI_voidSetConnectionFailHandler
 .text.SWIFI_voidKeysCapture
                0x0000000008001c08       0xe0 ./Src/SWIFI_program.o
 .text.SWIFI_voidIPDHandler
                0x0000000008001ce8       0x14 ./Src/SWIFI_program.o
 .text.SWIFI_voidMessageCapture
                0x0000000008001cfc      0x164 ./Src/SWIFI_program.o
 .text.SWIFI_voidCommunicationHandler
                0x0000000008001e60       0x9c ./Src/SWIFI_program.o
 .text.CreateMsg
                0x0000000008001efc       0x46 ./Src/SWIFI_program.o
                0x0000000008001efc                CreateMsg
 .text.DeleteMsg
                0x0000000008001f42       0x26 ./Src/SWIFI_program.o
                0x0000000008001f42                DeleteMsg
 .text.Systemhandel_voidConnectedNotify
                0x0000000008001f68       0xb4 ./Src/SWIFI_program.o
 .text.Systemhandel_voidClosedNotify
                0x000000000800201c       0x60 ./Src/SWIFI_program.o
 .text.Systemhandel_voidConnectionFail
                0x000000000800207c       0x1c ./Src/SWIFI_program.o
 .text.Systemhandel_voidBusyNotify
                0x0000000008002098       0x34 ./Src/SWIFI_program.o
 .text.main     0x00000000080020cc       0x60 ./Src/main.o
                0x00000000080020cc                main
 .text.App_init
                0x000000000800212c       0x32 ./Src/main.o
                0x000000000800212c                App_init
 *fill*         0x000000000800215e        0x2 
 .text.WIFI_init
                0x0000000008002160       0x50 ./Src/main.o
                0x0000000008002160                WIFI_init
 .text.MCU1ToMailBox
                0x00000000080021b0       0x28 ./Src/main.o
                0x00000000080021b0                MCU1ToMailBox
 .text.MCU2ToMailBox
                0x00000000080021d8       0x28 ./Src/main.o
                0x00000000080021d8                MCU2ToMailBox
 .text.JETSONToMailBox
                0x0000000008002200       0x28 ./Src/main.o
                0x0000000008002200                JETSONToMailBox
 .text.CheckToMailBox
                0x0000000008002228       0x28 ./Src/main.o
                0x0000000008002228                CheckToMailBox
 .text.CheckForUpdates
                0x0000000008002250       0xc4 ./Src/main.o
                0x0000000008002250                CheckForUpdates
 .text.MCU1_Update
                0x0000000008002314       0xe8 ./Src/main.o
                0x0000000008002314                MCU1_Update
 .text.MCU2_Update
                0x00000000080023fc       0xe8 ./Src/main.o
                0x00000000080023fc                MCU2_Update
 .text.JETSON_Update
                0x00000000080024e4       0xe8 ./Src/main.o
                0x00000000080024e4                JETSON_Update
 .text.RequestCodeLine
                0x00000000080025cc       0xcc ./Src/main.o
                0x00000000080025cc                RequestCodeLine
 .text.RequestHexSize
                0x0000000008002698       0xc0 ./Src/main.o
                0x0000000008002698                RequestHexSize
 .text.GetCell  0x0000000008002758       0x6a ./Src/main.o
                0x0000000008002758                GetCell
 *fill*         0x00000000080027c2        0x2 
 .text.Delay_ms
                0x00000000080027c4       0x34 ./Src/main.o
                0x00000000080027c4                Delay_ms
 .text._sbrk    0x00000000080027f8       0x6c ./Src/sysmem.o
                0x00000000080027f8                _sbrk
 .text.Reset_Handler
                0x0000000008002864       0x50 ./Startup/startup_stm32f103c8tx.o
                0x0000000008002864                Reset_Handler
 .text.Default_Handler
                0x00000000080028b4        0x2 ./Startup/startup_stm32f103c8tx.o
                0x00000000080028b4                EXTI2_IRQHandler
                0x00000000080028b4                TIM8_TRG_COM_IRQHandler
                0x00000000080028b4                TIM8_CC_IRQHandler
                0x00000000080028b4                DebugMon_Handler
                0x00000000080028b4                TIM1_CC_IRQHandler
                0x00000000080028b4                HardFault_Handler
                0x00000000080028b4                TIM6_IRQHandler
                0x00000000080028b4                PVD_IRQHandler
                0x00000000080028b4                SDIO_IRQHandler
                0x00000000080028b4                PendSV_Handler
                0x00000000080028b4                NMI_Handler
                0x00000000080028b4                EXTI3_IRQHandler
                0x00000000080028b4                USB_HP_CAN_TX_IRQHandler
                0x00000000080028b4                EXTI0_IRQHandler
                0x00000000080028b4                I2C2_EV_IRQHandler
                0x00000000080028b4                UsageFault_Handler
                0x00000000080028b4                ADC1_2_IRQHandler
                0x00000000080028b4                SPI1_IRQHandler
                0x00000000080028b4                CAN_SCE_IRQHandler
                0x00000000080028b4                TAMPER_IRQHandler
                0x00000000080028b4                TIM8_UP_IRQHandler
                0x00000000080028b4                DMA2_Channel2_IRQHandler
                0x00000000080028b4                DMA1_Channel4_IRQHandler
                0x00000000080028b4                USART3_IRQHandler
                0x00000000080028b4                RTC_IRQHandler
                0x00000000080028b4                DMA1_Channel7_IRQHandler
                0x00000000080028b4                UART5_IRQHandler
                0x00000000080028b4                ADC3_IRQHandler
                0x00000000080028b4                TIM4_IRQHandler
                0x00000000080028b4                CAN_RX1_IRQHandler
                0x00000000080028b4                DMA2_Channel1_IRQHandler
                0x00000000080028b4                I2C1_EV_IRQHandler
                0x00000000080028b4                DMA1_Channel6_IRQHandler
                0x00000000080028b4                UART4_IRQHandler
                0x00000000080028b4                TIM3_IRQHandler
                0x00000000080028b4                RCC_IRQHandler
                0x00000000080028b4                TIM1_TRG_COM_IRQHandler
                0x00000000080028b4                DMA1_Channel1_IRQHandler
                0x00000000080028b4                Default_Handler
                0x00000000080028b4                EXTI15_10_IRQHandler
                0x00000000080028b4                TIM7_IRQHandler
                0x00000000080028b4                TIM5_IRQHandler
                0x00000000080028b4                EXTI9_5_IRQHandler
                0x00000000080028b4                SPI2_IRQHandler
                0x00000000080028b4                USB_LP_CAN_RX0_IRQHandler
                0x00000000080028b4                MemManage_Handler
                0x00000000080028b4                SVC_Handler
                0x00000000080028b4                DMA1_Channel5_IRQHandler
                0x00000000080028b4                EXTI4_IRQHandler
                0x00000000080028b4                DMA1_Channel3_IRQHandler
                0x00000000080028b4                FSMC_IRQHandler
                0x00000000080028b4                TIM1_UP_IRQHandler
                0x00000000080028b4                WWDG_IRQHandler
                0x00000000080028b4                TIM2_IRQHandler
                0x00000000080028b4                TIM1_BRK_IRQHandler
                0x00000000080028b4                EXTI1_IRQHandler
                0x00000000080028b4                RTCAlarm_IRQHandler
                0x00000000080028b4                DMA2_Channel4_5_IRQHandler
                0x00000000080028b4                I2C2_ER_IRQHandler
                0x00000000080028b4                DMA1_Channel2_IRQHandler
                0x00000000080028b4                TIM8_BRK_IRQHandler
                0x00000000080028b4                FLASH_IRQHandler
                0x00000000080028b4                BusFault_Handler
                0x00000000080028b4                SPI3_IRQHandler
                0x00000000080028b4                I2C1_ER_IRQHandler
                0x00000000080028b4                DMA2_Channel3_IRQHandler
 .text.atoi     0x00000000080028b6        0x8 c:/st/stm32cubeide_1.11.2/stm32cubeide/plugins/com.st.stm32cube.ide.mcu.externaltools.gnu-tools-for-stm32.10.3-2021.10.win32_1.0.100.202210260954/tools/bin/../lib/gcc/arm-none-eabi/10.3.1/../../../../arm-none-eabi/lib/thumb/v7-m/nofp\libc_nano.a(lib_a-atoi.o)
                0x00000000080028b6                atoi
 *fill*         0x00000000080028be        0x2 
 .text.__errno  0x00000000080028c0        0xc c:/st/stm32cubeide_1.11.2/stm32cubeide/plugins/com.st.stm32cube.ide.mcu.externaltools.gnu-tools-for-stm32.10.3-2021.10.win32_1.0.100.202210260954/tools/bin/../lib/gcc/arm-none-eabi/10.3.1/../../../../arm-none-eabi/lib/thumb/v7-m/nofp\libc_nano.a(lib_a-errno.o)
                0x00000000080028c0                __errno
 .text.__libc_init_array
                0x00000000080028cc       0x48 c:/st/stm32cubeide_1.11.2/stm32cubeide/plugins/com.st.stm32cube.ide.mcu.externaltools.gnu-tools-for-stm32.10.3-2021.10.win32_1.0.100.202210260954/tools/bin/../lib/gcc/arm-none-eabi/10.3.1/../../../../arm-none-eabi/lib/thumb/v7-m/nofp\libc_nano.a(lib_a-init.o)
                0x00000000080028cc                __libc_init_array
 .text.__itoa   0x0000000008002914       0x30 c:/st/stm32cubeide_1.11.2/stm32cubeide/plugins/com.st.stm32cube.ide.mcu.externaltools.gnu-tools-for-stm32.10.3-2021.10.win32_1.0.100.202210260954/tools/bin/../lib/gcc/arm-none-eabi/10.3.1/../../../../arm-none-eabi/lib/thumb/v7-m/nofp\libc_nano.a(lib_a-itoa.o)
                0x0000000008002914                __itoa
 .text.itoa     0x0000000008002944        0x4 c:/st/stm32cubeide_1.11.2/stm32cubeide/plugins/com.st.stm32cube.ide.mcu.externaltools.gnu-tools-for-stm32.10.3-2021.10.win32_1.0.100.202210260954/tools/bin/../lib/gcc/arm-none-eabi/10.3.1/../../../../arm-none-eabi/lib/thumb/v7-m/nofp\libc_nano.a(lib_a-itoa.o)
                0x0000000008002944                itoa
 .text.malloc   0x0000000008002948       0x10 c:/st/stm32cubeide_1.11.2/stm32cubeide/plugins/com.st.stm32cube.ide.mcu.externaltools.gnu-tools-for-stm32.10.3-2021.10.win32_1.0.100.202210260954/tools/bin/../lib/gcc/arm-none-eabi/10.3.1/../../../../arm-none-eabi/lib/thumb/v7-m/nofp\libc_nano.a(lib_a-malloc.o)
                0x0000000008002948                malloc
 .text.free     0x0000000008002958       0x10 c:/st/stm32cubeide_1.11.2/stm32cubeide/plugins/com.st.stm32cube.ide.mcu.externaltools.gnu-tools-for-stm32.10.3-2021.10.win32_1.0.100.202210260954/tools/bin/../lib/gcc/arm-none-eabi/10.3.1/../../../../arm-none-eabi/lib/thumb/v7-m/nofp\libc_nano.a(lib_a-malloc.o)
                0x0000000008002958                free
 .text._free_r  0x0000000008002968       0x90 c:/st/stm32cubeide_1.11.2/stm32cubeide/plugins/com.st.stm32cube.ide.mcu.externaltools.gnu-tools-for-stm32.10.3-2021.10.win32_1.0.100.202210260954/tools/bin/../lib/gcc/arm-none-eabi/10.3.1/../../../../arm-none-eabi/lib/thumb/v7-m/nofp\libc_nano.a(lib_a-nano-freer.o)
                0x0000000008002968                _free_r
 .text.sbrk_aligned
                0x00000000080029f8       0x40 c:/st/stm32cubeide_1.11.2/stm32cubeide/plugins/com.st.stm32cube.ide.mcu.externaltools.gnu-tools-for-stm32.10.3-2021.10.win32_1.0.100.202210260954/tools/bin/../lib/gcc/arm-none-eabi/10.3.1/../../../../arm-none-eabi/lib/thumb/v7-m/nofp\libc_nano.a(lib_a-nano-mallocr.o)
 .text._malloc_r
                0x0000000008002a38       0xe8 c:/st/stm32cubeide_1.11.2/stm32cubeide/plugins/com.st.stm32cube.ide.mcu.externaltools.gnu-tools-for-stm32.10.3-2021.10.win32_1.0.100.202210260954/tools/bin/../lib/gcc/arm-none-eabi/10.3.1/../../../../arm-none-eabi/lib/thumb/v7-m/nofp\libc_nano.a(lib_a-nano-mallocr.o)
                0x0000000008002a38                _malloc_r
 .text._sbrk_r  0x0000000008002b20       0x20 c:/st/stm32cubeide_1.11.2/stm32cubeide/plugins/com.st.stm32cube.ide.mcu.externaltools.gnu-tools-for-stm32.10.3-2021.10.win32_1.0.100.202210260954/tools/bin/../lib/gcc/arm-none-eabi/10.3.1/../../../../arm-none-eabi/lib/thumb/v7-m/nofp\libc_nano.a(lib_a-sbrkr.o)
                0x0000000008002b20                _sbrk_r
 .text.sprintf  0x0000000008002b40       0x40 c:/st/stm32cubeide_1.11.2/stm32cubeide/plugins/com.st.stm32cube.ide.mcu.externaltools.gnu-tools-for-stm32.10.3-2021.10.win32_1.0.100.202210260954/tools/bin/../lib/gcc/arm-none-eabi/10.3.1/../../../../arm-none-eabi/lib/thumb/v7-m/nofp\libc_nano.a(lib_a-sprintf.o)
                0x0000000008002b40                siprintf
                0x0000000008002b40                sprintf
 .text.strncmp  0x0000000008002b80       0x28 c:/st/stm32cubeide_1.11.2/stm32cubeide/plugins/com.st.stm32cube.ide.mcu.externaltools.gnu-tools-for-stm32.10.3-2021.10.win32_1.0.100.202210260954/tools/bin/../lib/gcc/arm-none-eabi/10.3.1/../../../../arm-none-eabi/lib/thumb/v7-m/nofp\libc_nano.a(lib_a-strncmp.o)
                0x0000000008002b80                strncmp
 .text._strtol_l.constprop.0
                0x0000000008002ba8       0xf8 c:/st/stm32cubeide_1.11.2/stm32cubeide/plugins/com.st.stm32cube.ide.mcu.externaltools.gnu-tools-for-stm32.10.3-2021.10.win32_1.0.100.202210260954/tools/bin/../lib/gcc/arm-none-eabi/10.3.1/../../../../arm-none-eabi/lib/thumb/v7-m/nofp\libc_nano.a(lib_a-strtol.o)
 .text.strtol   0x0000000008002ca0       0x14 c:/st/stm32cubeide_1.11.2/stm32cubeide/plugins/com.st.stm32cube.ide.mcu.externaltools.gnu-tools-for-stm32.10.3-2021.10.win32_1.0.100.202210260954/tools/bin/../lib/gcc/arm-none-eabi/10.3.1/../../../../arm-none-eabi/lib/thumb/v7-m/nofp\libc_nano.a(lib_a-strtol.o)
                0x0000000008002ca0                strtol
 .text.__utoa   0x0000000008002cb4       0x84 c:/st/stm32cubeide_1.11.2/stm32cubeide/plugins/com.st.stm32cube.ide.mcu.externaltools.gnu-tools-for-stm32.10.3-2021.10.win32_1.0.100.202210260954/tools/bin/../lib/gcc/arm-none-eabi/10.3.1/../../../../arm-none-eabi/lib/thumb/v7-m/nofp\libc_nano.a(lib_a-utoa.o)
                0x0000000008002cb4                __utoa
 .text.__malloc_lock
                0x0000000008002d38        0xc c:/st/stm32cubeide_1.11.2/stm32cubeide/plugins/com.st.stm32cube.ide.mcu.externaltools.gnu-tools-for-stm32.10.3-2021.10.win32_1.0.100.202210260954/tools/bin/../lib/gcc/arm-none-eabi/10.3.1/../../../../arm-none-eabi/lib/thumb/v7-m/nofp\libc_nano.a(lib_a-mlock.o)
                0x0000000008002d38                __malloc_lock
 .text.__malloc_unlock
                0x0000000008002d44        0xc c:/st/stm32cubeide_1.11.2/stm32cubeide/plugins/com.st.stm32cube.ide.mcu.externaltools.gnu-tools-for-stm32.10.3-2021.10.win32_1.0.100.202210260954/tools/bin/../lib/gcc/arm-none-eabi/10.3.1/../../../../arm-none-eabi/lib/thumb/v7-m/nofp\libc_nano.a(lib_a-mlock.o)
                0x0000000008002d44                __malloc_unlock
 .text.__ssputs_r
                0x0000000008002d50       0xb6 c:/st/stm32cubeide_1.11.2/stm32cubeide/plugins/com.st.stm32cube.ide.mcu.externaltools.gnu-tools-for-stm32.10.3-2021.10.win32_1.0.100.202210260954/tools/bin/../lib/gcc/arm-none-eabi/10.3.1/../../../../arm-none-eabi/lib/thumb/v7-m/nofp\libc_nano.a(lib_a-nano-svfprintf.o)
                0x0000000008002d50                __ssputs_r
 *fill*         0x0000000008002e06        0x2 
 .text._svfprintf_r
                0x0000000008002e08      0x200 c:/st/stm32cubeide_1.11.2/stm32cubeide/plugins/com.st.stm32cube.ide.mcu.externaltools.gnu-tools-for-stm32.10.3-2021.10.win32_1.0.100.202210260954/tools/bin/../lib/gcc/arm-none-eabi/10.3.1/../../../../arm-none-eabi/lib/thumb/v7-m/nofp\libc_nano.a(lib_a-nano-svfprintf.o)
                0x0000000008002e08                _svfiprintf_r
                0x0000000008002e08                _svfprintf_r
 .text._printf_common
                0x0000000008003008       0xde c:/st/stm32cubeide_1.11.2/stm32cubeide/plugins/com.st.stm32cube.ide.mcu.externaltools.gnu-tools-for-stm32.10.3-2021.10.win32_1.0.100.202210260954/tools/bin/../lib/gcc/arm-none-eabi/10.3.1/../../../../arm-none-eabi/lib/thumb/v7-m/nofp\libc_nano.a(lib_a-nano-vfprintf_i.o)
                0x0000000008003008                _printf_common
 *fill*         0x00000000080030e6        0x2 
 .text._printf_i
                0x00000000080030e8      0x24c c:/st/stm32cubeide_1.11.2/stm32cubeide/plugins/com.st.stm32cube.ide.mcu.externaltools.gnu-tools-for-stm32.10.3-2021.10.win32_1.0.100.202210260954/tools/bin/../lib/gcc/arm-none-eabi/10.3.1/../../../../arm-none-eabi/lib/thumb/v7-m/nofp\libc_nano.a(lib_a-nano-vfprintf_i.o)
                0x00000000080030e8                _printf_i
 .text.__retarget_lock_acquire_recursive
                0x0000000008003334        0x2 c:/st/stm32cubeide_1.11.2/stm32cubeide/plugins/com.st.stm32cube.ide.mcu.externaltools.gnu-tools-for-stm32.10.3-2021.10.win32_1.0.100.202210260954/tools/bin/../lib/gcc/arm-none-eabi/10.3.1/../../../../arm-none-eabi/lib/thumb/v7-m/nofp\libc_nano.a(lib_a-lock.o)
                0x0000000008003334                __retarget_lock_acquire_recursive
 .text.__retarget_lock_release_recursive
                0x0000000008003336        0x2 c:/st/stm32cubeide_1.11.2/stm32cubeide/plugins/com.st.stm32cube.ide.mcu.externaltools.gnu-tools-for-stm32.10.3-2021.10.win32_1.0.100.202210260954/tools/bin/../lib/gcc/arm-none-eabi/10.3.1/../../../../arm-none-eabi/lib/thumb/v7-m/nofp\libc_nano.a(lib_a-lock.o)
                0x0000000008003336                __retarget_lock_release_recursive
 .text.memchr   0x0000000008003338       0x1c c:/st/stm32cubeide_1.11.2/stm32cubeide/plugins/com.st.stm32cube.ide.mcu.externaltools.gnu-tools-for-stm32.10.3-2021.10.win32_1.0.100.202210260954/tools/bin/../lib/gcc/arm-none-eabi/10.3.1/../../../../arm-none-eabi/lib/thumb/v7-m/nofp\libc_nano.a(lib_a-memchr-stub.o)
                0x0000000008003338                memchr
 .text.memcpy   0x0000000008003354       0x1c c:/st/stm32cubeide_1.11.2/stm32cubeide/plugins/com.st.stm32cube.ide.mcu.externaltools.gnu-tools-for-stm32.10.3-2021.10.win32_1.0.100.202210260954/tools/bin/../lib/gcc/arm-none-eabi/10.3.1/../../../../arm-none-eabi/lib/thumb/v7-m/nofp\libc_nano.a(lib_a-memcpy-stub.o)
                0x0000000008003354                memcpy
 .text.memmove  0x0000000008003370       0x34 c:/st/stm32cubeide_1.11.2/stm32cubeide/plugins/com.st.stm32cube.ide.mcu.externaltools.gnu-tools-for-stm32.10.3-2021.10.win32_1.0.100.202210260954/tools/bin/../lib/gcc/arm-none-eabi/10.3.1/../../../../arm-none-eabi/lib/thumb/v7-m/nofp\libc_nano.a(lib_a-memmove.o)
                0x0000000008003370                memmove
 .text._realloc_r
                0x00000000080033a4       0x5e c:/st/stm32cubeide_1.11.2/stm32cubeide/plugins/com.st.stm32cube.ide.mcu.externaltools.gnu-tools-for-stm32.10.3-2021.10.win32_1.0.100.202210260954/tools/bin/../lib/gcc/arm-none-eabi/10.3.1/../../../../arm-none-eabi/lib/thumb/v7-m/nofp\libc_nano.a(lib_a-nano-reallocr.o)
                0x00000000080033a4                _realloc_r
 .text._malloc_usable_size_r
                0x0000000008003402       0x10 c:/st/stm32cubeide_1.11.2/stm32cubeide/plugins/com.st.stm32cube.ide.mcu.externaltools.gnu-tools-for-stm32.10.3-2021.10.win32_1.0.100.202210260954/tools/bin/../lib/gcc/arm-none-eabi/10.3.1/../../../../arm-none-eabi/lib/thumb/v7-m/nofp\libc_nano.a(lib_a-nano-msizer.o)
                0x0000000008003402                _malloc_usable_size_r
 *(.glue_7)
 .glue_7        0x0000000008003412        0x0 linker stubs
 *(.glue_7t)
 .glue_7t       0x0000000008003412        0x0 linker stubs
 *(.eh_frame)
 *fill*         0x0000000008003412        0x2 
 .eh_frame      0x0000000008003414        0x0 c:/st/stm32cubeide_1.11.2/stm32cubeide/plugins/com.st.stm32cube.ide.mcu.externaltools.gnu-tools-for-stm32.10.3-2021.10.win32_1.0.100.202210260954/tools/bin/../lib/gcc/arm-none-eabi/10.3.1/thumb/v7-m/nofp/crtbegin.o
 *(.init)
 .init          0x0000000008003414        0x4 c:/st/stm32cubeide_1.11.2/stm32cubeide/plugins/com.st.stm32cube.ide.mcu.externaltools.gnu-tools-for-stm32.10.3-2021.10.win32_1.0.100.202210260954/tools/bin/../lib/gcc/arm-none-eabi/10.3.1/thumb/v7-m/nofp/crti.o
                0x0000000008003414                _init
 .init          0x0000000008003418        0x8 c:/st/stm32cubeide_1.11.2/stm32cubeide/plugins/com.st.stm32cube.ide.mcu.externaltools.gnu-tools-for-stm32.10.3-2021.10.win32_1.0.100.202210260954/tools/bin/../lib/gcc/arm-none-eabi/10.3.1/thumb/v7-m/nofp/crtn.o
 *(.fini)
 .fini          0x0000000008003420        0x4 c:/st/stm32cubeide_1.11.2/stm32cubeide/plugins/com.st.stm32cube.ide.mcu.externaltools.gnu-tools-for-stm32.10.3-2021.10.win32_1.0.100.202210260954/tools/bin/../lib/gcc/arm-none-eabi/10.3.1/thumb/v7-m/nofp/crti.o
                0x0000000008003420                _fini
 .fini          0x0000000008003424        0x8 c:/st/stm32cubeide_1.11.2/stm32cubeide/plugins/com.st.stm32cube.ide.mcu.externaltools.gnu-tools-for-stm32.10.3-2021.10.win32_1.0.100.202210260954/tools/bin/../lib/gcc/arm-none-eabi/10.3.1/thumb/v7-m/nofp/crtn.o
                0x000000000800342c                . = ALIGN (0x4)
                0x000000000800342c                _etext = .

.vfp11_veneer   0x000000000800342c        0x0
 .vfp11_veneer  0x000000000800342c        0x0 linker stubs

.v4_bx          0x000000000800342c        0x0
 .v4_bx         0x000000000800342c        0x0 linker stubs

.iplt           0x000000000800342c        0x0
 .iplt          0x000000000800342c        0x0 c:/st/stm32cubeide_1.11.2/stm32cubeide/plugins/com.st.stm32cube.ide.mcu.externaltools.gnu-tools-for-stm32.10.3-2021.10.win32_1.0.100.202210260954/tools/bin/../lib/gcc/arm-none-eabi/10.3.1/thumb/v7-m/nofp/crtbegin.o

.rodata         0x000000000800342c      0x3a4
                0x000000000800342c                . = ALIGN (0x4)
 *(.rodata)
 .rodata        0x000000000800342c       0x55 ./Src/HESP_program.o
 *fill*         0x0000000008003481        0x3 
 .rodata        0x0000000008003484      0x134 ./Src/SWIFI_program.o
 .rodata        0x00000000080035b8       0xa3 ./Src/main.o
 *(.rodata*)
 *fill*         0x000000000800365b        0x1 
 .rodata.EndOfStreamKeys
                0x000000000800365c       0x18 ./Src/HESP_program.o
                0x000000000800365c                EndOfStreamKeys
 .rodata.__utoa.str1.1
                0x0000000008003674       0x25 c:/st/stm32cubeide_1.11.2/stm32cubeide/plugins/com.st.stm32cube.ide.mcu.externaltools.gnu-tools-for-stm32.10.3-2021.10.win32_1.0.100.202210260954/tools/bin/../lib/gcc/arm-none-eabi/10.3.1/../../../../arm-none-eabi/lib/thumb/v7-m/nofp\libc_nano.a(lib_a-utoa.o)
 .rodata._ctype_
                0x0000000008003699      0x101 c:/st/stm32cubeide_1.11.2/stm32cubeide/plugins/com.st.stm32cube.ide.mcu.externaltools.gnu-tools-for-stm32.10.3-2021.10.win32_1.0.100.202210260954/tools/bin/../lib/gcc/arm-none-eabi/10.3.1/../../../../arm-none-eabi/lib/thumb/v7-m/nofp\libc_nano.a(lib_a-ctype_.o)
                0x0000000008003699                _ctype_
 .rodata._svfprintf_r.str1.1
                0x000000000800379a       0x11 c:/st/stm32cubeide_1.11.2/stm32cubeide/plugins/com.st.stm32cube.ide.mcu.externaltools.gnu-tools-for-stm32.10.3-2021.10.win32_1.0.100.202210260954/tools/bin/../lib/gcc/arm-none-eabi/10.3.1/../../../../arm-none-eabi/lib/thumb/v7-m/nofp\libc_nano.a(lib_a-nano-svfprintf.o)
 .rodata._printf_i.str1.1
                0x00000000080037ab       0x22 c:/st/stm32cubeide_1.11.2/stm32cubeide/plugins/com.st.stm32cube.ide.mcu.externaltools.gnu-tools-for-stm32.10.3-2021.10.win32_1.0.100.202210260954/tools/bin/../lib/gcc/arm-none-eabi/10.3.1/../../../../arm-none-eabi/lib/thumb/v7-m/nofp\libc_nano.a(lib_a-nano-vfprintf_i.o)
                0x00000000080037d0                . = ALIGN (0x4)
 *fill*         0x00000000080037cd        0x3 

.rel.dyn        0x00000000080037d0        0x0
 .rel.iplt      0x00000000080037d0        0x0 c:/st/stm32cubeide_1.11.2/stm32cubeide/plugins/com.st.stm32cube.ide.mcu.externaltools.gnu-tools-for-stm32.10.3-2021.10.win32_1.0.100.202210260954/tools/bin/../lib/gcc/arm-none-eabi/10.3.1/thumb/v7-m/nofp/crtbegin.o

.ARM.extab      0x00000000080037d0        0x0
                0x00000000080037d0                . = ALIGN (0x4)
 *(.ARM.extab* .gnu.linkonce.armextab.*)
                0x00000000080037d0                . = ALIGN (0x4)

.ARM            0x00000000080037d0        0x0
                0x00000000080037d0                . = ALIGN (0x4)
                0x00000000080037d0                __exidx_start = .
 *(.ARM.exidx*)
                0x00000000080037d0                __exidx_end = .
                0x00000000080037d0                . = ALIGN (0x4)

.preinit_array  0x00000000080037d0        0x0
                0x00000000080037d0                . = ALIGN (0x4)
                0x00000000080037d0                PROVIDE (__preinit_array_start = .)
 *(.preinit_array*)
                0x00000000080037d0                PROVIDE (__preinit_array_end = .)
                0x00000000080037d0                . = ALIGN (0x4)

.init_array     0x00000000080037d0        0x4
                0x00000000080037d0                . = ALIGN (0x4)
                0x00000000080037d0                PROVIDE (__init_array_start = .)
 *(SORT_BY_NAME(.init_array.*))
 *(.init_array*)
 .init_array    0x00000000080037d0        0x4 c:/st/stm32cubeide_1.11.2/stm32cubeide/plugins/com.st.stm32cube.ide.mcu.externaltools.gnu-tools-for-stm32.10.3-2021.10.win32_1.0.100.202210260954/tools/bin/../lib/gcc/arm-none-eabi/10.3.1/thumb/v7-m/nofp/crtbegin.o
                0x00000000080037d4                PROVIDE (__init_array_end = .)
                0x00000000080037d4                . = ALIGN (0x4)

.fini_array     0x00000000080037d4        0x4
                0x00000000080037d4                . = ALIGN (0x4)
                [!provide]                        PROVIDE (__fini_array_start = .)
 *(SORT_BY_NAME(.fini_array.*))
 *(.fini_array*)
 .fini_array    0x00000000080037d4        0x4 c:/st/stm32cubeide_1.11.2/stm32cubeide/plugins/com.st.stm32cube.ide.mcu.externaltools.gnu-tools-for-stm32.10.3-2021.10.win32_1.0.100.202210260954/tools/bin/../lib/gcc/arm-none-eabi/10.3.1/thumb/v7-m/nofp/crtbegin.o
                [!provide]                        PROVIDE (__fini_array_end = .)
                0x00000000080037d8                . = ALIGN (0x4)
                0x00000000080037d8                _sidata = LOADADDR (.data)

.data           0x0000000020000000      0x11c load address 0x00000000080037d8
                0x0000000020000000                . = ALIGN (0x4)
                0x0000000020000000                _sdata = .
 *(.data)
 *(.data*)
 .data.ISTimeOut
                0x0000000020000000        0x1 ./Src/HESP_program.o
                0x0000000020000000                ISTimeOut
 *fill*         0x0000000020000001        0x3 
 .data.SystemCalls
                0x0000000020000004       0x48 ./Src/SWIFI_program.o
                0x0000000020000004                SystemCalls
 .data.Connections_Info
                0x000000002000004c       0x3c ./Src/SWIFI_program.o
                0x000000002000004c                Connections_Info
 .data.Mykeys   0x0000000020000088       0x30 ./Src/main.o
                0x0000000020000088                Mykeys
 .data._impure_ptr
                0x00000000200000b8        0x4 c:/st/stm32cubeide_1.11.2/stm32cubeide/plugins/com.st.stm32cube.ide.mcu.externaltools.gnu-tools-for-stm32.10.3-2021.10.win32_1.0.100.202210260954/tools/bin/../lib/gcc/arm-none-eabi/10.3.1/../../../../arm-none-eabi/lib/thumb/v7-m/nofp\libc_nano.a(lib_a-impure.o)
                0x00000000200000b8                _impure_ptr
 .data.impure_data
                0x00000000200000bc       0x60 c:/st/stm32cubeide_1.11.2/stm32cubeide/plugins/com.st.stm32cube.ide.mcu.externaltools.gnu-tools-for-stm32.10.3-2021.10.win32_1.0.100.202210260954/tools/bin/../lib/gcc/arm-none-eabi/10.3.1/../../../../arm-none-eabi/lib/thumb/v7-m/nofp\libc_nano.a(lib_a-impure.o)
 *(.RamFunc)
 *(.RamFunc*)
                0x000000002000011c                . = ALIGN (0x4)
                0x000000002000011c                _edata = .

.igot.plt       0x000000002000011c        0x0 load address 0x00000000080038f4
 .igot.plt      0x000000002000011c        0x0 c:/st/stm32cubeide_1.11.2/stm32cubeide/plugins/com.st.stm32cube.ide.mcu.externaltools.gnu-tools-for-stm32.10.3-2021.10.win32_1.0.100.202210260954/tools/bin/../lib/gcc/arm-none-eabi/10.3.1/thumb/v7-m/nofp/crtbegin.o
                0x000000002000011c                . = ALIGN (0x4)

.bss            0x000000002000011c      0x140 load address 0x00000000080038f4
                0x000000002000011c                _sbss = .
                0x000000002000011c                __bss_start__ = _sbss
 *(.bss)
 .bss           0x000000002000011c       0x1c c:/st/stm32cubeide_1.11.2/stm32cubeide/plugins/com.st.stm32cube.ide.mcu.externaltools.gnu-tools-for-stm32.10.3-2021.10.win32_1.0.100.202210260954/tools/bin/../lib/gcc/arm-none-eabi/10.3.1/thumb/v7-m/nofp/crtbegin.o
 *(.bss*)
 .bss.L_u32TimeOutCounter
                0x0000000020000138        0x4 ./Src/HESP_program.o
                0x0000000020000138                L_u32TimeOutCounter
 .bss.ESP_Buffer
                0x000000002000013c       0x32 ./Src/HESP_program.o
                0x000000002000013c                ESP_Buffer
 .bss.MRCC_u8PllCk
                0x000000002000016e        0x1 ./Src/MRCC_program.o
 *fill*         0x000000002000016f        0x1 
 .bss.MSYSTICK_pvoidfUserFunctionSysTick
                0x0000000020000170        0x4 ./Src/MSYSTICK_program.o
 .bss.MSYSTICK_u8SelectISR
                0x0000000020000174        0x1 ./Src/MSYSTICK_program.o
 *fill*         0x0000000020000175        0x3 
 .bss.MUART_CALLBACK
                0x0000000020000178        0xc ./Src/MUART_program.o
                0x0000000020000178                MUART_CALLBACK
 .bss.WIFI_Buffer
                0x0000000020000184       0x78 ./Src/SWIFI_program.o
                0x0000000020000184                WIFI_Buffer
 .bss.L_Buffer_Count
                0x00000000200001fc        0x1 ./Src/SWIFI_program.o
                0x00000000200001fc                L_Buffer_Count
 .bss.UserDefinedKeysNumber
                0x00000000200001fd        0x1 ./Src/SWIFI_program.o
                0x00000000200001fd                UserDefinedKeysNumber
 *fill*         0x00000000200001fe        0x2 
 .bss.UserDefinedKeys
                0x0000000020000200        0x4 ./Src/SWIFI_program.o
                0x0000000020000200                UserDefinedKeys
 .bss.ConnectFailHandler
                0x0000000020000204        0x4 ./Src/SWIFI_program.o
                0x0000000020000204                ConnectFailHandler
 .bss.SWIFI_Connections_status
                0x0000000020000208        0x5 ./Src/SWIFI_program.o
                0x0000000020000208                SWIFI_Connections_status
 *fill*         0x000000002000020d        0x3 
 .bss.Temp.6    0x0000000020000210        0x5 ./Src/SWIFI_program.o
 .bss.L_u8IsRecData.5
                0x0000000020000215        0x1 ./Src/SWIFI_program.o
 *fill*         0x0000000020000216        0x2 
 .bss.MSG.4     0x0000000020000218        0x4 ./Src/SWIFI_program.o
 .bss.L_u8IsRecLength_And_Counter.3
                0x000000002000021c        0x2 ./Src/SWIFI_program.o
 .bss.L_16Data_size.2
                0x000000002000021e        0x2 ./Src/SWIFI_program.o
 .bss.L_u8Entry_Counter.1
                0x0000000020000220        0x1 ./Src/SWIFI_program.o
 .bss.L_u8ID.0  0x0000000020000221        0x1 ./Src/SWIFI_program.o
 *fill*         0x0000000020000222        0x2 
 .bss.MCU1_MailBox
                0x0000000020000224        0x4 ./Src/main.o
                0x0000000020000224                MCU1_MailBox
 .bss.IsMessageRecMCU1
                0x0000000020000228        0x1 ./Src/main.o
                0x0000000020000228                IsMessageRecMCU1
 *fill*         0x0000000020000229        0x3 
 .bss.MCU2_MailBox
                0x000000002000022c        0x4 ./Src/main.o
                0x000000002000022c                MCU2_MailBox
 .bss.IsMessageRecMCU2
                0x0000000020000230        0x1 ./Src/main.o
                0x0000000020000230                IsMessageRecMCU2
 *fill*         0x0000000020000231        0x3 
 .bss.JETSON_MailBox
                0x0000000020000234        0x4 ./Src/main.o
                0x0000000020000234                JETSON_MailBox
 .bss.IsMessageRecJETSON
                0x0000000020000238        0x1 ./Src/main.o
                0x0000000020000238                IsMessageRecJETSON
 *fill*         0x0000000020000239        0x3 
 .bss.Check_MailBox
                0x000000002000023c        0x4 ./Src/main.o
                0x000000002000023c                Check_MailBox
 .bss.IsMessageRecCheck
                0x0000000020000240        0x1 ./Src/main.o
                0x0000000020000240                IsMessageRecCheck
 .bss.IsUpdateRequest
                0x0000000020000241        0x1 ./Src/main.o
                0x0000000020000241                IsUpdateRequest
 .bss.Server_MCU1_ver
                0x0000000020000242        0x1 ./Src/main.o
                0x0000000020000242                Server_MCU1_ver
 .bss.Server_MCU2_ver
                0x0000000020000243        0x1 ./Src/main.o
                0x0000000020000243                Server_MCU2_ver
 .bss.Server_JETSON_ver
                0x0000000020000244        0x1 ./Src/main.o
                0x0000000020000244                Server_JETSON_ver
 *fill*         0x0000000020000245        0x3 
 .bss.__sbrk_heap_end
                0x0000000020000248        0x4 ./Src/sysmem.o
 .bss.__malloc_free_list
                0x000000002000024c        0x4 c:/st/stm32cubeide_1.11.2/stm32cubeide/plugins/com.st.stm32cube.ide.mcu.externaltools.gnu-tools-for-stm32.10.3-2021.10.win32_1.0.100.202210260954/tools/bin/../lib/gcc/arm-none-eabi/10.3.1/../../../../arm-none-eabi/lib/thumb/v7-m/nofp\libc_nano.a(lib_a-nano-mallocr.o)
                0x000000002000024c                __malloc_free_list
 .bss.__malloc_sbrk_start
                0x0000000020000250        0x4 c:/st/stm32cubeide_1.11.2/stm32cubeide/plugins/com.st.stm32cube.ide.mcu.externaltools.gnu-tools-for-stm32.10.3-2021.10.win32_1.0.100.202210260954/tools/bin/../lib/gcc/arm-none-eabi/10.3.1/../../../../arm-none-eabi/lib/thumb/v7-m/nofp\libc_nano.a(lib_a-nano-mallocr.o)
                0x0000000020000250                __malloc_sbrk_start
 .bss.errno     0x0000000020000254        0x4 c:/st/stm32cubeide_1.11.2/stm32cubeide/plugins/com.st.stm32cube.ide.mcu.externaltools.gnu-tools-for-stm32.10.3-2021.10.win32_1.0.100.202210260954/tools/bin/../lib/gcc/arm-none-eabi/10.3.1/../../../../arm-none-eabi/lib/thumb/v7-m/nofp\libc_nano.a(lib_a-reent.o)
                0x0000000020000254                errno
 .bss.__lock___malloc_recursive_mutex
                0x0000000020000258        0x1 c:/st/stm32cubeide_1.11.2/stm32cubeide/plugins/com.st.stm32cube.ide.mcu.externaltools.gnu-tools-for-stm32.10.3-2021.10.win32_1.0.100.202210260954/tools/bin/../lib/gcc/arm-none-eabi/10.3.1/../../../../arm-none-eabi/lib/thumb/v7-m/nofp\libc_nano.a(lib_a-lock.o)
                0x0000000020000258                __lock___malloc_recursive_mutex
 *(COMMON)
                0x000000002000025c                . = ALIGN (0x4)
 *fill*         0x0000000020000259        0x3 
                0x000000002000025c                _ebss = .
                0x000000002000025c                __bss_end__ = _ebss

._user_heap_stack
                0x000000002000025c      0xc04 load address 0x00000000080038f4
                0x0000000020000260                . = ALIGN (0x8)
 *fill*         0x000000002000025c        0x4 
                [!provide]                        PROVIDE (end = .)
                0x0000000020000260                PROVIDE (_end = .)
                0x0000000020000a60                . = (. + _Min_Heap_Size)
 *fill*         0x0000000020000260      0x800 
                0x0000000020000e60                . = (. + _Min_Stack_Size)
 *fill*         0x0000000020000a60      0x400 
                0x0000000020000e60                . = ALIGN (0x8)

/DISCARD/
 libc.a(*)
 libm.a(*)
 libgcc.a(*)

.ARM.attributes
                0x0000000000000000       0x29
 *(.ARM.attributes)
 .ARM.attributes
                0x0000000000000000       0x1d c:/st/stm32cubeide_1.11.2/stm32cubeide/plugins/com.st.stm32cube.ide.mcu.externaltools.gnu-tools-for-stm32.10.3-2021.10.win32_1.0.100.202210260954/tools/bin/../lib/gcc/arm-none-eabi/10.3.1/thumb/v7-m/nofp/crti.o
 .ARM.attributes
                0x000000000000001d       0x2d c:/st/stm32cubeide_1.11.2/stm32cubeide/plugins/com.st.stm32cube.ide.mcu.externaltools.gnu-tools-for-stm32.10.3-2021.10.win32_1.0.100.202210260954/tools/bin/../lib/gcc/arm-none-eabi/10.3.1/thumb/v7-m/nofp/crtbegin.o
 .ARM.attributes
                0x000000000000004a       0x2d ./Src/HESP_program.o
 .ARM.attributes
                0x0000000000000077       0x2d ./Src/MGPIO_program.o
 .ARM.attributes
                0x00000000000000a4       0x2d ./Src/MNVIC_program.o
 .ARM.attributes
                0x00000000000000d1       0x2d ./Src/MRCC_program.o
 .ARM.attributes
                0x00000000000000fe       0x2d ./Src/MSYSTICK_program.o
 .ARM.attributes
                0x000000000000012b       0x2d ./Src/MUART_program.o
 .ARM.attributes
                0x0000000000000158       0x2d ./Src/SWIFI_program.o
 .ARM.attributes
                0x0000000000000185       0x2d ./Src/main.o
 .ARM.attributes
                0x00000000000001b2       0x2d ./Src/sysmem.o
 .ARM.attributes
                0x00000000000001df       0x21 ./Startup/startup_stm32f103c8tx.o
 .ARM.attributes
                0x0000000000000200       0x2d c:/st/stm32cubeide_1.11.2/stm32cubeide/plugins/com.st.stm32cube.ide.mcu.externaltools.gnu-tools-for-stm32.10.3-2021.10.win32_1.0.100.202210260954/tools/bin/../lib/gcc/arm-none-eabi/10.3.1/../../../../arm-none-eabi/lib/thumb/v7-m/nofp\libc_nano.a(lib_a-atoi.o)
 .ARM.attributes
                0x000000000000022d       0x2d c:/st/stm32cubeide_1.11.2/stm32cubeide/plugins/com.st.stm32cube.ide.mcu.externaltools.gnu-tools-for-stm32.10.3-2021.10.win32_1.0.100.202210260954/tools/bin/../lib/gcc/arm-none-eabi/10.3.1/../../../../arm-none-eabi/lib/thumb/v7-m/nofp\libc_nano.a(lib_a-errno.o)
 .ARM.attributes
                0x000000000000025a       0x2d c:/st/stm32cubeide_1.11.2/stm32cubeide/plugins/com.st.stm32cube.ide.mcu.externaltools.gnu-tools-for-stm32.10.3-2021.10.win32_1.0.100.202210260954/tools/bin/../lib/gcc/arm-none-eabi/10.3.1/../../../../arm-none-eabi/lib/thumb/v7-m/nofp\libc_nano.a(lib_a-impure.o)
 .ARM.attributes
                0x0000000000000287       0x2d c:/st/stm32cubeide_1.11.2/stm32cubeide/plugins/com.st.stm32cube.ide.mcu.externaltools.gnu-tools-for-stm32.10.3-2021.10.win32_1.0.100.202210260954/tools/bin/../lib/gcc/arm-none-eabi/10.3.1/../../../../arm-none-eabi/lib/thumb/v7-m/nofp\libc_nano.a(lib_a-init.o)
 .ARM.attributes
                0x00000000000002b4       0x2d c:/st/stm32cubeide_1.11.2/stm32cubeide/plugins/com.st.stm32cube.ide.mcu.externaltools.gnu-tools-for-stm32.10.3-2021.10.win32_1.0.100.202210260954/tools/bin/../lib/gcc/arm-none-eabi/10.3.1/../../../../arm-none-eabi/lib/thumb/v7-m/nofp\libc_nano.a(lib_a-itoa.o)
 .ARM.attributes
                0x00000000000002e1       0x2d c:/st/stm32cubeide_1.11.2/stm32cubeide/plugins/com.st.stm32cube.ide.mcu.externaltools.gnu-tools-for-stm32.10.3-2021.10.win32_1.0.100.202210260954/tools/bin/../lib/gcc/arm-none-eabi/10.3.1/../../../../arm-none-eabi/lib/thumb/v7-m/nofp\libc_nano.a(lib_a-malloc.o)
 .ARM.attributes
                0x000000000000030e       0x2d c:/st/stm32cubeide_1.11.2/stm32cubeide/plugins/com.st.stm32cube.ide.mcu.externaltools.gnu-tools-for-stm32.10.3-2021.10.win32_1.0.100.202210260954/tools/bin/../lib/gcc/arm-none-eabi/10.3.1/../../../../arm-none-eabi/lib/thumb/v7-m/nofp\libc_nano.a(lib_a-nano-freer.o)
 .ARM.attributes
                0x000000000000033b       0x2d c:/st/stm32cubeide_1.11.2/stm32cubeide/plugins/com.st.stm32cube.ide.mcu.externaltools.gnu-tools-for-stm32.10.3-2021.10.win32_1.0.100.202210260954/tools/bin/../lib/gcc/arm-none-eabi/10.3.1/../../../../arm-none-eabi/lib/thumb/v7-m/nofp\libc_nano.a(lib_a-nano-mallocr.o)
 .ARM.attributes
                0x0000000000000368       0x2d c:/st/stm32cubeide_1.11.2/stm32cubeide/plugins/com.st.stm32cube.ide.mcu.externaltools.gnu-tools-for-stm32.10.3-2021.10.win32_1.0.100.202210260954/tools/bin/../lib/gcc/arm-none-eabi/10.3.1/../../../../arm-none-eabi/lib/thumb/v7-m/nofp\libc_nano.a(lib_a-sbrkr.o)
 .ARM.attributes
                0x0000000000000395       0x2d c:/st/stm32cubeide_1.11.2/stm32cubeide/plugins/com.st.stm32cube.ide.mcu.externaltools.gnu-tools-for-stm32.10.3-2021.10.win32_1.0.100.202210260954/tools/bin/../lib/gcc/arm-none-eabi/10.3.1/../../../../arm-none-eabi/lib/thumb/v7-m/nofp\libc_nano.a(lib_a-sprintf.o)
 .ARM.attributes
                0x00000000000003c2       0x17 c:/st/stm32cubeide_1.11.2/stm32cubeide/plugins/com.st.stm32cube.ide.mcu.externaltools.gnu-tools-for-stm32.10.3-2021.10.win32_1.0.100.202210260954/tools/bin/../lib/gcc/arm-none-eabi/10.3.1/../../../../arm-none-eabi/lib/thumb/v7-m/nofp\libc_nano.a(lib_a-strlen.o)
 .ARM.attributes
                0x00000000000003d9       0x2d c:/st/stm32cubeide_1.11.2/stm32cubeide/plugins/com.st.stm32cube.ide.mcu.externaltools.gnu-tools-for-stm32.10.3-2021.10.win32_1.0.100.202210260954/tools/bin/../lib/gcc/arm-none-eabi/10.3.1/../../../../arm-none-eabi/lib/thumb/v7-m/nofp\libc_nano.a(lib_a-strncmp.o)
 .ARM.attributes
                0x0000000000000406       0x2d c:/st/stm32cubeide_1.11.2/stm32cubeide/plugins/com.st.stm32cube.ide.mcu.externaltools.gnu-tools-for-stm32.10.3-2021.10.win32_1.0.100.202210260954/tools/bin/../lib/gcc/arm-none-eabi/10.3.1/../../../../arm-none-eabi/lib/thumb/v7-m/nofp\libc_nano.a(lib_a-strtol.o)
 .ARM.attributes
                0x0000000000000433       0x2d c:/st/stm32cubeide_1.11.2/stm32cubeide/plugins/com.st.stm32cube.ide.mcu.externaltools.gnu-tools-for-stm32.10.3-2021.10.win32_1.0.100.202210260954/tools/bin/../lib/gcc/arm-none-eabi/10.3.1/../../../../arm-none-eabi/lib/thumb/v7-m/nofp\libc_nano.a(lib_a-utoa.o)
 .ARM.attributes
                0x0000000000000460       0x2d c:/st/stm32cubeide_1.11.2/stm32cubeide/plugins/com.st.stm32cube.ide.mcu.externaltools.gnu-tools-for-stm32.10.3-2021.10.win32_1.0.100.202210260954/tools/bin/../lib/gcc/arm-none-eabi/10.3.1/../../../../arm-none-eabi/lib/thumb/v7-m/nofp\libc_nano.a(lib_a-ctype_.o)
 .ARM.attributes
                0x000000000000048d       0x2d c:/st/stm32cubeide_1.11.2/stm32cubeide/plugins/com.st.stm32cube.ide.mcu.externaltools.gnu-tools-for-stm32.10.3-2021.10.win32_1.0.100.202210260954/tools/bin/../lib/gcc/arm-none-eabi/10.3.1/../../../../arm-none-eabi/lib/thumb/v7-m/nofp\libc_nano.a(lib_a-mlock.o)
 .ARM.attributes
                0x00000000000004ba       0x2d c:/st/stm32cubeide_1.11.2/stm32cubeide/plugins/com.st.stm32cube.ide.mcu.externaltools.gnu-tools-for-stm32.10.3-2021.10.win32_1.0.100.202210260954/tools/bin/../lib/gcc/arm-none-eabi/10.3.1/../../../../arm-none-eabi/lib/thumb/v7-m/nofp\libc_nano.a(lib_a-nano-svfprintf.o)
 .ARM.attributes
                0x00000000000004e7       0x2d c:/st/stm32cubeide_1.11.2/stm32cubeide/plugins/com.st.stm32cube.ide.mcu.externaltools.gnu-tools-for-stm32.10.3-2021.10.win32_1.0.100.202210260954/tools/bin/../lib/gcc/arm-none-eabi/10.3.1/../../../../arm-none-eabi/lib/thumb/v7-m/nofp\libc_nano.a(lib_a-nano-vfprintf_i.o)
 .ARM.attributes
                0x0000000000000514       0x2d c:/st/stm32cubeide_1.11.2/stm32cubeide/plugins/com.st.stm32cube.ide.mcu.externaltools.gnu-tools-for-stm32.10.3-2021.10.win32_1.0.100.202210260954/tools/bin/../lib/gcc/arm-none-eabi/10.3.1/../../../../arm-none-eabi/lib/thumb/v7-m/nofp\libc_nano.a(lib_a-reent.o)
 .ARM.attributes
                0x0000000000000541       0x2d c:/st/stm32cubeide_1.11.2/stm32cubeide/plugins/com.st.stm32cube.ide.mcu.externaltools.gnu-tools-for-stm32.10.3-2021.10.win32_1.0.100.202210260954/tools/bin/../lib/gcc/arm-none-eabi/10.3.1/../../../../arm-none-eabi/lib/thumb/v7-m/nofp\libc_nano.a(lib_a-lock.o)
 .ARM.attributes
                0x000000000000056e       0x2d c:/st/stm32cubeide_1.11.2/stm32cubeide/plugins/com.st.stm32cube.ide.mcu.externaltools.gnu-tools-for-stm32.10.3-2021.10.win32_1.0.100.202210260954/tools/bin/../lib/gcc/arm-none-eabi/10.3.1/../../../../arm-none-eabi/lib/thumb/v7-m/nofp\libc_nano.a(lib_a-memchr-stub.o)
 .ARM.attributes
                0x000000000000059b       0x2d c:/st/stm32cubeide_1.11.2/stm32cubeide/plugins/com.st.stm32cube.ide.mcu.externaltools.gnu-tools-for-stm32.10.3-2021.10.win32_1.0.100.202210260954/tools/bin/../lib/gcc/arm-none-eabi/10.3.1/../../../../arm-none-eabi/lib/thumb/v7-m/nofp\libc_nano.a(lib_a-memcpy-stub.o)
 .ARM.attributes
                0x00000000000005c8       0x2d c:/st/stm32cubeide_1.11.2/stm32cubeide/plugins/com.st.stm32cube.ide.mcu.externaltools.gnu-tools-for-stm32.10.3-2021.10.win32_1.0.100.202210260954/tools/bin/../lib/gcc/arm-none-eabi/10.3.1/../../../../arm-none-eabi/lib/thumb/v7-m/nofp\libc_nano.a(lib_a-memmove.o)
 .ARM.attributes
                0x00000000000005f5       0x2d c:/st/stm32cubeide_1.11.2/stm32cubeide/plugins/com.st.stm32cube.ide.mcu.externaltools.gnu-tools-for-stm32.10.3-2021.10.win32_1.0.100.202210260954/tools/bin/../lib/gcc/arm-none-eabi/10.3.1/../../../../arm-none-eabi/lib/thumb/v7-m/nofp\libc_nano.a(lib_a-nano-reallocr.o)
 .ARM.attributes
                0x0000000000000622       0x2d c:/st/stm32cubeide_1.11.2/stm32cubeide/plugins/com.st.stm32cube.ide.mcu.externaltools.gnu-tools-for-stm32.10.3-2021.10.win32_1.0.100.202210260954/tools/bin/../lib/gcc/arm-none-eabi/10.3.1/../../../../arm-none-eabi/lib/thumb/v7-m/nofp\libc_nano.a(lib_a-nano-msizer.o)
 .ARM.attributes
                0x000000000000064f       0x1d c:/st/stm32cubeide_1.11.2/stm32cubeide/plugins/com.st.stm32cube.ide.mcu.externaltools.gnu-tools-for-stm32.10.3-2021.10.win32_1.0.100.202210260954/tools/bin/../lib/gcc/arm-none-eabi/10.3.1/thumb/v7-m/nofp\libgcc.a(_arm_addsubdf3.o)
 .ARM.attributes
                0x000000000000066c       0x1d c:/st/stm32cubeide_1.11.2/stm32cubeide/plugins/com.st.stm32cube.ide.mcu.externaltools.gnu-tools-for-stm32.10.3-2021.10.win32_1.0.100.202210260954/tools/bin/../lib/gcc/arm-none-eabi/10.3.1/thumb/v7-m/nofp\libgcc.a(_arm_muldivdf3.o)
 .ARM.attributes
                0x0000000000000689       0x1d c:/st/stm32cubeide_1.11.2/stm32cubeide/plugins/com.st.stm32cube.ide.mcu.externaltools.gnu-tools-for-stm32.10.3-2021.10.win32_1.0.100.202210260954/tools/bin/../lib/gcc/arm-none-eabi/10.3.1/thumb/v7-m/nofp\libgcc.a(_arm_fixdfsi.o)
 .ARM.attributes
                0x00000000000006a6       0x1d c:/st/stm32cubeide_1.11.2/stm32cubeide/plugins/com.st.stm32cube.ide.mcu.externaltools.gnu-tools-for-stm32.10.3-2021.10.win32_1.0.100.202210260954/tools/bin/../lib/gcc/arm-none-eabi/10.3.1/thumb/v7-m/nofp/crtn.o
OUTPUT(Final-WIFI.elf elf32-littlearm)
LOAD linker stubs
LOAD c:/st/stm32cubeide_1.11.2/stm32cubeide/plugins/com.st.stm32cube.ide.mcu.externaltools.gnu-tools-for-stm32.10.3-2021.10.win32_1.0.100.202210260954/tools/bin/../lib/gcc/arm-none-eabi/10.3.1/../../../../arm-none-eabi/lib/thumb/v7-m/nofp\libc.a
LOAD c:/st/stm32cubeide_1.11.2/stm32cubeide/plugins/com.st.stm32cube.ide.mcu.externaltools.gnu-tools-for-stm32.10.3-2021.10.win32_1.0.100.202210260954/tools/bin/../lib/gcc/arm-none-eabi/10.3.1/../../../../arm-none-eabi/lib/thumb/v7-m/nofp\libm.a
LOAD c:/st/stm32cubeide_1.11.2/stm32cubeide/plugins/com.st.stm32cube.ide.mcu.externaltools.gnu-tools-for-stm32.10.3-2021.10.win32_1.0.100.202210260954/tools/bin/../lib/gcc/arm-none-eabi/10.3.1/thumb/v7-m/nofp\libgcc.a

.debug_info     0x0000000000000000     0x3531
 .debug_info    0x0000000000000000      0x7ad ./Src/HESP_program.o
 .debug_info    0x00000000000007ad      0x41f ./Src/MGPIO_program.o
 .debug_info    0x0000000000000bcc      0x408 ./Src/MNVIC_program.o
 .debug_info    0x0000000000000fd4      0x4d8 ./Src/MRCC_program.o
 .debug_info    0x00000000000014ac      0x351 ./Src/MSYSTICK_program.o
 .debug_info    0x00000000000017fd      0x464 ./Src/MUART_program.o
 .debug_info    0x0000000000001c61      0xa0c ./Src/SWIFI_program.o
 .debug_info    0x000000000000266d      0xd31 ./Src/main.o
 .debug_info    0x000000000000339e      0x171 ./Src/sysmem.o
 .debug_info    0x000000000000350f       0x22 ./Startup/startup_stm32f103c8tx.o

.debug_abbrev   0x0000000000000000      0xd13
 .debug_abbrev  0x0000000000000000      0x19c ./Src/HESP_program.o
 .debug_abbrev  0x000000000000019c      0x111 ./Src/MGPIO_program.o
 .debug_abbrev  0x00000000000002ad      0x113 ./Src/MNVIC_program.o
 .debug_abbrev  0x00000000000003c0       0xc8 ./Src/MRCC_program.o
 .debug_abbrev  0x0000000000000488      0x128 ./Src/MSYSTICK_program.o
 .debug_abbrev  0x00000000000005b0      0x183 ./Src/MUART_program.o
 .debug_abbrev  0x0000000000000733      0x2a8 ./Src/SWIFI_program.o
 .debug_abbrev  0x00000000000009db      0x26b ./Src/main.o
 .debug_abbrev  0x0000000000000c46       0xbb ./Src/sysmem.o
 .debug_abbrev  0x0000000000000d01       0x12 ./Startup/startup_stm32f103c8tx.o

.debug_aranges  0x0000000000000000      0x3d0
 .debug_aranges
                0x0000000000000000       0x68 ./Src/HESP_program.o
 .debug_aranges
                0x0000000000000068       0x40 ./Src/MGPIO_program.o
 .debug_aranges
                0x00000000000000a8       0x50 ./Src/MNVIC_program.o
 .debug_aranges
                0x00000000000000f8       0x38 ./Src/MRCC_program.o
 .debug_aranges
                0x0000000000000130       0x78 ./Src/MSYSTICK_program.o
 .debug_aranges
                0x00000000000001a8       0x80 ./Src/MUART_program.o
 .debug_aranges
                0x0000000000000228       0xc8 ./Src/SWIFI_program.o
 .debug_aranges
                0x00000000000002f0       0x98 ./Src/main.o
 .debug_aranges
                0x0000000000000388       0x20 ./Src/sysmem.o
 .debug_aranges
                0x00000000000003a8       0x28 ./Startup/startup_stm32f103c8tx.o

.debug_ranges   0x0000000000000000      0x338
 .debug_ranges  0x0000000000000000       0x58 ./Src/HESP_program.o
 .debug_ranges  0x0000000000000058       0x30 ./Src/MGPIO_program.o
 .debug_ranges  0x0000000000000088       0x40 ./Src/MNVIC_program.o
 .debug_ranges  0x00000000000000c8       0x28 ./Src/MRCC_program.o
 .debug_ranges  0x00000000000000f0       0x68 ./Src/MSYSTICK_program.o
 .debug_ranges  0x0000000000000158       0x70 ./Src/MUART_program.o
 .debug_ranges  0x00000000000001c8       0xb8 ./Src/SWIFI_program.o
 .debug_ranges  0x0000000000000280       0x88 ./Src/main.o
 .debug_ranges  0x0000000000000308       0x10 ./Src/sysmem.o
 .debug_ranges  0x0000000000000318       0x20 ./Startup/startup_stm32f103c8tx.o

.debug_macro    0x0000000000000000     0x2c9e
 .debug_macro   0x0000000000000000      0x173 ./Src/HESP_program.o
 .debug_macro   0x0000000000000173      0xa72 ./Src/HESP_program.o
 .debug_macro   0x0000000000000be5       0x22 ./Src/HESP_program.o
 .debug_macro   0x0000000000000c07       0x10 ./Src/HESP_program.o
 .debug_macro   0x0000000000000c17       0x70 ./Src/HESP_program.o
 .debug_macro   0x0000000000000c87       0x5e ./Src/HESP_program.o
 .debug_macro   0x0000000000000ce5       0x10 ./Src/HESP_program.o
 .debug_macro   0x0000000000000cf5       0x22 ./Src/HESP_program.o
 .debug_macro   0x0000000000000d17       0x4c ./Src/HESP_program.o
 .debug_macro   0x0000000000000d63       0x18 ./Src/HESP_program.o
 .debug_macro   0x0000000000000d7b       0x94 ./Src/HESP_program.o
 .debug_macro   0x0000000000000e0f       0x3c ./Src/HESP_program.o
 .debug_macro   0x0000000000000e4b       0x34 ./Src/HESP_program.o
 .debug_macro   0x0000000000000e7f      0x174 ./Src/HESP_program.o
 .debug_macro   0x0000000000000ff3       0x16 ./Src/HESP_program.o
 .debug_macro   0x0000000000001009       0x43 ./Src/HESP_program.o
 .debug_macro   0x000000000000104c       0x57 ./Src/HESP_program.o
 .debug_macro   0x00000000000010a3       0x34 ./Src/HESP_program.o
 .debug_macro   0x00000000000010d7       0x10 ./Src/HESP_program.o
 .debug_macro   0x00000000000010e7       0x58 ./Src/HESP_program.o
 .debug_macro   0x000000000000113f       0x71 ./Src/HESP_program.o
 .debug_macro   0x00000000000011b0       0x1c ./Src/HESP_program.o
 .debug_macro   0x00000000000011cc      0x12a ./Src/HESP_program.o
 .debug_macro   0x00000000000012f6      0x341 ./Src/HESP_program.o
 .debug_macro   0x0000000000001637       0x10 ./Src/HESP_program.o
 .debug_macro   0x0000000000001647       0x35 ./Src/HESP_program.o
 .debug_macro   0x000000000000167c       0x20 ./Src/HESP_program.o
 .debug_macro   0x000000000000169c       0x3a ./Src/HESP_program.o
 .debug_macro   0x00000000000016d6       0x37 ./Src/MGPIO_program.o
 .debug_macro   0x000000000000170d      0x106 ./Src/MGPIO_program.o
 .debug_macro   0x0000000000001813       0x35 ./Src/MNVIC_program.o
 .debug_macro   0x0000000000001848       0x1c ./Src/MNVIC_program.o
 .debug_macro   0x0000000000001864       0x37 ./Src/MRCC_program.o
 .debug_macro   0x000000000000189b       0xdc ./Src/MRCC_program.o
 .debug_macro   0x0000000000001977       0x37 ./Src/MSYSTICK_program.o
 .debug_macro   0x00000000000019ae       0x2e ./Src/MSYSTICK_program.o
 .debug_macro   0x00000000000019dc       0x35 ./Src/MUART_program.o
 .debug_macro   0x0000000000001a11      0x166 ./Src/MUART_program.o
 .debug_macro   0x0000000000001b77      0x1b0 ./Src/SWIFI_program.o
 .debug_macro   0x0000000000001d27       0x94 ./Src/SWIFI_program.o
 .debug_macro   0x0000000000001dbb       0x16 ./Src/SWIFI_program.o
 .debug_macro   0x0000000000001dd1       0x10 ./Src/SWIFI_program.o
 .debug_macro   0x0000000000001de1       0x16 ./Src/SWIFI_program.o
 .debug_macro   0x0000000000001df7       0x16 ./Src/SWIFI_program.o
 .debug_macro   0x0000000000001e0d       0x29 ./Src/SWIFI_program.o
 .debug_macro   0x0000000000001e36      0x27a ./Src/main.o
 .debug_macro   0x00000000000020b0      0x10e ./Src/main.o
 .debug_macro   0x00000000000021be       0x8d ./Src/main.o
 .debug_macro   0x000000000000224b       0x16 ./Src/main.o
 .debug_macro   0x0000000000002261       0x1c ./Src/main.o
 .debug_macro   0x000000000000227d       0x10 ./Src/main.o
 .debug_macro   0x000000000000228d       0x10 ./Src/main.o
 .debug_macro   0x000000000000229d       0x6a ./Src/main.o
 .debug_macro   0x0000000000002307       0x1c ./Src/main.o
 .debug_macro   0x0000000000002323       0x52 ./Src/main.o
 .debug_macro   0x0000000000002375       0x22 ./Src/main.o
 .debug_macro   0x0000000000002397       0x10 ./Src/main.o
 .debug_macro   0x00000000000023a7       0x52 ./Src/main.o
 .debug_macro   0x00000000000023f9       0xd5 ./Src/main.o
 .debug_macro   0x00000000000024ce       0x1c ./Src/main.o
 .debug_macro   0x00000000000024ea       0x3d ./Src/main.o
 .debug_macro   0x0000000000002527       0x16 ./Src/main.o
 .debug_macro   0x000000000000253d      0x145 ./Src/main.o
 .debug_macro   0x0000000000002682       0xff ./Src/sysmem.o
 .debug_macro   0x0000000000002781      0x23b ./Src/sysmem.o
 .debug_macro   0x00000000000029bc      0x103 ./Src/sysmem.o
 .debug_macro   0x0000000000002abf      0x1df ./Src/sysmem.o

.debug_line     0x0000000000000000     0x327c
 .debug_line    0x0000000000000000      0x738 ./Src/HESP_program.o
 .debug_line    0x0000000000000738      0x5ba ./Src/MGPIO_program.o
 .debug_line    0x0000000000000cf2      0x19c ./Src/MNVIC_program.o
 .debug_line    0x0000000000000e8e      0x3da ./Src/MRCC_program.o
 .debug_line    0x0000000000001268      0x28a ./Src/MSYSTICK_program.o
 .debug_line    0x00000000000014f2      0x2aa ./Src/MUART_program.o
 .debug_line    0x000000000000179c      0xa5b ./Src/SWIFI_program.o
 .debug_line    0x00000000000021f7      0xb12 ./Src/main.o
 .debug_line    0x0000000000002d09      0x4ef ./Src/sysmem.o
 .debug_line    0x00000000000031f8       0x84 ./Startup/startup_stm32f103c8tx.o

.debug_str      0x0000000000000000     0xb17e
 .debug_str     0x0000000000000000     0x6e0c ./Src/HESP_program.o
                                       0x6f62 (size before relaxing)
 .debug_str     0x0000000000006e0c      0x73c ./Src/MGPIO_program.o
                                       0x3795 (size before relaxing)
 .debug_str     0x0000000000007548      0x20e ./Src/MNVIC_program.o
                                       0x314d (size before relaxing)
 .debug_str     0x0000000000007756      0x681 ./Src/MRCC_program.o
                                       0x3665 (size before relaxing)
 .debug_str     0x0000000000007dd7      0x25f ./Src/MSYSTICK_program.o
                                       0x30cb (size before relaxing)
 .debug_str     0x0000000000008036      0x577 ./Src/MUART_program.o
                                       0x3531 (size before relaxing)
 .debug_str     0x00000000000085ad      0xa2f ./Src/SWIFI_program.o
                                       0x713e (size before relaxing)
 .debug_str     0x0000000000008fdc     0x1329 ./Src/main.o
                                       0x85f8 (size before relaxing)
 .debug_str     0x000000000000a305      0xe48 ./Src/sysmem.o
                                       0x5d5e (size before relaxing)
 .debug_str     0x000000000000b14d       0x31 ./Startup/startup_stm32f103c8tx.o
                                         0x75 (size before relaxing)

.comment        0x0000000000000000       0x50
 .comment       0x0000000000000000       0x50 ./Src/HESP_program.o
                                         0x51 (size before relaxing)
 .comment       0x0000000000000050       0x51 ./Src/MGPIO_program.o
 .comment       0x0000000000000050       0x51 ./Src/MNVIC_program.o
 .comment       0x0000000000000050       0x51 ./Src/MRCC_program.o
 .comment       0x0000000000000050       0x51 ./Src/MSYSTICK_program.o
 .comment       0x0000000000000050       0x51 ./Src/MUART_program.o
 .comment       0x0000000000000050       0x51 ./Src/SWIFI_program.o
 .comment       0x0000000000000050       0x51 ./Src/main.o
 .comment       0x0000000000000050       0x51 ./Src/sysmem.o

.debug_frame    0x0000000000000000     0x143c
 .debug_frame   0x0000000000000000      0x140 ./Src/HESP_program.o
 .debug_frame   0x0000000000000140       0xd8 ./Src/MGPIO_program.o
 .debug_frame   0x0000000000000218      0x128 ./Src/MNVIC_program.o
 .debug_frame   0x0000000000000340       0xb4 ./Src/MRCC_program.o
 .debug_frame   0x00000000000003f4      0x1c4 ./Src/MSYSTICK_program.o
 .debug_frame   0x00000000000005b8      0x1e0 ./Src/MUART_program.o
 .debug_frame   0x0000000000000798      0x328 ./Src/SWIFI_program.o
 .debug_frame   0x0000000000000ac0      0x254 ./Src/main.o
 .debug_frame   0x0000000000000d14       0x34 ./Src/sysmem.o
 .debug_frame   0x0000000000000d48       0x30 c:/st/stm32cubeide_1.11.2/stm32cubeide/plugins/com.st.stm32cube.ide.mcu.externaltools.gnu-tools-for-stm32.10.3-2021.10.win32_1.0.100.202210260954/tools/bin/../lib/gcc/arm-none-eabi/10.3.1/../../../../arm-none-eabi/lib/thumb/v7-m/nofp\libc_nano.a(lib_a-atoi.o)
 .debug_frame   0x0000000000000d78       0x20 c:/st/stm32cubeide_1.11.2/stm32cubeide/plugins/com.st.stm32cube.ide.mcu.externaltools.gnu-tools-for-stm32.10.3-2021.10.win32_1.0.100.202210260954/tools/bin/../lib/gcc/arm-none-eabi/10.3.1/../../../../arm-none-eabi/lib/thumb/v7-m/nofp\libc_nano.a(lib_a-errno.o)
 .debug_frame   0x0000000000000d98       0x2c c:/st/stm32cubeide_1.11.2/stm32cubeide/plugins/com.st.stm32cube.ide.mcu.externaltools.gnu-tools-for-stm32.10.3-2021.10.win32_1.0.100.202210260954/tools/bin/../lib/gcc/arm-none-eabi/10.3.1/../../../../arm-none-eabi/lib/thumb/v7-m/nofp\libc_nano.a(lib_a-init.o)
 .debug_frame   0x0000000000000dc4       0x38 c:/st/stm32cubeide_1.11.2/stm32cubeide/plugins/com.st.stm32cube.ide.mcu.externaltools.gnu-tools-for-stm32.10.3-2021.10.win32_1.0.100.202210260954/tools/bin/../lib/gcc/arm-none-eabi/10.3.1/../../../../arm-none-eabi/lib/thumb/v7-m/nofp\libc_nano.a(lib_a-itoa.o)
 .debug_frame   0x0000000000000dfc       0x30 c:/st/stm32cubeide_1.11.2/stm32cubeide/plugins/com.st.stm32cube.ide.mcu.externaltools.gnu-tools-for-stm32.10.3-2021.10.win32_1.0.100.202210260954/tools/bin/../lib/gcc/arm-none-eabi/10.3.1/../../../../arm-none-eabi/lib/thumb/v7-m/nofp\libc_nano.a(lib_a-malloc.o)
 .debug_frame   0x0000000000000e2c       0x38 c:/st/stm32cubeide_1.11.2/stm32cubeide/plugins/com.st.stm32cube.ide.mcu.externaltools.gnu-tools-for-stm32.10.3-2021.10.win32_1.0.100.202210260954/tools/bin/../lib/gcc/arm-none-eabi/10.3.1/../../../../arm-none-eabi/lib/thumb/v7-m/nofp\libc_nano.a(lib_a-nano-freer.o)
 .debug_frame   0x0000000000000e64       0x4c c:/st/stm32cubeide_1.11.2/stm32cubeide/plugins/com.st.stm32cube.ide.mcu.externaltools.gnu-tools-for-stm32.10.3-2021.10.win32_1.0.100.202210260954/tools/bin/../lib/gcc/arm-none-eabi/10.3.1/../../../../arm-none-eabi/lib/thumb/v7-m/nofp\libc_nano.a(lib_a-nano-mallocr.o)
 .debug_frame   0x0000000000000eb0       0x2c c:/st/stm32cubeide_1.11.2/stm32cubeide/plugins/com.st.stm32cube.ide.mcu.externaltools.gnu-tools-for-stm32.10.3-2021.10.win32_1.0.100.202210260954/tools/bin/../lib/gcc/arm-none-eabi/10.3.1/../../../../arm-none-eabi/lib/thumb/v7-m/nofp\libc_nano.a(lib_a-sbrkr.o)
 .debug_frame   0x0000000000000edc       0x6c c:/st/stm32cubeide_1.11.2/stm32cubeide/plugins/com.st.stm32cube.ide.mcu.externaltools.gnu-tools-for-stm32.10.3-2021.10.win32_1.0.100.202210260954/tools/bin/../lib/gcc/arm-none-eabi/10.3.1/../../../../arm-none-eabi/lib/thumb/v7-m/nofp\libc_nano.a(lib_a-sprintf.o)
 .debug_frame   0x0000000000000f48       0x28 c:/st/stm32cubeide_1.11.2/stm32cubeide/plugins/com.st.stm32cube.ide.mcu.externaltools.gnu-tools-for-stm32.10.3-2021.10.win32_1.0.100.202210260954/tools/bin/../lib/gcc/arm-none-eabi/10.3.1/../../../../arm-none-eabi/lib/thumb/v7-m/nofp\libc_nano.a(lib_a-strncmp.o)
 .debug_frame   0x0000000000000f70       0x64 c:/st/stm32cubeide_1.11.2/stm32cubeide/plugins/com.st.stm32cube.ide.mcu.externaltools.gnu-tools-for-stm32.10.3-2021.10.win32_1.0.100.202210260954/tools/bin/../lib/gcc/arm-none-eabi/10.3.1/../../../../arm-none-eabi/lib/thumb/v7-m/nofp\libc_nano.a(lib_a-strtol.o)
 .debug_frame   0x0000000000000fd4       0x48 c:/st/stm32cubeide_1.11.2/stm32cubeide/plugins/com.st.stm32cube.ide.mcu.externaltools.gnu-tools-for-stm32.10.3-2021.10.win32_1.0.100.202210260954/tools/bin/../lib/gcc/arm-none-eabi/10.3.1/../../../../arm-none-eabi/lib/thumb/v7-m/nofp\libc_nano.a(lib_a-utoa.o)
 .debug_frame   0x000000000000101c       0x30 c:/st/stm32cubeide_1.11.2/stm32cubeide/plugins/com.st.stm32cube.ide.mcu.externaltools.gnu-tools-for-stm32.10.3-2021.10.win32_1.0.100.202210260954/tools/bin/../lib/gcc/arm-none-eabi/10.3.1/../../../../arm-none-eabi/lib/thumb/v7-m/nofp\libc_nano.a(lib_a-mlock.o)
 .debug_frame   0x000000000000104c       0x90 c:/st/stm32cubeide_1.11.2/stm32cubeide/plugins/com.st.stm32cube.ide.mcu.externaltools.gnu-tools-for-stm32.10.3-2021.10.win32_1.0.100.202210260954/tools/bin/../lib/gcc/arm-none-eabi/10.3.1/../../../../arm-none-eabi/lib/thumb/v7-m/nofp\libc_nano.a(lib_a-nano-svfprintf.o)
 .debug_frame   0x00000000000010dc       0x60 c:/st/stm32cubeide_1.11.2/stm32cubeide/plugins/com.st.stm32cube.ide.mcu.externaltools.gnu-tools-for-stm32.10.3-2021.10.win32_1.0.100.202210260954/tools/bin/../lib/gcc/arm-none-eabi/10.3.1/../../../../arm-none-eabi/lib/thumb/v7-m/nofp\libc_nano.a(lib_a-nano-vfprintf_i.o)
 .debug_frame   0x000000000000113c       0x5c c:/st/stm32cubeide_1.11.2/stm32cubeide/plugins/com.st.stm32cube.ide.mcu.externaltools.gnu-tools-for-stm32.10.3-2021.10.win32_1.0.100.202210260954/tools/bin/../lib/gcc/arm-none-eabi/10.3.1/../../../../arm-none-eabi/lib/thumb/v7-m/nofp\libc_nano.a(lib_a-reent.o)
 .debug_frame   0x0000000000001198       0xb0 c:/st/stm32cubeide_1.11.2/stm32cubeide/plugins/com.st.stm32cube.ide.mcu.externaltools.gnu-tools-for-stm32.10.3-2021.10.win32_1.0.100.202210260954/tools/bin/../lib/gcc/arm-none-eabi/10.3.1/../../../../arm-none-eabi/lib/thumb/v7-m/nofp\libc_nano.a(lib_a-lock.o)
 .debug_frame   0x0000000000001248       0x28 c:/st/stm32cubeide_1.11.2/stm32cubeide/plugins/com.st.stm32cube.ide.mcu.externaltools.gnu-tools-for-stm32.10.3-2021.10.win32_1.0.100.202210260954/tools/bin/../lib/gcc/arm-none-eabi/10.3.1/../../../../arm-none-eabi/lib/thumb/v7-m/nofp\libc_nano.a(lib_a-memchr-stub.o)
 .debug_frame   0x0000000000001270       0x28 c:/st/stm32cubeide_1.11.2/stm32cubeide/plugins/com.st.stm32cube.ide.mcu.externaltools.gnu-tools-for-stm32.10.3-2021.10.win32_1.0.100.202210260954/tools/bin/../lib/gcc/arm-none-eabi/10.3.1/../../../../arm-none-eabi/lib/thumb/v7-m/nofp\libc_nano.a(lib_a-memcpy-stub.o)
 .debug_frame   0x0000000000001298       0x28 c:/st/stm32cubeide_1.11.2/stm32cubeide/plugins/com.st.stm32cube.ide.mcu.externaltools.gnu-tools-for-stm32.10.3-2021.10.win32_1.0.100.202210260954/tools/bin/../lib/gcc/arm-none-eabi/10.3.1/../../../../arm-none-eabi/lib/thumb/v7-m/nofp\libc_nano.a(lib_a-memmove.o)
 .debug_frame   0x00000000000012c0       0x3c c:/st/stm32cubeide_1.11.2/stm32cubeide/plugins/com.st.stm32cube.ide.mcu.externaltools.gnu-tools-for-stm32.10.3-2021.10.win32_1.0.100.202210260954/tools/bin/../lib/gcc/arm-none-eabi/10.3.1/../../../../arm-none-eabi/lib/thumb/v7-m/nofp\libc_nano.a(lib_a-nano-reallocr.o)
 .debug_frame   0x00000000000012fc       0x20 c:/st/stm32cubeide_1.11.2/stm32cubeide/plugins/com.st.stm32cube.ide.mcu.externaltools.gnu-tools-for-stm32.10.3-2021.10.win32_1.0.100.202210260954/tools/bin/../lib/gcc/arm-none-eabi/10.3.1/../../../../arm-none-eabi/lib/thumb/v7-m/nofp\libc_nano.a(lib_a-nano-msizer.o)
 .debug_frame   0x000000000000131c       0xac c:/st/stm32cubeide_1.11.2/stm32cubeide/plugins/com.st.stm32cube.ide.mcu.externaltools.gnu-tools-for-stm32.10.3-2021.10.win32_1.0.100.202210260954/tools/bin/../lib/gcc/arm-none-eabi/10.3.1/thumb/v7-m/nofp\libgcc.a(_arm_addsubdf3.o)
 .debug_frame   0x00000000000013c8       0x50 c:/st/stm32cubeide_1.11.2/stm32cubeide/plugins/com.st.stm32cube.ide.mcu.externaltools.gnu-tools-for-stm32.10.3-2021.10.win32_1.0.100.202210260954/tools/bin/../lib/gcc/arm-none-eabi/10.3.1/thumb/v7-m/nofp\libgcc.a(_arm_muldivdf3.o)
 .debug_frame   0x0000000000001418       0x24 c:/st/stm32cubeide_1.11.2/stm32cubeide/plugins/com.st.stm32cube.ide.mcu.externaltools.gnu-tools-for-stm32.10.3-2021.10.win32_1.0.100.202210260954/tools/bin/../lib/gcc/arm-none-eabi/10.3.1/thumb/v7-m/nofp\libgcc.a(_arm_fixdfsi.o)
