Archive member included to satisfy reference by file (symbol)

C:/ST/STM32CubeIDE_1.13.2/STM32CubeIDE/plugins/com.st.stm32cube.ide.mcu.externaltools.gnu-tools-for-stm32.11.3.rel1.win32_1.1.1.202309131626/tools/bin/../lib/gcc/arm-none-eabi/11.3.1/../../../../arm-none-eabi/lib/thumb/v7-m/nofp\libc_nano.a(libc_a-exit.o)
                              C:/ST/STM32CubeIDE_1.13.2/STM32CubeIDE/plugins/com.st.stm32cube.ide.mcu.externaltools.gnu-tools-for-stm32.11.3.rel1.win32_1.1.1.202309131626/tools/bin/../lib/gcc/arm-none-eabi/11.3.1/../../../../arm-none-eabi/lib/thumb/v7-m/nofp/crt0.o (exit)
C:/ST/STM32CubeIDE_1.13.2/STM32CubeIDE/plugins/com.st.stm32cube.ide.mcu.externaltools.gnu-tools-for-stm32.11.3.rel1.win32_1.1.1.202309131626/tools/bin/../lib/gcc/arm-none-eabi/11.3.1/../../../../arm-none-eabi/lib/thumb/v7-m/nofp\libc_nano.a(libc_a-findfp.o)
                              C:/ST/STM32CubeIDE_1.13.2/STM32CubeIDE/plugins/com.st.stm32cube.ide.mcu.externaltools.gnu-tools-for-stm32.11.3.rel1.win32_1.1.1.202309131626/tools/bin/../lib/gcc/arm-none-eabi/11.3.1/../../../../arm-none-eabi/lib/thumb/v7-m/nofp\libc_nano.a(libc_a-exit.o) (__stdio_exit_handler)
C:/ST/STM32CubeIDE_1.13.2/STM32CubeIDE/plugins/com.st.stm32cube.ide.mcu.externaltools.gnu-tools-for-stm32.11.3.rel1.win32_1.1.1.202309131626/tools/bin/../lib/gcc/arm-none-eabi/11.3.1/../../../../arm-none-eabi/lib/thumb/v7-m/nofp\libc_nano.a(libc_a-fwalk.o)
                              C:/ST/STM32CubeIDE_1.13.2/STM32CubeIDE/plugins/com.st.stm32cube.ide.mcu.externaltools.gnu-tools-for-stm32.11.3.rel1.win32_1.1.1.202309131626/tools/bin/../lib/gcc/arm-none-eabi/11.3.1/../../../../arm-none-eabi/lib/thumb/v7-m/nofp\libc_nano.a(libc_a-findfp.o) (_fwalk_sglue)
C:/ST/STM32CubeIDE_1.13.2/STM32CubeIDE/plugins/com.st.stm32cube.ide.mcu.externaltools.gnu-tools-for-stm32.11.3.rel1.win32_1.1.1.202309131626/tools/bin/../lib/gcc/arm-none-eabi/11.3.1/../../../../arm-none-eabi/lib/thumb/v7-m/nofp\libc_nano.a(libc_a-stdio.o)
                              C:/ST/STM32CubeIDE_1.13.2/STM32CubeIDE/plugins/com.st.stm32cube.ide.mcu.externaltools.gnu-tools-for-stm32.11.3.rel1.win32_1.1.1.202309131626/tools/bin/../lib/gcc/arm-none-eabi/11.3.1/../../../../arm-none-eabi/lib/thumb/v7-m/nofp\libc_nano.a(libc_a-findfp.o) (__sread)
C:/ST/STM32CubeIDE_1.13.2/STM32CubeIDE/plugins/com.st.stm32cube.ide.mcu.externaltools.gnu-tools-for-stm32.11.3.rel1.win32_1.1.1.202309131626/tools/bin/../lib/gcc/arm-none-eabi/11.3.1/../../../../arm-none-eabi/lib/thumb/v7-m/nofp\libc_nano.a(libc_a-memset.o)
                              C:/ST/STM32CubeIDE_1.13.2/STM32CubeIDE/plugins/com.st.stm32cube.ide.mcu.externaltools.gnu-tools-for-stm32.11.3.rel1.win32_1.1.1.202309131626/tools/bin/../lib/gcc/arm-none-eabi/11.3.1/../../../../arm-none-eabi/lib/thumb/v7-m/nofp/crt0.o (memset)
C:/ST/STM32CubeIDE_1.13.2/STM32CubeIDE/plugins/com.st.stm32cube.ide.mcu.externaltools.gnu-tools-for-stm32.11.3.rel1.win32_1.1.1.202309131626/tools/bin/../lib/gcc/arm-none-eabi/11.3.1/../../../../arm-none-eabi/lib/thumb/v7-m/nofp\libc_nano.a(libc_a-closer.o)
                              C:/ST/STM32CubeIDE_1.13.2/STM32CubeIDE/plugins/com.st.stm32cube.ide.mcu.externaltools.gnu-tools-for-stm32.11.3.rel1.win32_1.1.1.202309131626/tools/bin/../lib/gcc/arm-none-eabi/11.3.1/../../../../arm-none-eabi/lib/thumb/v7-m/nofp\libc_nano.a(libc_a-stdio.o) (_close_r)
C:/ST/STM32CubeIDE_1.13.2/STM32CubeIDE/plugins/com.st.stm32cube.ide.mcu.externaltools.gnu-tools-for-stm32.11.3.rel1.win32_1.1.1.202309131626/tools/bin/../lib/gcc/arm-none-eabi/11.3.1/../../../../arm-none-eabi/lib/thumb/v7-m/nofp\libc_nano.a(libc_a-reent.o)
                              C:/ST/STM32CubeIDE_1.13.2/STM32CubeIDE/plugins/com.st.stm32cube.ide.mcu.externaltools.gnu-tools-for-stm32.11.3.rel1.win32_1.1.1.202309131626/tools/bin/../lib/gcc/arm-none-eabi/11.3.1/../../../../arm-none-eabi/lib/thumb/v7-m/nofp\libc_nano.a(libc_a-closer.o) (errno)
C:/ST/STM32CubeIDE_1.13.2/STM32CubeIDE/plugins/com.st.stm32cube.ide.mcu.externaltools.gnu-tools-for-stm32.11.3.rel1.win32_1.1.1.202309131626/tools/bin/../lib/gcc/arm-none-eabi/11.3.1/../../../../arm-none-eabi/lib/thumb/v7-m/nofp\libc_nano.a(libc_a-impure.o)
                              C:/ST/STM32CubeIDE_1.13.2/STM32CubeIDE/plugins/com.st.stm32cube.ide.mcu.externaltools.gnu-tools-for-stm32.11.3.rel1.win32_1.1.1.202309131626/tools/bin/../lib/gcc/arm-none-eabi/11.3.1/../../../../arm-none-eabi/lib/thumb/v7-m/nofp\libc_nano.a(libc_a-reent.o) (_impure_ptr)
C:/ST/STM32CubeIDE_1.13.2/STM32CubeIDE/plugins/com.st.stm32cube.ide.mcu.externaltools.gnu-tools-for-stm32.11.3.rel1.win32_1.1.1.202309131626/tools/bin/../lib/gcc/arm-none-eabi/11.3.1/../../../../arm-none-eabi/lib/thumb/v7-m/nofp\libc_nano.a(libc_a-lseekr.o)
[...]
Memory Configuration

Name             Origin             Length             Attributes
RAM              0x0000000020000000 0x0000000000005000 xrw
FLASH            0x0000000008003400 0x0000000000006400 xr
*default*        0x0000000000000000 0xffffffffffffffff

Linker script and memory map

LOAD C:/ST/STM32CubeIDE_1.13.2/STM32CubeIDE/plugins/com.st.stm32cube.ide.mcu.externaltools.gnu-tools-for-stm32.11.3.rel1.win32_1.1.1.202309131626/tools/bin/../lib/gcc/arm-none-eabi/11.3.1/thumb/v7-m/nofp/crti.o
LOAD C:/ST/STM32CubeIDE_1.13.2/STM32CubeIDE/plugins/com.st.stm32cube.ide.mcu.externaltools.gnu-tools-for-stm32.11.3.rel1.win32_1.1.1.202309131626/tools/bin/../lib/gcc/arm-none-eabi/11.3.1/thumb/v7-m/nofp/crtbegin.o
LOAD C:/ST/STM32CubeIDE_1.13.2/STM32CubeIDE/plugins/com.st.stm32cube.ide.mcu.externaltools.gnu-tools-for-stm32.11.3.rel1.win32_1.1.1.202309131626/tools/bin/../lib/gcc/arm-none-eabi/11.3.1/../../../../arm-none-eabi/lib/thumb/v7-m/nofp/crt0.o
LOAD ./Src/APARES.o
LOAD ./Src/MFLASH_program.o
LOAD ./Src/MGPIO_program.o
LOAD ./Src/MNVIC_program.o
LOAD ./Src/MRCC_program.o
LOAD ./Src/MSYSTICK_program.o
LOAD ./Src/USART_program.o
LOAD ./Src/main.o
LOAD ./Src/syscalls.o
LOAD ./Src/sysmem.o
LOAD ./Startup/startup_stm32f103c8tx.o
START GROUP
LOAD C:/ST/STM32CubeIDE_1.13.2/STM32CubeIDE/plugins/com.st.stm32cube.ide.mcu.externaltools.gnu-tools-for-stm32.11.3.rel1.win32_1.1.1.202309131626/tools/bin/../lib/gcc/arm-none-eabi/11.3.1/../../../../arm-none-eabi/lib/thumb/v7-m/nofp\libc_nano.a
LOAD C:/ST/STM32CubeIDE_1.13.2/STM32CubeIDE/plugins/com.st.stm32cube.ide.mcu.externaltools.gnu-tools-for-stm32.11.3.rel1.win32_1.1.1.202309131626/tools/bin/../lib/gcc/arm-none-eabi/11.3.1/../../../../arm-none-eabi/lib/thumb/v7-m/nofp\libm.a
END GROUP
START GROUP
LOAD C:/ST/STM32CubeIDE_1.13.2/STM32CubeIDE/plugins/com.st.stm32cube.ide.mcu.externaltools.gnu-tools-for-stm32.11.3.rel1.win32_1.1.1.202309131626/tools/bin/../lib/gcc/arm-none-eabi/11.3.1/thumb/v7-m/nofp\libgcc.a
LOAD C:/ST/STM32CubeIDE_1.13.2/STM32CubeIDE/plugins/com.st.stm32cube.ide.mcu.externaltools.gnu-tools-for-stm32.11.3.rel1.win32_1.1.1.202309131626/tools/bin/../lib/gcc/arm-none-eabi/11.3.1/../../../../arm-none-eabi/lib/thumb/v7-m/nofp\libc_nano.a
END GROUP
START GROUP
LOAD C:/ST/STM32CubeIDE_1.13.2/STM32CubeIDE/plugins/com.st.stm32cube.ide.mcu.externaltools.gnu-tools-for-stm32.11.3.rel1.win32_1.1.1.202309131626/tools/bin/../lib/gcc/arm-none-eabi/11.3.1/thumb/v7-m/nofp\libgcc.a
LOAD C:/ST/STM32CubeIDE_1.13.2/STM32CubeIDE/plugins/com.st.stm32cube.ide.mcu.externaltools.gnu-tools-for-stm32.11.3.rel1.win32_1.1.1.202309131626/tools/bin/../lib/gcc/arm-none-eabi/11.3.1/../../../../arm-none-eabi/lib/thumb/v7-m/nofp\libc_nano.a
LOAD C:/ST/STM32CubeIDE_1.13.2/STM32CubeIDE/plugins/com.st.stm32cube.ide.mcu.externaltools.gnu-tools-for-stm32.11.3.rel1.win32_1.1.1.202309131626/tools/bin/../lib/gcc/arm-none-eabi/11.3.1/../../../../arm-none-eabi/lib/thumb/v7-m/nofp\libnosys.a
END GROUP
START GROUP
LOAD C:/ST/STM32CubeIDE_1.13.2/STM32CubeIDE/plugins/com.st.stm32cube.ide.mcu.externaltools.gnu-tools-for-stm32.11.3.rel1.win32_1.1.1.202309131626/tools/bin/../lib/gcc/arm-none-eabi/11.3.1/thumb/v7-m/nofp\libgcc.a
LOAD C:/ST/STM32CubeIDE_1.13.2/STM32CubeIDE/plugins/com.st.stm32cube.ide.mcu.externaltools.gnu-tools-for-stm32.11.3.rel1.win32_1.1.1.202309131626/tools/bin/../lib/gcc/arm-none-eabi/11.3.1/../../../../arm-none-eabi/lib/thumb/v7-m/nofp\libc_nano.a
LOAD C:/ST/STM32CubeIDE_1.13.2/STM32CubeIDE/plugins/com.st.stm32cube.ide.mcu.externaltools.gnu-tools-for-stm32.11.3.rel1.win32_1.1.1.202309131626/tools/bin/../lib/gcc/arm-none-eabi/11.3.1/../../../../arm-none-eabi/lib/thumb/v7-m/nofp\libnosys.a
END GROUP
LOAD C:/ST/STM32CubeIDE_1.13.2/STM32CubeIDE/plugins/com.st.stm32cube.ide.mcu.externaltools.gnu-tools-for-stm32.11.3.rel1.win32_1.1.1.202309131626/tools/bin/../lib/gcc/arm-none-eabi/11.3.1/thumb/v7-m/nofp/crtend.o
LOAD C:/ST/STM32CubeIDE_1.13.2/STM32CubeIDE/plugins/com.st.stm32cube.ide.mcu.externaltools.gnu-tools-for-stm32.11.3.rel1.win32_1.1.1.202309131626/tools/bin/../lib/gcc/arm-none-eabi/11.3.1/thumb/v7-m/nofp/crtn.o
                0x0000000020005000                _estack = (ORIGIN (RAM) + LENGTH (RAM))
                0x0000000000000200                _Min_Heap_Size = 0x200
                0x0000000000000400                _Min_Stack_Size = 0x400

.isr_vector     0x0000000008003400      0x130
                0x0000000008003400                . = ALIGN (0x4)
 *(.isr_vector)
 .isr_vector    0x0000000008003400      0x130 ./Startup/startup_stm32f103c8tx.o
                0x0000000008003400                g_pfnVectors
                0x0000000008003530                . = ALIGN (0x4)

.text           0x0000000008003530     0x118c
                0x0000000008003530                . = ALIGN (0x4)
 *(.text)
 .text          0x0000000008003530       0x40 C:/ST/STM32CubeIDE_1.13.2/STM32CubeIDE/plugins/com.st.stm32cube.ide.mcu.externaltools.gnu-tools-for-stm32.11.3.rel1.win32_1.1.1.202309131626/tools/bin/../lib/gcc/arm-none-eabi/11.3.1/thumb/v7-m/nofp/crtbegin.o
 *(.text*)
 .text.APARES_AsciToHex
                0x0000000008003570       0x30 ./Src/APARES.o
                0x0000000008003570                APARES_AsciToHex
 .text.APARES_voidData
                0x00000000080035a0      0x198 ./Src/APARES.o
                0x00000000080035a0                APARES_voidData
 .text.APARES_voidRecord
                0x0000000008003738       0x44 ./Src/APARES.o
                0x0000000008003738                APARES_voidRecord
 .text.APARES_u8EndRecordFlag
                0x000000000800377c       0x28 ./Src/APARES.o
                0x000000000800377c                APARES_u8EndRecordFlag
 .text.MFLASH_stderrorUnlock
                0x00000000080037a4       0x4c ./Src/MFLASH_program.o
 .text.MFLASH_stderrorlock
                0x00000000080037f0       0x1c ./Src/MFLASH_program.o
 .text.MFLASH_voidErasePage
                0x000000000800380c       0x94 ./Src/MFLASH_program.o
                0x000000000800380c                MFLASH_voidErasePage
 .text.MFLASH_stderrorWrite32BitData
                0x00000000080038a0       0x90 ./Src/MFLASH_program.o
                0x00000000080038a0                MFLASH_stderrorWrite32BitData
 .text.MFLASH_voidWriteSection
                0x0000000008003930       0xa8 ./Src/MFLASH_program.o
                0x0000000008003930                MFLASH_voidWriteSection
 .text.MFLASH_voidReadPage
                0x00000000080039d8       0x40 ./Src/MFLASH_program.o
                0x00000000080039d8                MFLASH_voidReadPage
 .text.MFLASH_voidEraseApp2Section
                0x0000000008003a18       0x2a ./Src/MFLASH_program.o
                0x0000000008003a18                MFLASH_voidEraseApp2Section
 *fill*         0x0000000008003a42        0x2 
 .text.MGPIO_stderrorPinModeSelect
                0x0000000008003a44      0x294 ./Src/MGPIO_program.o
                0x0000000008003a44                MGPIO_stderrorPinModeSelect
 .text.MGPIO_stderrorSetPinValueBSSR
                0x0000000008003cd8      0x1a4 ./Src/MGPIO_program.o
                0x0000000008003cd8                MGPIO_stderrorSetPinValueBSSR
 .text.MGPIO_stderrorSerialWireJTAGConfiguration
                0x0000000008003e7c       0x50 ./Src/MGPIO_program.o
                0x0000000008003e7c                MGPIO_stderrorSerialWireJTAGConfiguration
 .text.MNVIC_stderrorEnableIRQ
                0x0000000008003ecc       0x48 ./Src/MNVIC_program.o
                0x0000000008003ecc                MNVIC_stderrorEnableIRQ
 .text.NVIC_voidResetRequest
                0x0000000008003f14       0x2c ./Src/MNVIC_program.o
                0x0000000008003f14                NVIC_voidResetRequest
 .text.MRCC_stderrorInit
                0x0000000008003f40      0x2b4 ./Src/MRCC_program.o
                0x0000000008003f40                MRCC_stderrorInit
 .text.RCC_EnablePeripheralClk
                0x00000000080041f4       0x90 ./Src/MRCC_program.o
                0x00000000080041f4                RCC_EnablePeripheralClk
 .text.MSYSTICK_stderrorInit
                0x0000000008004284       0x4c ./Src/MSYSTICK_program.o
                0x0000000008004284                MSYSTICK_stderrorInit
 .text.MSYSTICK_stderrorSetBusyWait
                0x00000000080042d0       0x54 ./Src/MSYSTICK_program.o
                0x00000000080042d0                MSYSTICK_stderrorSetBusyWait
 .text.MSYSTICK_DisableInterrupt
                0x0000000008004324       0x1c ./Src/MSYSTICK_program.o
                0x0000000008004324                MSYSTICK_DisableInterrupt
 .text.MSYSTICK_Delay_Ms
                0x0000000008004340       0x24 ./Src/MSYSTICK_program.o
                0x0000000008004340                MSYSTICK_Delay_Ms
 .text.SysTick_Handler
                0x0000000008004364       0x40 ./Src/MSYSTICK_program.o
                0x0000000008004364                SysTick_Handler
 .text.MUSART1_voidInit
                0x00000000080043a4       0x44 ./Src/USART_program.o
                0x00000000080043a4                MUSART1_voidInit
 .text.MUSART1_voidTransmit
                0x00000000080043e8       0x4c ./Src/USART_program.o
                0x00000000080043e8                MUSART1_voidTransmit
 .text.MUSART1_SetCallBack
                0x0000000008004434       0x34 ./Src/USART_program.o
                0x0000000008004434                MUSART1_SetCallBack
 .text.USART1_IRQHandler
                0x0000000008004468       0x78 ./Src/USART_program.o
                0x0000000008004468                USART1_IRQHandler
 .text.MUART_voidInterruptEnable
                0x00000000080044e0       0x1c ./Src/USART_program.o
                0x00000000080044e0                MUART_voidInterruptEnable
 .text.main     0x00000000080044fc       0xd4 ./Src/main.o
                0x00000000080044fc                main
 .text.APP1_voidFlash
                0x00000000080045d0       0x38 ./Src/main.o
                0x00000000080045d0                APP1_voidFlash
 .text.Reset_Handler
                0x0000000008004608       0x50 ./Startup/startup_stm32f103c8tx.o
                0x0000000008004608                Reset_Handler
 .text.Default_Handler
                0x0000000008004658        0x2 ./Startup/startup_stm32f103c8tx.o
                0x0000000008004658                EXTI2_IRQHandler
                0x0000000008004658                TIM8_TRG_COM_IRQHandler
                0x0000000008004658                TIM8_CC_IRQHandler
                0x0000000008004658                DebugMon_Handler
                0x0000000008004658                TIM1_CC_IRQHandler
                0x0000000008004658                HardFault_Handler
                0x0000000008004658                TIM6_IRQHandler
                0x0000000008004658                PVD_IRQHandler
                0x0000000008004658                SDIO_IRQHandler
                0x0000000008004658                PendSV_Handler
                0x0000000008004658                NMI_Handler
                0x0000000008004658                EXTI3_IRQHandler
                0x0000000008004658                USB_HP_CAN_TX_IRQHandler
                0x0000000008004658                EXTI0_IRQHandler
                0x0000000008004658                I2C2_EV_IRQHandler
                0x0000000008004658                UsageFault_Handler
                0x0000000008004658                ADC1_2_IRQHandler
                0x0000000008004658                SPI1_IRQHandler
                0x0000000008004658                CAN_SCE_IRQHandler
                0x0000000008004658                TAMPER_IRQHandler
                0x0000000008004658                TIM8_UP_IRQHandler
                0x0000000008004658                DMA2_Channel2_IRQHandler
                0x0000000008004658                DMA1_Channel4_IRQHandler
                0x0000000008004658                USART3_IRQHandler
                0x0000000008004658                RTC_IRQHandler
                0x0000000008004658                DMA1_Channel7_IRQHandler
                0x0000000008004658                UART5_IRQHandler
                0x0000000008004658                ADC3_IRQHandler
                0x0000000008004658                TIM4_IRQHandler
                0x0000000008004658                CAN_RX1_IRQHandler
                0x0000000008004658                DMA2_Channel1_IRQHandler
                0x0000000008004658                I2C1_EV_IRQHandler
                0x0000000008004658                DMA1_Channel6_IRQHandler
                0x0000000008004658                UART4_IRQHandler
                0x0000000008004658                TIM3_IRQHandler
                0x0000000008004658                RCC_IRQHandler
                0x0000000008004658                TIM1_TRG_COM_IRQHandler
                0x0000000008004658                DMA1_Channel1_IRQHandler
                0x0000000008004658                Default_Handler
                0x0000000008004658                EXTI15_10_IRQHandler
                0x0000000008004658                TIM7_IRQHandler
                0x0000000008004658                TIM5_IRQHandler
                0x0000000008004658                EXTI9_5_IRQHandler
                0x0000000008004658                SPI2_IRQHandler
                0x0000000008004658                USB_LP_CAN_RX0_IRQHandler
                0x0000000008004658                MemManage_Handler
                0x0000000008004658                SVC_Handler
                0x0000000008004658                DMA1_Channel5_IRQHandler
                0x0000000008004658                EXTI4_IRQHandler
                0x0000000008004658                DMA1_Channel3_IRQHandler
                0x0000000008004658                FSMC_IRQHandler
                0x0000000008004658                TIM1_UP_IRQHandler
                0x0000000008004658                WWDG_IRQHandler
                0x0000000008004658                TIM2_IRQHandler
                0x0000000008004658                TIM1_BRK_IRQHandler
                0x0000000008004658                EXTI1_IRQHandler
                0x0000000008004658                RTCAlarm_IRQHandler
                0x0000000008004658                DMA2_Channel4_5_IRQHandler
                0x0000000008004658                USART2_IRQHandler
                0x0000000008004658                I2C2_ER_IRQHandler
                0x0000000008004658                DMA1_Channel2_IRQHandler
                0x0000000008004658                TIM8_BRK_IRQHandler
                0x0000000008004658                FLASH_IRQHandler
                0x0000000008004658                BusFault_Handler
                0x0000000008004658                SPI3_IRQHandler
                0x0000000008004658                I2C1_ER_IRQHandler
                0x0000000008004658                DMA2_Channel3_IRQHandler
 *fill*         0x000000000800465a        0x2 
 .text.__libc_init_array
                0x000000000800465c       0x48 C:/ST/STM32CubeIDE_1.13.2/STM32CubeIDE/plugins/com.st.stm32cube.ide.mcu.externaltools.gnu-tools-for-stm32.11.3.rel1.win32_1.1.1.202309131626/tools/bin/../lib/gcc/arm-none-eabi/11.3.1/../../../../arm-none-eabi/lib/thumb/v7-m/nofp\libc_nano.a(libc_a-init.o)
                0x000000000800465c                __libc_init_array
 *(.glue_7)
 .glue_7        0x00000000080046a4        0x0 linker stubs
 *(.glue_7t)
 .glue_7t       0x00000000080046a4        0x0 linker stubs
 *(.eh_frame)
 .eh_frame      0x00000000080046a4        0x0 C:/ST/STM32CubeIDE_1.13.2/STM32CubeIDE/plugins/com.st.stm32cube.ide.mcu.externaltools.gnu-tools-for-stm32.11.3.rel1.win32_1.1.1.202309131626/tools/bin/../lib/gcc/arm-none-eabi/11.3.1/thumb/v7-m/nofp/crtbegin.o
 *(.init)
 .init          0x00000000080046a4        0x4 C:/ST/STM32CubeIDE_1.13.2/STM32CubeIDE/plugins/com.st.stm32cube.ide.mcu.externaltools.gnu-tools-for-stm32.11.3.rel1.win32_1.1.1.202309131626/tools/bin/../lib/gcc/arm-none-eabi/11.3.1/thumb/v7-m/nofp/crti.o
                0x00000000080046a4                _init
 .init          0x00000000080046a8        0x8 C:/ST/STM32CubeIDE_1.13.2/STM32CubeIDE/plugins/com.st.stm32cube.ide.mcu.externaltools.gnu-tools-for-stm32.11.3.rel1.win32_1.1.1.202309131626/tools/bin/../lib/gcc/arm-none-eabi/11.3.1/thumb/v7-m/nofp/crtn.o
 *(.fini)
 .fini          0x00000000080046b0        0x4 C:/ST/STM32CubeIDE_1.13.2/STM32CubeIDE/plugins/com.st.stm32cube.ide.mcu.externaltools.gnu-tools-for-stm32.11.3.rel1.win32_1.1.1.202309131626/tools/bin/../lib/gcc/arm-none-eabi/11.3.1/thumb/v7-m/nofp/crti.o
                0x00000000080046b0                _fini
 .fini          0x00000000080046b4        0x8 C:/ST/STM32CubeIDE_1.13.2/STM32CubeIDE/plugins/com.st.stm32cube.ide.mcu.externaltools.gnu-tools-for-stm32.11.3.rel1.win32_1.1.1.202309131626/tools/bin/../lib/gcc/arm-none-eabi/11.3.1/thumb/v7-m/nofp/crtn.o
                0x00000000080046bc                . = ALIGN (0x4)
                0x00000000080046bc                _etext = .

.vfp11_veneer   0x00000000080046bc        0x0
 .vfp11_veneer  0x00000000080046bc        0x0 linker stubs

.v4_bx          0x00000000080046bc        0x0
 .v4_bx         0x00000000080046bc        0x0 linker stubs

.iplt           0x00000000080046bc        0x0
 .iplt          0x00000000080046bc        0x0 C:/ST/STM32CubeIDE_1.13.2/STM32CubeIDE/plugins/com.st.stm32cube.ide.mcu.externaltools.gnu-tools-for-stm32.11.3.rel1.win32_1.1.1.202309131626/tools/bin/../lib/gcc/arm-none-eabi/11.3.1/thumb/v7-m/nofp/crtbegin.o

.rodata         0x00000000080046bc        0x4
                0x00000000080046bc                . = ALIGN (0x4)
 *(.rodata)
 .rodata        0x00000000080046bc        0x3 ./Src/main.o
 *(.rodata*)
                0x00000000080046c0                . = ALIGN (0x4)
 *fill*         0x00000000080046bf        0x1 

.rel.dyn        0x00000000080046c0        0x0
 .rel.iplt      0x00000000080046c0        0x0 C:/ST/STM32CubeIDE_1.13.2/STM32CubeIDE/plugins/com.st.stm32cube.ide.mcu.externaltools.gnu-tools-for-stm32.11.3.rel1.win32_1.1.1.202309131626/tools/bin/../lib/gcc/arm-none-eabi/11.3.1/thumb/v7-m/nofp/crtbegin.o

.ARM.extab      0x00000000080046c0        0x0
                0x00000000080046c0                . = ALIGN (0x4)
 *(.ARM.extab* .gnu.linkonce.armextab.*)
                0x00000000080046c0                . = ALIGN (0x4)

.ARM            0x00000000080046c0        0x0
                0x00000000080046c0                . = ALIGN (0x4)
                0x00000000080046c0                __exidx_start = .
 *(.ARM.exidx*)
                0x00000000080046c0                __exidx_end = .
                0x00000000080046c0                . = ALIGN (0x4)

.preinit_array  0x00000000080046c0        0x0
                0x00000000080046c0                . = ALIGN (0x4)
                0x00000000080046c0                PROVIDE (__preinit_array_start = .)
 *(.preinit_array*)
                0x00000000080046c0                PROVIDE (__preinit_array_end = .)
                0x00000000080046c0                . = ALIGN (0x4)

.init_array     0x00000000080046c0        0x4
                0x00000000080046c0                . = ALIGN (0x4)
                0x00000000080046c0                PROVIDE (__init_array_start = .)
 *(SORT_BY_NAME(.init_array.*))
 *(.init_array*)
 .init_array    0x00000000080046c0        0x4 C:/ST/STM32CubeIDE_1.13.2/STM32CubeIDE/plugins/com.st.stm32cube.ide.mcu.externaltools.gnu-tools-for-stm32.11.3.rel1.win32_1.1.1.202309131626/tools/bin/../lib/gcc/arm-none-eabi/11.3.1/thumb/v7-m/nofp/crtbegin.o
                0x00000000080046c4                PROVIDE (__init_array_end = .)
                0x00000000080046c4                . = ALIGN (0x4)

.fini_array     0x00000000080046c4        0x4
                0x00000000080046c4                . = ALIGN (0x4)
                [!provide]                        PROVIDE (__fini_array_start = .)
 *(SORT_BY_NAME(.fini_array.*))
 *(.fini_array*)
 .fini_array    0x00000000080046c4        0x4 C:/ST/STM32CubeIDE_1.13.2/STM32CubeIDE/plugins/com.st.stm32cube.ide.mcu.externaltools.gnu-tools-for-stm32.11.3.rel1.win32_1.1.1.202309131626/tools/bin/../lib/gcc/arm-none-eabi/11.3.1/thumb/v7-m/nofp/crtbegin.o
                [!provide]                        PROVIDE (__fini_array_end = .)
                0x00000000080046c8                . = ALIGN (0x4)
                0x00000000080046c8                _sidata = LOADADDR (.data)

.data           0x0000000020000000        0x8 load address 0x00000000080046c8
                0x0000000020000000                . = ALIGN (0x4)
                0x0000000020000000                _sdata = .
 *(.data)
 *(.data*)
 .data.APARES_u8Address
                0x0000000020000000        0x4 ./Src/APARES.o
                0x0000000020000000                APARES_u8Address
 .data.APP1_u8BLWriteReq
                0x0000000020000004        0x1 ./Src/main.o
                0x0000000020000004                APP1_u8BLWriteReq
 *(.RamFunc)
 *(.RamFunc*)
                0x0000000020000008                . = ALIGN (0x4)
 *fill*         0x0000000020000005        0x3 
                0x0000000020000008                _edata = .

.igot.plt       0x0000000020000008        0x0 load address 0x00000000080046d0
 .igot.plt      0x0000000020000008        0x0 C:/ST/STM32CubeIDE_1.13.2/STM32CubeIDE/plugins/com.st.stm32cube.ide.mcu.externaltools.gnu-tools-for-stm32.11.3.rel1.win32_1.1.1.202309131626/tools/bin/../lib/gcc/arm-none-eabi/11.3.1/thumb/v7-m/nofp/crtbegin.o
                0x0000000020000008                . = ALIGN (0x4)

.bss            0x0000000020000008      0x160 load address 0x00000000080046d0
                0x0000000020000008                _sbss = .
                0x0000000020000008                __bss_start__ = _sbss
 *(.bss)
 .bss           0x0000000020000008       0x1c C:/ST/STM32CubeIDE_1.13.2/STM32CubeIDE/plugins/com.st.stm32cube.ide.mcu.externaltools.gnu-tools-for-stm32.11.3.rel1.win32_1.1.1.202309131626/tools/bin/../lib/gcc/arm-none-eabi/11.3.1/thumb/v7-m/nofp/crtbegin.o
 *(.bss*)
 .bss.APARES_u8EndMSG
                0x0000000020000024        0x1 ./Src/APARES.o
                0x0000000020000024                APARES_u8EndMSG
 *fill*         0x0000000020000025        0x3 
 .bss.APARES_arru16Data
                0x0000000020000028       0xc8 ./Src/APARES.o
                0x0000000020000028                APARES_arru16Data
 .bss.MRCC_u8PllCk
                0x00000000200000f0        0x1 ./Src/MRCC_program.o
 *fill*         0x00000000200000f1        0x3 
 .bss.MSYSTICK_pvoidfUserFunctionSysTick
                0x00000000200000f4        0x4 ./Src/MSYSTICK_program.o
 .bss.MSYSTICK_u8SelectISR
                0x00000000200000f8        0x1 ./Src/MSYSTICK_program.o
 *fill*         0x00000000200000f9        0x3 
 .bss.MUSART1_pvoidfUserFunctionResive
                0x00000000200000fc        0x4 ./Src/USART_program.o
 .bss.MUSART1_u8RecBuffer
                0x0000000020000100       0x64 ./Src/USART_program.o
                0x0000000020000100                MUSART1_u8RecBuffer
 .bss.MUSART1_RecCounter
                0x0000000020000164        0x1 ./Src/USART_program.o
                0x0000000020000164                MUSART1_RecCounter
 *(COMMON)
                0x0000000020000168                . = ALIGN (0x4)
 *fill*         0x0000000020000165        0x3 
                0x0000000020000168                _ebss = .
                0x0000000020000168                __bss_end__ = _ebss

._user_heap_stack
                0x0000000020000168      0x600 load address 0x00000000080046d0
                0x0000000020000168                . = ALIGN (0x8)
                [!provide]                        PROVIDE (end = .)
                0x0000000020000168                PROVIDE (_end = .)
                0x0000000020000368                . = (. + _Min_Heap_Size)
 *fill*         0x0000000020000168      0x200 
                0x0000000020000768                . = (. + _Min_Stack_Size)
 *fill*         0x0000000020000368      0x400 
                0x0000000020000768                . = ALIGN (0x8)

/DISCARD/
 libc.a(*)
 libm.a(*)
 libgcc.a(*)

.ARM.attributes
                0x0000000000000000       0x29
 *(.ARM.attributes)
 .ARM.attributes
                0x0000000000000000       0x1d C:/ST/STM32CubeIDE_1.13.2/STM32CubeIDE/plugins/com.st.stm32cube.ide.mcu.externaltools.gnu-tools-for-stm32.11.3.rel1.win32_1.1.1.202309131626/tools/bin/../lib/gcc/arm-none-eabi/11.3.1/thumb/v7-m/nofp/crti.o
 .ARM.attributes
                0x000000000000001d       0x2d C:/ST/STM32CubeIDE_1.13.2/STM32CubeIDE/plugins/com.st.stm32cube.ide.mcu.externaltools.gnu-tools-for-stm32.11.3.rel1.win32_1.1.1.202309131626/tools/bin/../lib/gcc/arm-none-eabi/11.3.1/thumb/v7-m/nofp/crtbegin.o
 .ARM.attributes
                0x000000000000004a       0x2d ./Src/APARES.o
 .ARM.attributes
                0x0000000000000077       0x2d ./Src/MFLASH_program.o
 .ARM.attributes
                0x00000000000000a4       0x2d ./Src/MGPIO_program.o
 .ARM.attributes
                0x00000000000000d1       0x2d ./Src/MNVIC_program.o
 .ARM.attributes
                0x00000000000000fe       0x2d ./Src/MRCC_program.o
 .ARM.attributes
                0x000000000000012b       0x2d ./Src/MSYSTICK_program.o
 .ARM.attributes
                0x0000000000000158       0x2d ./Src/USART_program.o
 .ARM.attributes
                0x0000000000000185       0x2d ./Src/main.o
 .ARM.attributes
                0x00000000000001b2       0x21 ./Startup/startup_stm32f103c8tx.o
 .ARM.attributes
                0x00000000000001d3       0x2d C:/ST/STM32CubeIDE_1.13.2/STM32CubeIDE/plugins/com.st.stm32cube.ide.mcu.externaltools.gnu-tools-for-stm32.11.3.rel1.win32_1.1.1.202309131626/tools/bin/../lib/gcc/arm-none-eabi/11.3.1/../../../../arm-none-eabi/lib/thumb/v7-m/nofp\libc_nano.a(libc_a-init.o)
 .ARM.attributes
                0x0000000000000200       0x1d C:/ST/STM32CubeIDE_1.13.2/STM32CubeIDE/plugins/com.st.stm32cube.ide.mcu.externaltools.gnu-tools-for-stm32.11.3.rel1.win32_1.1.1.202309131626/tools/bin/../lib/gcc/arm-none-eabi/11.3.1/thumb/v7-m/nofp/crtn.o
OUTPUT(Application1.elf elf32-littlearm)
LOAD linker stubs
LOAD C:/ST/STM32CubeIDE_1.13.2/STM32CubeIDE/plugins/com.st.stm32cube.ide.mcu.externaltools.gnu-tools-for-stm32.11.3.rel1.win32_1.1.1.202309131626/tools/bin/../lib/gcc/arm-none-eabi/11.3.1/../../../../arm-none-eabi/lib/thumb/v7-m/nofp\libc.a
LOAD C:/ST/STM32CubeIDE_1.13.2/STM32CubeIDE/plugins/com.st.stm32cube.ide.mcu.externaltools.gnu-tools-for-stm32.11.3.rel1.win32_1.1.1.202309131626/tools/bin/../lib/gcc/arm-none-eabi/11.3.1/../../../../arm-none-eabi/lib/thumb/v7-m/nofp\libm.a
LOAD C:/ST/STM32CubeIDE_1.13.2/STM32CubeIDE/plugins/com.st.stm32cube.ide.mcu.externaltools.gnu-tools-for-stm32.11.3.rel1.win32_1.1.1.202309131626/tools/bin/../lib/gcc/arm-none-eabi/11.3.1/thumb/v7-m/nofp\libgcc.a

.comment        0x0000000000000000       0x43
 .comment       0x0000000000000000       0x43 C:/ST/STM32CubeIDE_1.13.2/STM32CubeIDE/plugins/com.st.stm32cube.ide.mcu.externaltools.gnu-tools-for-stm32.11.3.rel1.win32_1.1.1.202309131626/tools/bin/../lib/gcc/arm-none-eabi/11.3.1/thumb/v7-m/nofp/crtbegin.o
                                         0x44 (size before relaxing)
 .comment       0x0000000000000043       0x44 ./Src/APARES.o
 .comment       0x0000000000000043       0x44 ./Src/MFLASH_program.o
 .comment       0x0000000000000043       0x44 ./Src/MGPIO_program.o
 .comment       0x0000000000000043       0x44 ./Src/MNVIC_program.o
 .comment       0x0000000000000043       0x44 ./Src/MRCC_program.o
 .comment       0x0000000000000043       0x44 ./Src/MSYSTICK_program.o
 .comment       0x0000000000000043       0x44 ./Src/USART_program.o
 .comment       0x0000000000000043       0x44 ./Src/main.o

.debug_info     0x0000000000000000     0x2318
 .debug_info    0x0000000000000000      0x2a7 ./Src/APARES.o
 .debug_info    0x00000000000002a7      0x302 ./Src/MFLASH_program.o
 .debug_info    0x00000000000005a9      0x454 ./Src/MGPIO_program.o
 .debug_info    0x00000000000009fd      0x689 ./Src/MNVIC_program.o
 .debug_info    0x0000000000001086      0x4ac ./Src/MRCC_program.o
 .debug_info    0x0000000000001532      0x322 ./Src/MSYSTICK_program.o
 .debug_info    0x0000000000001854      0x29b ./Src/USART_program.o
 .debug_info    0x0000000000001aef      0x806 ./Src/main.o
 .debug_info    0x00000000000022f5       0x23 ./Startup/startup_stm32f103c8tx.o

.debug_abbrev   0x0000000000000000      0xa22
 .debug_abbrev  0x0000000000000000      0x14e ./Src/APARES.o
 .debug_abbrev  0x000000000000014e      0x16b ./Src/MFLASH_program.o
 .debug_abbrev  0x00000000000002b9      0x11a ./Src/MGPIO_program.o
 .debug_abbrev  0x00000000000003d3      0x153 ./Src/MNVIC_program.o
 .debug_abbrev  0x0000000000000526       0xcc ./Src/MRCC_program.o
 .debug_abbrev  0x00000000000005f2      0x12f ./Src/MSYSTICK_program.o
 .debug_abbrev  0x0000000000000721      0x18b ./Src/USART_program.o
 .debug_abbrev  0x00000000000008ac      0x164 ./Src/main.o
 .debug_abbrev  0x0000000000000a10       0x12 ./Startup/startup_stm32f103c8tx.o

.debug_aranges  0x0000000000000000      0x290
 .debug_aranges
                0x0000000000000000       0x38 ./Src/APARES.o
 .debug_aranges
                0x0000000000000038       0x68 ./Src/MFLASH_program.o
 .debug_aranges
                0x00000000000000a0       0x48 ./Src/MGPIO_program.o
 .debug_aranges
                0x00000000000000e8       0x58 ./Src/MNVIC_program.o
 .debug_aranges
                0x0000000000000140       0x38 ./Src/MRCC_program.o
 .debug_aranges
                0x0000000000000178       0x78 ./Src/MSYSTICK_program.o
 .debug_aranges
                0x00000000000001f0       0x50 ./Src/USART_program.o
 .debug_aranges
                0x0000000000000240       0x28 ./Src/main.o
 .debug_aranges
                0x0000000000000268       0x28 ./Startup/startup_stm32f103c8tx.o

.debug_rnglists
                0x0000000000000000      0x1ce
 .debug_rnglists
                0x0000000000000000       0x26 ./Src/APARES.o
 .debug_rnglists
                0x0000000000000026       0x4c ./Src/MFLASH_program.o
 .debug_rnglists
                0x0000000000000072       0x36 ./Src/MGPIO_program.o
 .debug_rnglists
                0x00000000000000a8       0x3e ./Src/MNVIC_program.o
 .debug_rnglists
                0x00000000000000e6       0x29 ./Src/MRCC_program.o
 .debug_rnglists
                0x000000000000010f       0x55 ./Src/MSYSTICK_program.o
 .debug_rnglists
                0x0000000000000164       0x37 ./Src/USART_program.o
 .debug_rnglists
                0x000000000000019b       0x1a ./Src/main.o
 .debug_rnglists
                0x00000000000001b5       0x19 ./Startup/startup_stm32f103c8tx.o

.debug_macro    0x0000000000000000      0xf80
 .debug_macro   0x0000000000000000       0x24 ./Src/APARES.o
 .debug_macro   0x0000000000000024      0xaa2 ./Src/APARES.o
 .debug_macro   0x0000000000000ac6       0x10 ./Src/APARES.o
 .debug_macro   0x0000000000000ad6       0x37 ./Src/MFLASH_program.o
 .debug_macro   0x0000000000000b0d       0xa0 ./Src/MFLASH_program.o
 .debug_macro   0x0000000000000bad       0x37 ./Src/MGPIO_program.o
 .debug_macro   0x0000000000000be4      0x118 ./Src/MGPIO_program.o
 .debug_macro   0x0000000000000cfc       0x2c ./Src/MNVIC_program.o
 .debug_macro   0x0000000000000d28       0x28 ./Src/MNVIC_program.o
 .debug_macro   0x0000000000000d50       0x1c ./Src/MNVIC_program.o
 .debug_macro   0x0000000000000d6c       0x37 ./Src/MRCC_program.o
 .debug_macro   0x0000000000000da3       0xdc ./Src/MRCC_program.o
 .debug_macro   0x0000000000000e7f       0x37 ./Src/MSYSTICK_program.o
 .debug_macro   0x0000000000000eb6       0x2e ./Src/MSYSTICK_program.o
 .debug_macro   0x0000000000000ee4       0x37 ./Src/USART_program.o
 .debug_macro   0x0000000000000f1b       0x10 ./Src/USART_program.o
 .debug_macro   0x0000000000000f2b       0x55 ./Src/main.o

.debug_line     0x0000000000000000     0x172c
 .debug_line    0x0000000000000000      0x1f9 ./Src/APARES.o
 .debug_line    0x00000000000001f9      0x363 ./Src/MFLASH_program.o
 .debug_line    0x000000000000055c      0x5f1 ./Src/MGPIO_program.o
 .debug_line    0x0000000000000b4d      0x276 ./Src/MNVIC_program.o
 .debug_line    0x0000000000000dc3      0x378 ./Src/MRCC_program.o
 .debug_line    0x000000000000113b      0x27e ./Src/MSYSTICK_program.o
 .debug_line    0x00000000000013b9      0x1c5 ./Src/USART_program.o
 .debug_line    0x000000000000157e      0x133 ./Src/main.o
 .debug_line    0x00000000000016b1       0x7b ./Startup/startup_stm32f103c8tx.o

.debug_str      0x0000000000000000     0x511f
 .debug_str     0x0000000000000000     0x2f8d ./Src/APARES.o
                                       0x3011 (size before relaxing)
 .debug_str     0x0000000000002f8d      0x375 ./Src/MFLASH_program.o
                                       0x3253 (size before relaxing)
 .debug_str     0x0000000000003302      0xac8 ./Src/MGPIO_program.o
                                       0x3977 (size before relaxing)
 .debug_str     0x0000000000003dca      0x5a8 ./Src/MNVIC_program.o
                                       0x345f (size before relaxing)
 .debug_str     0x0000000000004372      0x89c ./Src/MRCC_program.o
                                       0x374b (size before relaxing)
 .debug_str     0x0000000000004c0e      0x302 ./Src/MSYSTICK_program.o
                                       0x31b1 (size before relaxing)
 .debug_str     0x0000000000004f10      0x194 ./Src/USART_program.o
                                       0x3050 (size before relaxing)
 .debug_str     0x00000000000050a4       0x4c ./Src/main.o
                                       0x39b9 (size before relaxing)
 .debug_str     0x00000000000050f0       0x2f ./Startup/startup_stm32f103c8tx.o
                                         0x6f (size before relaxing)

.debug_frame    0x0000000000000000      0x858
 .debug_frame   0x0000000000000000       0xa8 ./Src/APARES.o
 .debug_frame   0x00000000000000a8      0x174 ./Src/MFLASH_program.o
 .debug_frame   0x000000000000021c      0x100 ./Src/MGPIO_program.o
 .debug_frame   0x000000000000031c      0x140 ./Src/MNVIC_program.o
 .debug_frame   0x000000000000045c       0xb4 ./Src/MRCC_program.o
 .debug_frame   0x0000000000000510      0x1c4 ./Src/MSYSTICK_program.o
 .debug_frame   0x00000000000006d4      0x104 ./Src/USART_program.o
 .debug_frame   0x00000000000007d8       0x54 ./Src/main.o
 .debug_frame   0x000000000000082c       0x2c C:/ST/STM32CubeIDE_1.13.2/STM32CubeIDE/plugins/com.st.stm32cube.ide.mcu.externaltools.gnu-tools-for-stm32.11.3.rel1.win32_1.1.1.202309131626/tools/bin/../lib/gcc/arm-none-eabi/11.3.1/../../../../arm-none-eabi/lib/thumb/v7-m/nofp\libc_nano.a(libc_a-init.o)

.debug_line_str
                0x0000000000000000       0x63
 .debug_line_str
                0x0000000000000000       0x63 ./Startup/startup_stm32f103c8tx.o
                                         0x7b (size before relaxing)
