../Src/MUART_program.c:19:6:MUART_voidInit	48	static
../Src/MUART_program.c:35:6:MUART_voidTransimit	24	static
../Src/MUART_program.c:45:4:MUART_u8RXNEFlag	24	static
../Src/MUART_program.c:55:4:MUART_u8TCFlag	24	static
../Src/MUART_program.c:64:5:MUART_u16GetData	24	static
../Src/MUART_program.c:75:5:MUART_u8ReceivePolling	24	static
../Src/MUART_program.c:88:6:MUART_voidSetCallBack	16	static
../Src/MUART_program.c:96:6:MUART_voidInterruptEnable	24	static
../Src/MUART_program.c:106:5:MUART_u8GetInterruptConfig	24	static
../Src/MUART_program.c:115:6:MUART_voidInterruptDisable	24	static
../Src/MUART_program.c:126:17:GetUsartPointer	24	static
../Src/MUART_program.c:151:6:USART1_IRQHandler	8	static
../Src/MUART_program.c:159:6:USART2_IRQHandler	8	static
