../Src/SWIFI_program.c:126:14:SWIFI_errTurnOn	24	static
../Src/SWIFI_program.c:154:14:SWIFI_errConnectSSID	24	static
../Src/SWIFI_program.c:172:14:SWIFI_errGetConnectedSSID	24	static
../Src/SWIFI_program.c:183:14:SWIFI_errDisconnectSSID	16	static
../Src/SWIFI_program.c:194:14:SWIFI_errConfigSoftAP	32	static
../Src/SWIFI_program.c:216:14:SWIFI_errCreateTCPServer	24	static
../Src/SWIFI_program.c:230:14:SWIFI_errConnectTCP	32	static
../Src/SWIFI_program.c:251:14:SWIFI_errDisconnectTCP	24	static
../Src/SWIFI_program.c:268:14:SWIFI_errSendDataTCP	24	static
../Src/SWIFI_program.c:295:6:SWIFI_errStartCommunicationHandler	8	static
../Src/SWIFI_program.c:300:14:SWIFI_errSetCaptureKeys	24	static
../Src/SWIFI_program.c:311:6:SWIFI_voidSetConnectionFailHandler	16	static
../Src/SWIFI_program.c:319:13:SWIFI_voidKeysCapture	24	static
../Src/SWIFI_program.c:349:13:SWIFI_voidIPDHandler	8	static
../Src/SWIFI_program.c:355:13:SWIFI_voidMessageCapture	16	static
../Src/SWIFI_program.c:422:13:SWIFI_voidCommunicationHandler	32	static
../Src/SWIFI_program.c:439:15:CreateMsg	24	static
../Src/SWIFI_program.c:455:6:DeleteMsg	16	static
../Src/SWIFI_program.c:463:13:Systemhandel_voidConnectedNotify	16	static
../Src/SWIFI_program.c:481:13:Systemhandel_voidClosedNotify	16	static
../Src/SWIFI_program.c:496:13:Systemhandel_voidConnectionFail	8	static
../Src/SWIFI_program.c:505:6:Systemhandel_voidBusyNotify	16	static
